2025-06-18 16:11:15,301 - ingest_all_sources - INFO - ============================================================
2025-06-18 16:11:15,301 - ingest_all_sources - INFO - STARTING UNIFIED DATA INGESTION
2025-06-18 16:11:15,301 - ingest_all_sources - INFO - Start time: 2025-06-18 16:11:15.301495
2025-06-18 16:11:15,302 - ingest_all_sources - INFO - ============================================================
2025-06-18 16:11:15,302 - ingest_all_sources - INFO - Reading configuration...
2025-06-18 16:11:15,302 - ingest_all_sources - INFO - Environment debugging:
2025-06-18 16:11:15,302 - ingest_all_sources - INFO -   Current working directory: X:\Coding Junk\Work\Upwork\Anthony Arbaiza - Existing Code modification\environmental-sensor-poc
2025-06-18 16:11:15,303 - ingest_all_sources - INFO -   .env file exists: True
2025-06-18 16:11:15,303 - ingest_all_sources - INFO -   .env file has 15 lines
2025-06-18 16:11:15,303 - ingest_all_sources - INFO -     DAYS_BACK=1095
2025-06-18 16:11:15,303 - ingest_all_sources - INFO -     TESTING=False
2025-06-18 16:11:15,303 - ingest_all_sources - INFO -     CATS_USER_ID=2496
2025-06-18 16:11:15,304 - ingest_all_sources - INFO -     
2025-06-18 16:11:15,304 - ingest_all_sources - INFO - Configuration:
2025-06-18 16:11:15,304 - ingest_all_sources - INFO -   CATS_USER_ID: 2496
2025-06-18 16:11:15,304 - ingest_all_sources - INFO -   CONSERV_ENABLED: True
2025-06-18 16:11:15,305 - ingest_all_sources - INFO -   TESTING: False
2025-06-18 16:11:15,305 - ingest_all_sources - INFO -   RUN_WINDOW_HOURS: 24
2025-06-18 16:11:15,305 - ingest_all_sources - INFO -   Conserv API keys found for customers: [1545, 333, 307, 2671, 1696]
2025-06-18 16:11:15,305 - ingest_all_sources - INFO - Conserv integration active with 5 customers
2025-06-18 16:11:15,305 - ingest_all_sources - INFO - Initializing EnvironmentData...
2025-06-18 16:11:15,319 - EnvironmentData - INFO - Initialized Conserv client with 5 customers
2025-06-18 16:11:15,321 - EnvironmentData - INFO - Conserv API client initialized with 5 customers
2025-06-18 16:11:15,321 - ingest_all_sources - INFO - EnvironmentData initialized successfully
2025-06-18 16:11:15,321 - ingest_all_sources - INFO -   Conserv enabled: True
2025-06-18 16:11:15,322 - ingest_all_sources - INFO -   Conserv customers: 5
2025-06-18 16:11:15,322 - ingest_all_sources - INFO -   Cron status: initialized
2025-06-18 16:11:15,322 - ingest_all_sources - INFO - Pulling current readings from all sources...
2025-06-18 16:11:15,322 - EnvironmentData - INFO - get_current_readings: 1750252275
2025-06-18 16:11:15,323 - EnvironmentData - INFO - get_sensors
2025-06-18 16:11:15,323 - EnvironmentData - INFO - API call: https://cats.corismonitoring.com/api/cats/user/?ApiKey=XXXX&CatsUserID=XXXX
2025-06-18 16:11:17,259 - EnvironmentData - INFO - get_sensors validation: correct column data types.
2025-06-18 16:11:17,260 - EnvironmentData - INFO - get_sensors validation: at least one non-null value in readings.
2025-06-18 16:11:17,261 - EnvironmentData - INFO - get_sensors validation: no duplicated SensorReadingUTC per SensorID_Coris.
2025-06-18 16:11:17,262 - EnvironmentData - INFO - get_sensors validation: one SensorName per SensorID_Coris.
2025-06-18 16:11:17,268 - EnvironmentData - INFO - get_current_readings_coris validation: correct column data types.
2025-06-18 16:11:17,268 - EnvironmentData - INFO - get_current_readings_coris validation: at least one non-null value in readings.
2025-06-18 16:11:17,268 - EnvironmentData - INFO - get_current_readings_coris validation: SensorReadingUTC columns close to QueryUTC.
2025-06-18 16:11:17,269 - EnvironmentData - INFO - get_current_readings_coris validation: no duplicated SensorReadingUTC per SensorID_Coris.
2025-06-18 16:11:17,270 - EnvironmentData - INFO - get_current_readings_coris validation: one SensorName per SensorID_Coris.
2025-06-18 16:11:17,273 - EnvironmentData-Errors - ERROR - get_current_readings_coris validation errors : SensorReadingUTC differs from UTC: UTC: 1750252275, maximum absolute difference (minutes): 8e+05.

2025-06-18 16:11:17,275 - EnvironmentData - ERROR - get_current_readings_coris validation errors : SensorReadingUTC differs from UTC: UTC: 1750252275, maximum absolute difference (minutes): 8e+05.

2025-06-18 16:11:17,277 - EnvironmentData - INFO - Fetching current Conserv data for all customers
2025-06-18 16:11:17,278 - EnvironmentData - INFO - Fetching Conserv data for period: 1750165875 to 1750252275
2025-06-18 16:11:17,278 - EnvironmentData - INFO - Fetching data for customer 1545
2025-06-18 16:11:17,278 - EnvironmentData - INFO - Exporting chunk for customer 1545: 2025-06-17 13:11:15+00:00 to 2025-06-18 13:11:15+00:00
2025-06-18 16:11:17,278 - EnvironmentData - INFO - Starting export for customer 1545: 2025-06-17 13:11:15+00:00 to 2025-06-18 13:11:15+00:00
2025-06-18 16:11:17,279 - EnvironmentData - INFO - Conserv API POST https://api.conserv.io/v1/sensors/export headers={'x-api-key': 'XXXX', 'Content-Type': 'application/json'}
2025-06-18 16:11:17,725 - urllib3.connection - WARNING - Certificate did not match expected hostname: api.conserv.io. Certificate: {'subject': ((('commonName', '*.execute-api.us-east-1.amazonaws.com'),),), 'issuer': ((('countryName', 'US'),), (('organizationName', 'Amazon'),), (('commonName', 'Amazon RSA 2048 M03'),)), 'version': 3, 'serialNumber': '03CC5A98E4786D36F24CA5E1158E1EA3', 'notBefore': 'Mar 22 00:00:00 2025 GMT', 'notAfter': 'Apr 19 23:59:59 2026 GMT', 'subjectAltName': (('DNS', '*.execute-api.us-east-1.amazonaws.com'),), 'OCSP': ('http://ocsp.r2m03.amazontrust.com',), 'caIssuers': ('http://crt.r2m03.amazontrust.com/r2m03.cer',), 'crlDistributionPoints': ('http://crl.r2m03.amazontrust.com/r2m03.crl',)}
2025-06-18 16:11:17,727 - EnvironmentData - WARNING - SSL certificate issue, retrying without verification: HTTPSConnectionPool(host='api.conserv.io', port=443): Max retries exceeded with url: /v1/sensors/export (Caused by SSLError(CertificateError("hostname 'api.conserv.io' doesn't match '*.execute-api.us-east-1.amazonaws.com'")))
2025-06-18 16:11:18,331 - EnvironmentData - ERROR - Conserv API request failed even without SSL verification: 400 Client Error: Bad Request for url: https://api.conserv.io/v1/sensors/export
2025-06-18 16:11:18,331 - EnvironmentData - ERROR - Export failed for customer 1545: 400 Client Error: Bad Request for url: https://api.conserv.io/v1/sensors/export
2025-06-18 16:11:18,337 - EnvironmentData - INFO - No data available for customer 1545
2025-06-18 16:11:18,338 - EnvironmentData - INFO - Fetching data for customer 333
2025-06-18 16:11:18,338 - EnvironmentData - INFO - Exporting chunk for customer 333: 2025-06-17 13:11:15+00:00 to 2025-06-18 13:11:15+00:00
2025-06-18 16:11:18,338 - EnvironmentData - INFO - Starting export for customer 333: 2025-06-17 13:11:15+00:00 to 2025-06-18 13:11:15+00:00
2025-06-18 16:11:18,339 - EnvironmentData - INFO - Conserv API POST https://api.conserv.io/v1/sensors/export headers={'x-api-key': 'XXXX', 'Content-Type': 'application/json'}
2025-06-18 16:11:18,658 - urllib3.connection - WARNING - Certificate did not match expected hostname: api.conserv.io. Certificate: {'subject': ((('commonName', '*.execute-api.us-east-1.amazonaws.com'),),), 'issuer': ((('countryName', 'US'),), (('organizationName', 'Amazon'),), (('commonName', 'Amazon RSA 2048 M03'),)), 'version': 3, 'serialNumber': '03CC5A98E4786D36F24CA5E1158E1EA3', 'notBefore': 'Mar 22 00:00:00 2025 GMT', 'notAfter': 'Apr 19 23:59:59 2026 GMT', 'subjectAltName': (('DNS', '*.execute-api.us-east-1.amazonaws.com'),), 'OCSP': ('http://ocsp.r2m03.amazontrust.com',), 'caIssuers': ('http://crt.r2m03.amazontrust.com/r2m03.cer',), 'crlDistributionPoints': ('http://crl.r2m03.amazontrust.com/r2m03.crl',)}
2025-06-18 16:11:18,661 - EnvironmentData - WARNING - SSL certificate issue, retrying without verification: HTTPSConnectionPool(host='api.conserv.io', port=443): Max retries exceeded with url: /v1/sensors/export (Caused by SSLError(CertificateError("hostname 'api.conserv.io' doesn't match '*.execute-api.us-east-1.amazonaws.com'")))
2025-06-18 16:11:19,173 - EnvironmentData - ERROR - Conserv API request failed even without SSL verification: 400 Client Error: Bad Request for url: https://api.conserv.io/v1/sensors/export
2025-06-18 16:11:19,174 - EnvironmentData - ERROR - Export failed for customer 333: 400 Client Error: Bad Request for url: https://api.conserv.io/v1/sensors/export
2025-06-18 16:11:19,180 - EnvironmentData - INFO - No data available for customer 333
2025-06-18 16:11:19,180 - EnvironmentData - INFO - Fetching data for customer 307
2025-06-18 16:11:19,181 - EnvironmentData - INFO - Exporting chunk for customer 307: 2025-06-17 13:11:15+00:00 to 2025-06-18 13:11:15+00:00
2025-06-18 16:11:19,181 - EnvironmentData - INFO - Starting export for customer 307: 2025-06-17 13:11:15+00:00 to 2025-06-18 13:11:15+00:00
2025-06-18 16:11:19,181 - EnvironmentData - INFO - Conserv API POST https://api.conserv.io/v1/sensors/export headers={'x-api-key': 'XXXX', 'Content-Type': 'application/json'}
2025-06-18 16:11:19,492 - urllib3.connection - WARNING - Certificate did not match expected hostname: api.conserv.io. Certificate: {'subject': ((('commonName', '*.execute-api.us-east-1.amazonaws.com'),),), 'issuer': ((('countryName', 'US'),), (('organizationName', 'Amazon'),), (('commonName', 'Amazon RSA 2048 M03'),)), 'version': 3, 'serialNumber': '03CC5A98E4786D36F24CA5E1158E1EA3', 'notBefore': 'Mar 22 00:00:00 2025 GMT', 'notAfter': 'Apr 19 23:59:59 2026 GMT', 'subjectAltName': (('DNS', '*.execute-api.us-east-1.amazonaws.com'),), 'OCSP': ('http://ocsp.r2m03.amazontrust.com',), 'caIssuers': ('http://crt.r2m03.amazontrust.com/r2m03.cer',), 'crlDistributionPoints': ('http://crl.r2m03.amazontrust.com/r2m03.crl',)}
2025-06-18 16:11:19,495 - EnvironmentData - WARNING - SSL certificate issue, retrying without verification: HTTPSConnectionPool(host='api.conserv.io', port=443): Max retries exceeded with url: /v1/sensors/export (Caused by SSLError(CertificateError("hostname 'api.conserv.io' doesn't match '*.execute-api.us-east-1.amazonaws.com'")))
2025-06-18 16:11:20,052 - EnvironmentData - ERROR - Conserv API request failed even without SSL verification: 400 Client Error: Bad Request for url: https://api.conserv.io/v1/sensors/export
2025-06-18 16:11:20,053 - EnvironmentData - ERROR - Export failed for customer 307: 400 Client Error: Bad Request for url: https://api.conserv.io/v1/sensors/export
2025-06-18 16:11:20,058 - EnvironmentData - INFO - No data available for customer 307
2025-06-18 16:11:20,059 - EnvironmentData - INFO - Fetching data for customer 2671
2025-06-18 16:11:20,059 - EnvironmentData - INFO - Exporting chunk for customer 2671: 2025-06-17 13:11:15+00:00 to 2025-06-18 13:11:15+00:00
2025-06-18 16:11:20,060 - EnvironmentData - INFO - Starting export for customer 2671: 2025-06-17 13:11:15+00:00 to 2025-06-18 13:11:15+00:00
2025-06-18 16:11:20,060 - EnvironmentData - INFO - Conserv API POST https://api.conserv.io/v1/sensors/export headers={'x-api-key': 'XXXX', 'Content-Type': 'application/json'}
2025-06-18 16:11:20,409 - urllib3.connection - WARNING - Certificate did not match expected hostname: api.conserv.io. Certificate: {'subject': ((('commonName', '*.execute-api.us-east-1.amazonaws.com'),),), 'issuer': ((('countryName', 'US'),), (('organizationName', 'Amazon'),), (('commonName', 'Amazon RSA 2048 M03'),)), 'version': 3, 'serialNumber': '03CC5A98E4786D36F24CA5E1158E1EA3', 'notBefore': 'Mar 22 00:00:00 2025 GMT', 'notAfter': 'Apr 19 23:59:59 2026 GMT', 'subjectAltName': (('DNS', '*.execute-api.us-east-1.amazonaws.com'),), 'OCSP': ('http://ocsp.r2m03.amazontrust.com',), 'caIssuers': ('http://crt.r2m03.amazontrust.com/r2m03.cer',), 'crlDistributionPoints': ('http://crl.r2m03.amazontrust.com/r2m03.crl',)}
2025-06-18 16:11:20,412 - EnvironmentData - WARNING - SSL certificate issue, retrying without verification: HTTPSConnectionPool(host='api.conserv.io', port=443): Max retries exceeded with url: /v1/sensors/export (Caused by SSLError(CertificateError("hostname 'api.conserv.io' doesn't match '*.execute-api.us-east-1.amazonaws.com'")))
2025-06-18 16:11:20,912 - EnvironmentData - ERROR - Conserv API request failed even without SSL verification: 400 Client Error: Bad Request for url: https://api.conserv.io/v1/sensors/export
2025-06-18 16:11:20,913 - EnvironmentData - ERROR - Export failed for customer 2671: 400 Client Error: Bad Request for url: https://api.conserv.io/v1/sensors/export
2025-06-18 16:11:20,916 - EnvironmentData - INFO - No data available for customer 2671
2025-06-18 16:11:20,917 - EnvironmentData - INFO - Fetching data for customer 1696
2025-06-18 16:11:20,917 - EnvironmentData - INFO - Exporting chunk for customer 1696: 2025-06-17 13:11:15+00:00 to 2025-06-18 13:11:15+00:00
2025-06-18 16:11:20,918 - EnvironmentData - INFO - Starting export for customer 1696: 2025-06-17 13:11:15+00:00 to 2025-06-18 13:11:15+00:00
2025-06-18 16:11:20,918 - EnvironmentData - INFO - Conserv API POST https://api.conserv.io/v1/sensors/export headers={'x-api-key': 'XXXX', 'Content-Type': 'application/json'}
2025-06-18 16:11:21,207 - urllib3.connection - WARNING - Certificate did not match expected hostname: api.conserv.io. Certificate: {'subject': ((('commonName', '*.execute-api.us-east-1.amazonaws.com'),),), 'issuer': ((('countryName', 'US'),), (('organizationName', 'Amazon'),), (('commonName', 'Amazon RSA 2048 M03'),)), 'version': 3, 'serialNumber': '03CC5A98E4786D36F24CA5E1158E1EA3', 'notBefore': 'Mar 22 00:00:00 2025 GMT', 'notAfter': 'Apr 19 23:59:59 2026 GMT', 'subjectAltName': (('DNS', '*.execute-api.us-east-1.amazonaws.com'),), 'OCSP': ('http://ocsp.r2m03.amazontrust.com',), 'caIssuers': ('http://crt.r2m03.amazontrust.com/r2m03.cer',), 'crlDistributionPoints': ('http://crl.r2m03.amazontrust.com/r2m03.crl',)}
2025-06-18 16:11:21,208 - EnvironmentData - WARNING - SSL certificate issue, retrying without verification: HTTPSConnectionPool(host='api.conserv.io', port=443): Max retries exceeded with url: /v1/sensors/export (Caused by SSLError(CertificateError("hostname 'api.conserv.io' doesn't match '*.execute-api.us-east-1.amazonaws.com'")))
2025-06-18 16:11:21,707 - EnvironmentData - ERROR - Conserv API request failed even without SSL verification: 400 Client Error: Bad Request for url: https://api.conserv.io/v1/sensors/export
2025-06-18 16:11:21,707 - EnvironmentData - ERROR - Export failed for customer 1696: 400 Client Error: Bad Request for url: https://api.conserv.io/v1/sensors/export
2025-06-18 16:11:21,714 - EnvironmentData - INFO - No data available for customer 1696
2025-06-18 16:11:21,714 - EnvironmentData - WARNING - No data retrieved from any customer
2025-06-18 16:11:21,714 - EnvironmentData - INFO - No current Conserv data available
2025-06-18 16:11:21,715 - EnvironmentData - INFO - Current readings: 143 Coris only
2025-06-18 16:11:21,724 - ingest_all_sources - INFO - Current readings completed successfully
2025-06-18 16:11:21,726 - ingest_all_sources - INFO - Consolidating readings...
2025-06-18 16:11:21,727 - EnvironmentData - INFO - consolidate_readings
2025-06-18 16:11:21,750 - EnvironmentData - INFO - 143 new readings.
2025-06-18 16:11:21,778 - EnvironmentData - INFO - consolidate_readings validation: correct column data types.
2025-06-18 16:11:21,779 - EnvironmentData - INFO - consolidate_readings validation: at least one non-null value in readings.
2025-06-18 16:11:21,782 - EnvironmentData - INFO - consolidate_readings validation: no duplicated SensorReadingUTC per SensorID_Coris.
2025-06-18 16:11:21,784 - EnvironmentData - INFO - consolidate_readings validation: one SensorName per SensorID_Coris.
2025-06-18 16:11:21,786 - EnvironmentData - INFO - consolidate_readings validation: all SensorID_Coris in historical data (no dropped SensorID).
2025-06-18 16:11:21,837 - EnvironmentData - INFO - 286 total readings.
2025-06-18 16:11:21,856 - EnvironmentData-Errors - ERROR - Validation errors: 
10 missing values in [SensorReadingRh].
2025-06-18 16:11:21,858 - EnvironmentData - ERROR - Validation errors: 
10 missing values in [SensorReadingRh].
2025-06-18 16:11:21,884 - ingest_all_sources - ERROR - ============================================================
2025-06-18 16:11:21,885 - ingest_all_sources - ERROR - CRITICAL ERROR IN DATA INGESTION
2025-06-18 16:11:21,886 - ingest_all_sources - ERROR - Error: Unexpected SensorName format: Replacement A651.
2025-06-18 16:11:21,886 - ingest_all_sources - ERROR - Traceback:
2025-06-18 16:11:21,889 - ingest_all_sources - ERROR - Traceback (most recent call last):
  File "X:\Coding Junk\Work\Upwork\Anthony Arbaiza - Existing Code modification\environmental-sensor-poc\ingest_all_sources.py", line 135, in main
    env_data.consolidate_readings()
  File "X:\Coding Junk\Work\Upwork\Anthony Arbaiza - Existing Code modification\environmental-sensor-poc\EnvironmentData.py", line 638, in consolidate_readings
    self.update_lookups()
  File "X:\Coding Junk\Work\Upwork\Anthony Arbaiza - Existing Code modification\environmental-sensor-poc\EnvironmentData.py", line 1015, in update_lookups
    raise Exception(f'Unexpected SensorName format: {sensorname}.')
Exception: Unexpected SensorName format: Replacement A651.

2025-06-18 16:11:21,891 - ingest_all_sources - ERROR - ============================================================
