2025-06-18 16:16:01,487 - ingest_all_sources - INFO - ============================================================
2025-06-18 16:16:01,491 - ingest_all_sources - INFO - STARTING UNIFIED DATA INGESTION
2025-06-18 16:16:01,495 - ingest_all_sources - INFO - Start time: 2025-06-18 16:16:01.487147
2025-06-18 16:16:01,503 - ingest_all_sources - INFO - ============================================================
2025-06-18 16:16:01,505 - ingest_all_sources - INFO - Reading configuration...
2025-06-18 16:16:01,515 - ingest_all_sources - INFO - Environment debugging:
2025-06-18 16:16:01,518 - ingest_all_sources - INFO -   Current working directory: X:\Coding Junk\Work\Upwork\Anthony Arbaiza - Existing Code modification\environmental-sensor-poc
2025-06-18 16:16:01,519 - ingest_all_sources - INFO -   .env file exists: True
2025-06-18 16:16:01,525 - ingest_all_sources - INFO -   .env file has 15 lines
2025-06-18 16:16:01,526 - ingest_all_sources - INFO -     DAYS_BACK=1095
2025-06-18 16:16:01,546 - ingest_all_sources - INFO -     TESTING=False
2025-06-18 16:16:01,581 - ingest_all_sources - INFO -     CATS_USER_ID=2496
2025-06-18 16:16:01,613 - ingest_all_sources - INFO -     
2025-06-18 16:16:01,641 - ingest_all_sources - INFO - Configuration:
2025-06-18 16:16:01,643 - ingest_all_sources - INFO -   CATS_USER_ID: 2496
2025-06-18 16:16:01,658 - ingest_all_sources - INFO -   CONSERV_ENABLED: True
2025-06-18 16:16:01,688 - ingest_all_sources - INFO -   TESTING: False
2025-06-18 16:16:01,695 - ingest_all_sources - INFO -   RUN_WINDOW_HOURS: 24
2025-06-18 16:16:01,703 - ingest_all_sources - INFO -   Conserv API keys found for customers: [1545, 333, 307, 2671, 1696]
2025-06-18 16:16:01,705 - ingest_all_sources - INFO - Conserv integration active with 5 customers
2025-06-18 16:16:01,712 - ingest_all_sources - INFO - Initializing EnvironmentData...
2025-06-18 16:16:01,719 - EnvironmentData - INFO - Initialized Conserv client with 5 customers
2025-06-18 16:16:01,725 - EnvironmentData - INFO - Conserv API client initialized with 5 customers
2025-06-18 16:16:01,733 - ingest_all_sources - INFO - EnvironmentData initialized successfully
2025-06-18 16:16:01,734 - ingest_all_sources - INFO -   Conserv enabled: True
2025-06-18 16:16:01,735 - ingest_all_sources - INFO -   Conserv customers: 5
2025-06-18 16:16:01,735 - ingest_all_sources - INFO -   Cron status: initialized
2025-06-18 16:16:01,736 - ingest_all_sources - INFO - Pulling current readings from all sources...
2025-06-18 16:16:01,744 - EnvironmentData - INFO - get_current_readings: 1750252561
2025-06-18 16:16:01,754 - EnvironmentData - INFO - get_sensors
2025-06-18 16:16:01,761 - EnvironmentData - INFO - API call: https://cats.corismonitoring.com/api/cats/user/?ApiKey=XXXX&CatsUserID=XXXX
2025-06-18 16:16:03,992 - EnvironmentData - INFO - get_sensors validation: correct column data types.
2025-06-18 16:16:03,994 - EnvironmentData - INFO - get_sensors validation: at least one non-null value in readings.
2025-06-18 16:16:03,997 - EnvironmentData - INFO - get_sensors validation: no duplicated SensorReadingUTC per SensorID_Coris.
2025-06-18 16:16:04,005 - EnvironmentData - INFO - get_sensors validation: one SensorName per SensorID_Coris.
2025-06-18 16:16:04,015 - EnvironmentData - INFO - get_current_readings_coris validation: correct column data types.
2025-06-18 16:16:04,016 - EnvironmentData - INFO - get_current_readings_coris validation: at least one non-null value in readings.
2025-06-18 16:16:04,018 - EnvironmentData - INFO - get_current_readings_coris validation: SensorReadingUTC columns close to QueryUTC.
2025-06-18 16:16:04,019 - EnvironmentData - INFO - get_current_readings_coris validation: no duplicated SensorReadingUTC per SensorID_Coris.
2025-06-18 16:16:04,020 - EnvironmentData - INFO - get_current_readings_coris validation: one SensorName per SensorID_Coris.
2025-06-18 16:16:04,024 - EnvironmentData-Errors - ERROR - get_current_readings_coris validation errors : SensorReadingUTC differs from UTC: UTC: 1750252561, maximum absolute difference (minutes): 8e+05.

2025-06-18 16:16:04,025 - EnvironmentData - ERROR - get_current_readings_coris validation errors : SensorReadingUTC differs from UTC: UTC: 1750252561, maximum absolute difference (minutes): 8e+05.

2025-06-18 16:16:04,029 - EnvironmentData - INFO - Fetching current Conserv data for all customers
2025-06-18 16:16:04,031 - EnvironmentData - INFO - Fetching Conserv data for period: 1750166161 to 1750252561
2025-06-18 16:16:04,032 - EnvironmentData - INFO - Fetching data for customer 1545
2025-06-18 16:16:04,032 - EnvironmentData - INFO - Exporting chunk for customer 1545: 2025-06-17 13:16:01+00:00 to 2025-06-18 13:16:01+00:00
2025-06-18 16:16:04,034 - EnvironmentData - INFO - Starting export for customer 1545: 2025-06-17 13:16:01+00:00 to 2025-06-18 13:16:01+00:00
2025-06-18 16:16:04,036 - EnvironmentData - INFO - Launch export payload: {'start': '2025-06-17T13:16:01+00:00', 'end': '2025-06-18T13:16:01+00:00'}
2025-06-18 16:16:04,037 - EnvironmentData - INFO - Conserv API POST https://api.conserv.io/v1/sensors/export headers={'x-api-key': 'XXXX', 'Content-Type': 'application/json'}
2025-06-18 16:16:04,557 - urllib3.connection - WARNING - Certificate did not match expected hostname: api.conserv.io. Certificate: {'subject': ((('commonName', '*.execute-api.us-east-1.amazonaws.com'),),), 'issuer': ((('countryName', 'US'),), (('organizationName', 'Amazon'),), (('commonName', 'Amazon RSA 2048 M03'),)), 'version': 3, 'serialNumber': '03CC5A98E4786D36F24CA5E1158E1EA3', 'notBefore': 'Mar 22 00:00:00 2025 GMT', 'notAfter': 'Apr 19 23:59:59 2026 GMT', 'subjectAltName': (('DNS', '*.execute-api.us-east-1.amazonaws.com'),), 'OCSP': ('http://ocsp.r2m03.amazontrust.com',), 'caIssuers': ('http://crt.r2m03.amazontrust.com/r2m03.cer',), 'crlDistributionPoints': ('http://crl.r2m03.amazontrust.com/r2m03.crl',)}
2025-06-18 16:16:04,559 - EnvironmentData - WARNING - SSL certificate issue, retrying without verification: HTTPSConnectionPool(host='api.conserv.io', port=443): Max retries exceeded with url: /v1/sensors/export (Caused by SSLError(CertificateError("hostname 'api.conserv.io' doesn't match '*.execute-api.us-east-1.amazonaws.com'")))
2025-06-18 16:16:05,296 - EnvironmentData - INFO - Conserv export launched: da82fe89-7102-40ae-b4ec-cbe80f4ef6f7
2025-06-18 16:16:05,308 - EnvironmentData - INFO - Conserv API GET https://api.conserv.io/v1/sensors/export/da82fe89-7102-40ae-b4ec-cbe80f4ef6f7/status headers={'x-api-key': 'XXXX', 'Content-Type': 'application/json'}
2025-06-18 16:16:05,624 - urllib3.connection - WARNING - Certificate did not match expected hostname: api.conserv.io. Certificate: {'subject': ((('commonName', '*.execute-api.us-east-1.amazonaws.com'),),), 'issuer': ((('countryName', 'US'),), (('organizationName', 'Amazon'),), (('commonName', 'Amazon RSA 2048 M03'),)), 'version': 3, 'serialNumber': '03CC5A98E4786D36F24CA5E1158E1EA3', 'notBefore': 'Mar 22 00:00:00 2025 GMT', 'notAfter': 'Apr 19 23:59:59 2026 GMT', 'subjectAltName': (('DNS', '*.execute-api.us-east-1.amazonaws.com'),), 'OCSP': ('http://ocsp.r2m03.amazontrust.com',), 'caIssuers': ('http://crt.r2m03.amazontrust.com/r2m03.cer',), 'crlDistributionPoints': ('http://crl.r2m03.amazontrust.com/r2m03.crl',)}
2025-06-18 16:16:05,627 - EnvironmentData - WARNING - SSL certificate issue, retrying without verification: HTTPSConnectionPool(host='api.conserv.io', port=443): Max retries exceeded with url: /v1/sensors/export/da82fe89-7102-40ae-b4ec-cbe80f4ef6f7/status (Caused by SSLError(CertificateError("hostname 'api.conserv.io' doesn't match '*.execute-api.us-east-1.amazonaws.com'")))
2025-06-18 16:16:06,187 - EnvironmentData - INFO - Export da82fe89-7102-40ae-b4ec-cbe80f4ef6f7 still pending, waiting 30s...
2025-06-18 16:16:36,190 - EnvironmentData - INFO - Conserv API GET https://api.conserv.io/v1/sensors/export/da82fe89-7102-40ae-b4ec-cbe80f4ef6f7/status headers={'x-api-key': 'XXXX', 'Content-Type': 'application/json'}
2025-06-18 16:16:36,474 - urllib3.connection - WARNING - Certificate did not match expected hostname: api.conserv.io. Certificate: {'subject': ((('commonName', '*.execute-api.us-east-1.amazonaws.com'),),), 'issuer': ((('countryName', 'US'),), (('organizationName', 'Amazon'),), (('commonName', 'Amazon RSA 2048 M03'),)), 'version': 3, 'serialNumber': '03CC5A98E4786D36F24CA5E1158E1EA3', 'notBefore': 'Mar 22 00:00:00 2025 GMT', 'notAfter': 'Apr 19 23:59:59 2026 GMT', 'subjectAltName': (('DNS', '*.execute-api.us-east-1.amazonaws.com'),), 'OCSP': ('http://ocsp.r2m03.amazontrust.com',), 'caIssuers': ('http://crt.r2m03.amazontrust.com/r2m03.cer',), 'crlDistributionPoints': ('http://crl.r2m03.amazontrust.com/r2m03.crl',)}
2025-06-18 16:16:36,477 - EnvironmentData - WARNING - SSL certificate issue, retrying without verification: HTTPSConnectionPool(host='api.conserv.io', port=443): Max retries exceeded with url: /v1/sensors/export/da82fe89-7102-40ae-b4ec-cbe80f4ef6f7/status (Caused by SSLError(CertificateError("hostname 'api.conserv.io' doesn't match '*.execute-api.us-east-1.amazonaws.com'")))
2025-06-18 16:16:37,019 - EnvironmentData - INFO - Export da82fe89-7102-40ae-b4ec-cbe80f4ef6f7 still pending, waiting 30s...
2025-06-18 16:17:07,020 - EnvironmentData - INFO - Conserv API GET https://api.conserv.io/v1/sensors/export/da82fe89-7102-40ae-b4ec-cbe80f4ef6f7/status headers={'x-api-key': 'XXXX', 'Content-Type': 'application/json'}
2025-06-18 16:17:07,659 - urllib3.connection - WARNING - Certificate did not match expected hostname: api.conserv.io. Certificate: {'subject': ((('commonName', '*.execute-api.us-east-1.amazonaws.com'),),), 'issuer': ((('countryName', 'US'),), (('organizationName', 'Amazon'),), (('commonName', 'Amazon RSA 2048 M03'),)), 'version': 3, 'serialNumber': '03CC5A98E4786D36F24CA5E1158E1EA3', 'notBefore': 'Mar 22 00:00:00 2025 GMT', 'notAfter': 'Apr 19 23:59:59 2026 GMT', 'subjectAltName': (('DNS', '*.execute-api.us-east-1.amazonaws.com'),), 'OCSP': ('http://ocsp.r2m03.amazontrust.com',), 'caIssuers': ('http://crt.r2m03.amazontrust.com/r2m03.cer',), 'crlDistributionPoints': ('http://crl.r2m03.amazontrust.com/r2m03.crl',)}
2025-06-18 16:17:07,663 - EnvironmentData - WARNING - SSL certificate issue, retrying without verification: HTTPSConnectionPool(host='api.conserv.io', port=443): Max retries exceeded with url: /v1/sensors/export/da82fe89-7102-40ae-b4ec-cbe80f4ef6f7/status (Caused by SSLError(CertificateError("hostname 'api.conserv.io' doesn't match '*.execute-api.us-east-1.amazonaws.com'")))
2025-06-18 16:17:08,183 - EnvironmentData - INFO - Export da82fe89-7102-40ae-b4ec-cbe80f4ef6f7 still pending, waiting 30s...
2025-06-18 16:17:38,183 - EnvironmentData - INFO - Conserv API GET https://api.conserv.io/v1/sensors/export/da82fe89-7102-40ae-b4ec-cbe80f4ef6f7/status headers={'x-api-key': 'XXXX', 'Content-Type': 'application/json'}
2025-06-18 16:17:38,461 - urllib3.connection - WARNING - Certificate did not match expected hostname: api.conserv.io. Certificate: {'subject': ((('commonName', '*.execute-api.us-east-1.amazonaws.com'),),), 'issuer': ((('countryName', 'US'),), (('organizationName', 'Amazon'),), (('commonName', 'Amazon RSA 2048 M03'),)), 'version': 3, 'serialNumber': '03CC5A98E4786D36F24CA5E1158E1EA3', 'notBefore': 'Mar 22 00:00:00 2025 GMT', 'notAfter': 'Apr 19 23:59:59 2026 GMT', 'subjectAltName': (('DNS', '*.execute-api.us-east-1.amazonaws.com'),), 'OCSP': ('http://ocsp.r2m03.amazontrust.com',), 'caIssuers': ('http://crt.r2m03.amazontrust.com/r2m03.cer',), 'crlDistributionPoints': ('http://crl.r2m03.amazontrust.com/r2m03.crl',)}
2025-06-18 16:17:38,462 - EnvironmentData - WARNING - SSL certificate issue, retrying without verification: HTTPSConnectionPool(host='api.conserv.io', port=443): Max retries exceeded with url: /v1/sensors/export/da82fe89-7102-40ae-b4ec-cbe80f4ef6f7/status (Caused by SSLError(CertificateError("hostname 'api.conserv.io' doesn't match '*.execute-api.us-east-1.amazonaws.com'")))
2025-06-18 16:17:39,017 - EnvironmentData - ERROR - Export failed for customer 1545: Unknown export status: processing
2025-06-18 16:17:39,018 - EnvironmentData - INFO - No data available for customer 1545
2025-06-18 16:17:39,018 - EnvironmentData - INFO - Fetching data for customer 333
2025-06-18 16:17:39,019 - EnvironmentData - INFO - Exporting chunk for customer 333: 2025-06-17 13:16:01+00:00 to 2025-06-18 13:16:01+00:00
2025-06-18 16:17:39,019 - EnvironmentData - INFO - Starting export for customer 333: 2025-06-17 13:16:01+00:00 to 2025-06-18 13:16:01+00:00
2025-06-18 16:17:39,020 - EnvironmentData - INFO - Launch export payload: {'start': '2025-06-17T13:16:01+00:00', 'end': '2025-06-18T13:16:01+00:00'}
2025-06-18 16:17:39,020 - EnvironmentData - INFO - Conserv API POST https://api.conserv.io/v1/sensors/export headers={'x-api-key': 'XXXX', 'Content-Type': 'application/json'}
2025-06-18 16:17:39,314 - urllib3.connection - WARNING - Certificate did not match expected hostname: api.conserv.io. Certificate: {'subject': ((('commonName', '*.execute-api.us-east-1.amazonaws.com'),),), 'issuer': ((('countryName', 'US'),), (('organizationName', 'Amazon'),), (('commonName', 'Amazon RSA 2048 M03'),)), 'version': 3, 'serialNumber': '03CC5A98E4786D36F24CA5E1158E1EA3', 'notBefore': 'Mar 22 00:00:00 2025 GMT', 'notAfter': 'Apr 19 23:59:59 2026 GMT', 'subjectAltName': (('DNS', '*.execute-api.us-east-1.amazonaws.com'),), 'OCSP': ('http://ocsp.r2m03.amazontrust.com',), 'caIssuers': ('http://crt.r2m03.amazontrust.com/r2m03.cer',), 'crlDistributionPoints': ('http://crl.r2m03.amazontrust.com/r2m03.crl',)}
2025-06-18 16:17:39,317 - EnvironmentData - WARNING - SSL certificate issue, retrying without verification: HTTPSConnectionPool(host='api.conserv.io', port=443): Max retries exceeded with url: /v1/sensors/export (Caused by SSLError(CertificateError("hostname 'api.conserv.io' doesn't match '*.execute-api.us-east-1.amazonaws.com'")))
2025-06-18 16:17:39,957 - EnvironmentData - INFO - Conserv export launched: e1d8b257-9938-4c82-8d30-452bd759ae77
2025-06-18 16:17:39,961 - EnvironmentData - INFO - Conserv API GET https://api.conserv.io/v1/sensors/export/e1d8b257-9938-4c82-8d30-452bd759ae77/status headers={'x-api-key': 'XXXX', 'Content-Type': 'application/json'}
2025-06-18 16:17:40,249 - urllib3.connection - WARNING - Certificate did not match expected hostname: api.conserv.io. Certificate: {'subject': ((('commonName', '*.execute-api.us-east-1.amazonaws.com'),),), 'issuer': ((('countryName', 'US'),), (('organizationName', 'Amazon'),), (('commonName', 'Amazon RSA 2048 M03'),)), 'version': 3, 'serialNumber': '03CC5A98E4786D36F24CA5E1158E1EA3', 'notBefore': 'Mar 22 00:00:00 2025 GMT', 'notAfter': 'Apr 19 23:59:59 2026 GMT', 'subjectAltName': (('DNS', '*.execute-api.us-east-1.amazonaws.com'),), 'OCSP': ('http://ocsp.r2m03.amazontrust.com',), 'caIssuers': ('http://crt.r2m03.amazontrust.com/r2m03.cer',), 'crlDistributionPoints': ('http://crl.r2m03.amazontrust.com/r2m03.crl',)}
2025-06-18 16:17:40,252 - EnvironmentData - WARNING - SSL certificate issue, retrying without verification: HTTPSConnectionPool(host='api.conserv.io', port=443): Max retries exceeded with url: /v1/sensors/export/e1d8b257-9938-4c82-8d30-452bd759ae77/status (Caused by SSLError(CertificateError("hostname 'api.conserv.io' doesn't match '*.execute-api.us-east-1.amazonaws.com'")))
2025-06-18 16:17:40,747 - EnvironmentData - INFO - Export e1d8b257-9938-4c82-8d30-452bd759ae77 still pending, waiting 30s...
