2025-06-18 16:34:47,722 - ingest_all_sources - INFO - ============================================================
2025-06-18 16:34:47,722 - ingest_all_sources - INFO - STARTING UNIFIED DATA INGESTION
2025-06-18 16:34:47,723 - ingest_all_sources - INFO - Start time: 2025-06-18 16:34:47.722770
2025-06-18 16:34:47,723 - ingest_all_sources - INFO - ============================================================
2025-06-18 16:34:47,723 - ingest_all_sources - INFO - Reading configuration...
2025-06-18 16:34:47,723 - ingest_all_sources - INFO - Environment debugging:
2025-06-18 16:34:47,723 - ingest_all_sources - INFO -   Current working directory: X:\Coding Junk\Work\Upwork\Anthony Arbaiza - Existing Code modification\environmental-sensor-poc
2025-06-18 16:34:47,724 - ingest_all_sources - INFO -   .env file exists: True
2025-06-18 16:34:47,725 - ingest_all_sources - INFO -   .env file has 15 lines
2025-06-18 16:34:47,725 - ingest_all_sources - INFO -     DAYS_BACK=1095
2025-06-18 16:34:47,725 - ingest_all_sources - INFO -     TESTING=False
2025-06-18 16:34:47,725 - ingest_all_sources - INFO -     CATS_USER_ID=2496
2025-06-18 16:34:47,725 - ingest_all_sources - INFO -     
2025-06-18 16:34:47,726 - ingest_all_sources - INFO - Configuration:
2025-06-18 16:34:47,727 - ingest_all_sources - INFO -   CATS_USER_ID: 2496
2025-06-18 16:34:47,727 - ingest_all_sources - INFO -   CONSERV_ENABLED: True
2025-06-18 16:34:47,727 - ingest_all_sources - INFO -   TESTING: False
2025-06-18 16:34:47,727 - ingest_all_sources - INFO -   RUN_WINDOW_HOURS: 24
2025-06-18 16:34:47,727 - ingest_all_sources - INFO -   Conserv API keys found for customers: [1545, 333, 307, 2671, 1696]
2025-06-18 16:34:47,727 - ingest_all_sources - INFO - Conserv integration active with 5 customers
2025-06-18 16:34:47,728 - ingest_all_sources - INFO - Initializing EnvironmentData...
2025-06-18 16:34:47,729 - EnvironmentData - INFO - Initialized Conserv client with 5 customers
2025-06-18 16:34:47,731 - EnvironmentData - INFO - Conserv API client initialized with 5 customers
2025-06-18 16:34:47,732 - ingest_all_sources - INFO - EnvironmentData initialized successfully
2025-06-18 16:34:47,732 - ingest_all_sources - INFO -   Conserv enabled: True
2025-06-18 16:34:47,732 - ingest_all_sources - INFO -   Conserv customers: 5
2025-06-18 16:34:47,732 - ingest_all_sources - INFO -   Cron status: initialized
2025-06-18 16:34:47,733 - ingest_all_sources - INFO - Pulling current readings from all sources...
2025-06-18 16:34:47,733 - EnvironmentData - INFO - get_current_readings: 1750253687
2025-06-18 16:34:47,733 - EnvironmentData - INFO - get_sensors
2025-06-18 16:34:47,733 - EnvironmentData - INFO - API call: https://cats.corismonitoring.com/api/cats/user/?ApiKey=XXXX&CatsUserID=XXXX
2025-06-18 16:34:50,380 - EnvironmentData - INFO - get_sensors validation: correct column data types.
2025-06-18 16:34:50,384 - EnvironmentData - INFO - get_sensors validation: at least one non-null value in readings.
2025-06-18 16:34:50,408 - EnvironmentData - INFO - get_sensors validation: no duplicated SensorReadingUTC per SensorID_Coris.
2025-06-18 16:34:50,417 - EnvironmentData - INFO - get_sensors validation: one SensorName per SensorID_Coris.
2025-06-18 16:34:50,489 - EnvironmentData - INFO - get_current_readings_coris validation: correct column data types.
2025-06-18 16:34:50,493 - EnvironmentData - INFO - get_current_readings_coris validation: at least one non-null value in readings.
2025-06-18 16:34:50,514 - EnvironmentData - INFO - get_current_readings_coris validation: SensorReadingUTC columns close to QueryUTC.
2025-06-18 16:34:50,516 - EnvironmentData - INFO - get_current_readings_coris validation: no duplicated SensorReadingUTC per SensorID_Coris.
2025-06-18 16:34:50,532 - EnvironmentData - INFO - get_current_readings_coris validation: one SensorName per SensorID_Coris.
2025-06-18 16:34:50,545 - EnvironmentData-Errors - ERROR - get_current_readings_coris validation errors : SensorReadingUTC differs from UTC: UTC: 1750253687, maximum absolute difference (minutes): 8e+05.

2025-06-18 16:34:50,549 - EnvironmentData - ERROR - get_current_readings_coris validation errors : SensorReadingUTC differs from UTC: UTC: 1750253687, maximum absolute difference (minutes): 8e+05.

2025-06-18 16:34:50,559 - EnvironmentData - INFO - Fetching current Conserv data for all customers
2025-06-18 16:34:50,561 - EnvironmentData - INFO - Fetching Conserv data for period: 1750167287 to 1750253687
2025-06-18 16:34:50,564 - EnvironmentData - INFO - Fetching data for customer 1545
2025-06-18 16:34:50,569 - EnvironmentData - INFO - Exporting chunk for customer 1545: 2025-06-17 13:34:47+00:00 to 2025-06-18 13:34:47+00:00
2025-06-18 16:34:50,571 - EnvironmentData - INFO - Starting export for customer 1545: 2025-06-17 13:34:47+00:00 to 2025-06-18 13:34:47+00:00
2025-06-18 16:34:50,572 - EnvironmentData - INFO - Launch export payload: {'start': '2025-06-17T13:34:47+00:00', 'end': '2025-06-18T13:34:47+00:00'}
2025-06-18 16:34:50,575 - EnvironmentData - INFO - Conserv API POST https://api.conserv.io/v1/sensors/export headers={'x-api-key': 'XXXX', 'Content-Type': 'application/json'}
2025-06-18 16:34:51,057 - urllib3.connection - WARNING - Certificate did not match expected hostname: api.conserv.io. Certificate: {'subject': ((('commonName', '*.execute-api.us-east-1.amazonaws.com'),),), 'issuer': ((('countryName', 'US'),), (('organizationName', 'Amazon'),), (('commonName', 'Amazon RSA 2048 M03'),)), 'version': 3, 'serialNumber': '03CC5A98E4786D36F24CA5E1158E1EA3', 'notBefore': 'Mar 22 00:00:00 2025 GMT', 'notAfter': 'Apr 19 23:59:59 2026 GMT', 'subjectAltName': (('DNS', '*.execute-api.us-east-1.amazonaws.com'),), 'OCSP': ('http://ocsp.r2m03.amazontrust.com',), 'caIssuers': ('http://crt.r2m03.amazontrust.com/r2m03.cer',), 'crlDistributionPoints': ('http://crl.r2m03.amazontrust.com/r2m03.crl',)}
2025-06-18 16:34:51,062 - EnvironmentData - WARNING - SSL certificate issue, retrying without verification: HTTPSConnectionPool(host='api.conserv.io', port=443): Max retries exceeded with url: /v1/sensors/export (Caused by SSLError(CertificateError("hostname 'api.conserv.io' doesn't match '*.execute-api.us-east-1.amazonaws.com'")))
2025-06-18 16:34:51,861 - EnvironmentData - INFO - Conserv export launched: cfe15bf5-1c65-418a-a18d-f823f3777433
2025-06-18 16:34:51,871 - EnvironmentData - INFO - Conserv API GET https://api.conserv.io/v1/sensors/export/cfe15bf5-1c65-418a-a18d-f823f3777433/status headers={'x-api-key': 'XXXX', 'Content-Type': 'application/json'}
2025-06-18 16:34:52,183 - urllib3.connection - WARNING - Certificate did not match expected hostname: api.conserv.io. Certificate: {'subject': ((('commonName', '*.execute-api.us-east-1.amazonaws.com'),),), 'issuer': ((('countryName', 'US'),), (('organizationName', 'Amazon'),), (('commonName', 'Amazon RSA 2048 M03'),)), 'version': 3, 'serialNumber': '03CC5A98E4786D36F24CA5E1158E1EA3', 'notBefore': 'Mar 22 00:00:00 2025 GMT', 'notAfter': 'Apr 19 23:59:59 2026 GMT', 'subjectAltName': (('DNS', '*.execute-api.us-east-1.amazonaws.com'),), 'OCSP': ('http://ocsp.r2m03.amazontrust.com',), 'caIssuers': ('http://crt.r2m03.amazontrust.com/r2m03.cer',), 'crlDistributionPoints': ('http://crl.r2m03.amazontrust.com/r2m03.crl',)}
2025-06-18 16:34:52,188 - EnvironmentData - WARNING - SSL certificate issue, retrying without verification: HTTPSConnectionPool(host='api.conserv.io', port=443): Max retries exceeded with url: /v1/sensors/export/cfe15bf5-1c65-418a-a18d-f823f3777433/status (Caused by SSLError(CertificateError("hostname 'api.conserv.io' doesn't match '*.execute-api.us-east-1.amazonaws.com'")))
2025-06-18 16:34:52,759 - EnvironmentData - INFO - Export cfe15bf5-1c65-418a-a18d-f823f3777433 still pending, waiting 30s...
2025-06-18 16:35:22,762 - EnvironmentData - INFO - Conserv API GET https://api.conserv.io/v1/sensors/export/cfe15bf5-1c65-418a-a18d-f823f3777433/status headers={'x-api-key': 'XXXX', 'Content-Type': 'application/json'}
2025-06-18 16:35:23,068 - urllib3.connection - WARNING - Certificate did not match expected hostname: api.conserv.io. Certificate: {'subject': ((('commonName', '*.execute-api.us-east-1.amazonaws.com'),),), 'issuer': ((('countryName', 'US'),), (('organizationName', 'Amazon'),), (('commonName', 'Amazon RSA 2048 M03'),)), 'version': 3, 'serialNumber': '03CC5A98E4786D36F24CA5E1158E1EA3', 'notBefore': 'Mar 22 00:00:00 2025 GMT', 'notAfter': 'Apr 19 23:59:59 2026 GMT', 'subjectAltName': (('DNS', '*.execute-api.us-east-1.amazonaws.com'),), 'OCSP': ('http://ocsp.r2m03.amazontrust.com',), 'caIssuers': ('http://crt.r2m03.amazontrust.com/r2m03.cer',), 'crlDistributionPoints': ('http://crl.r2m03.amazontrust.com/r2m03.crl',)}
2025-06-18 16:35:23,071 - EnvironmentData - WARNING - SSL certificate issue, retrying without verification: HTTPSConnectionPool(host='api.conserv.io', port=443): Max retries exceeded with url: /v1/sensors/export/cfe15bf5-1c65-418a-a18d-f823f3777433/status (Caused by SSLError(CertificateError("hostname 'api.conserv.io' doesn't match '*.execute-api.us-east-1.amazonaws.com'")))
2025-06-18 16:35:23,644 - EnvironmentData - INFO - Export cfe15bf5-1c65-418a-a18d-f823f3777433 still pending, waiting 30s...
2025-06-18 16:35:53,647 - EnvironmentData - INFO - Conserv API GET https://api.conserv.io/v1/sensors/export/cfe15bf5-1c65-418a-a18d-f823f3777433/status headers={'x-api-key': 'XXXX', 'Content-Type': 'application/json'}
2025-06-18 16:35:54,062 - urllib3.connection - WARNING - Certificate did not match expected hostname: api.conserv.io. Certificate: {'subject': ((('commonName', '*.execute-api.us-east-1.amazonaws.com'),),), 'issuer': ((('countryName', 'US'),), (('organizationName', 'Amazon'),), (('commonName', 'Amazon RSA 2048 M03'),)), 'version': 3, 'serialNumber': '03CC5A98E4786D36F24CA5E1158E1EA3', 'notBefore': 'Mar 22 00:00:00 2025 GMT', 'notAfter': 'Apr 19 23:59:59 2026 GMT', 'subjectAltName': (('DNS', '*.execute-api.us-east-1.amazonaws.com'),), 'OCSP': ('http://ocsp.r2m03.amazontrust.com',), 'caIssuers': ('http://crt.r2m03.amazontrust.com/r2m03.cer',), 'crlDistributionPoints': ('http://crl.r2m03.amazontrust.com/r2m03.crl',)}
2025-06-18 16:35:54,063 - EnvironmentData - WARNING - SSL certificate issue, retrying without verification: HTTPSConnectionPool(host='api.conserv.io', port=443): Max retries exceeded with url: /v1/sensors/export/cfe15bf5-1c65-418a-a18d-f823f3777433/status (Caused by SSLError(CertificateError("hostname 'api.conserv.io' doesn't match '*.execute-api.us-east-1.amazonaws.com'")))
2025-06-18 16:35:54,612 - EnvironmentData - INFO - Export cfe15bf5-1c65-418a-a18d-f823f3777433 still pending, waiting 30s...
2025-06-18 16:36:24,614 - EnvironmentData - INFO - Conserv API GET https://api.conserv.io/v1/sensors/export/cfe15bf5-1c65-418a-a18d-f823f3777433/status headers={'x-api-key': 'XXXX', 'Content-Type': 'application/json'}
2025-06-18 16:36:24,924 - urllib3.connection - WARNING - Certificate did not match expected hostname: api.conserv.io. Certificate: {'subject': ((('commonName', '*.execute-api.us-east-1.amazonaws.com'),),), 'issuer': ((('countryName', 'US'),), (('organizationName', 'Amazon'),), (('commonName', 'Amazon RSA 2048 M03'),)), 'version': 3, 'serialNumber': '03CC5A98E4786D36F24CA5E1158E1EA3', 'notBefore': 'Mar 22 00:00:00 2025 GMT', 'notAfter': 'Apr 19 23:59:59 2026 GMT', 'subjectAltName': (('DNS', '*.execute-api.us-east-1.amazonaws.com'),), 'OCSP': ('http://ocsp.r2m03.amazontrust.com',), 'caIssuers': ('http://crt.r2m03.amazontrust.com/r2m03.cer',), 'crlDistributionPoints': ('http://crl.r2m03.amazontrust.com/r2m03.crl',)}
2025-06-18 16:36:24,926 - EnvironmentData - WARNING - SSL certificate issue, retrying without verification: HTTPSConnectionPool(host='api.conserv.io', port=443): Max retries exceeded with url: /v1/sensors/export/cfe15bf5-1c65-418a-a18d-f823f3777433/status (Caused by SSLError(CertificateError("hostname 'api.conserv.io' doesn't match '*.execute-api.us-east-1.amazonaws.com'")))
2025-06-18 16:36:25,482 - EnvironmentData - INFO - Export cfe15bf5-1c65-418a-a18d-f823f3777433 still processing, waiting 30s...
2025-06-18 16:36:55,485 - EnvironmentData - INFO - Conserv API GET https://api.conserv.io/v1/sensors/export/cfe15bf5-1c65-418a-a18d-f823f3777433/status headers={'x-api-key': 'XXXX', 'Content-Type': 'application/json'}
2025-06-18 16:36:55,988 - urllib3.connection - WARNING - Certificate did not match expected hostname: api.conserv.io. Certificate: {'subject': ((('commonName', '*.execute-api.us-east-1.amazonaws.com'),),), 'issuer': ((('countryName', 'US'),), (('organizationName', 'Amazon'),), (('commonName', 'Amazon RSA 2048 M03'),)), 'version': 3, 'serialNumber': '03CC5A98E4786D36F24CA5E1158E1EA3', 'notBefore': 'Mar 22 00:00:00 2025 GMT', 'notAfter': 'Apr 19 23:59:59 2026 GMT', 'subjectAltName': (('DNS', '*.execute-api.us-east-1.amazonaws.com'),), 'OCSP': ('http://ocsp.r2m03.amazontrust.com',), 'caIssuers': ('http://crt.r2m03.amazontrust.com/r2m03.cer',), 'crlDistributionPoints': ('http://crl.r2m03.amazontrust.com/r2m03.crl',)}
2025-06-18 16:36:55,993 - EnvironmentData - WARNING - SSL certificate issue, retrying without verification: HTTPSConnectionPool(host='api.conserv.io', port=443): Max retries exceeded with url: /v1/sensors/export/cfe15bf5-1c65-418a-a18d-f823f3777433/status (Caused by SSLError(CertificateError("hostname 'api.conserv.io' doesn't match '*.execute-api.us-east-1.amazonaws.com'")))
2025-06-18 16:36:56,551 - EnvironmentData - INFO - Export cfe15bf5-1c65-418a-a18d-f823f3777433 completed successfully
2025-06-18 16:37:01,553 - EnvironmentData - INFO - Conserv API POST https://api.conserv.io/v1/sensors/export/cfe15bf5-1c65-418a-a18d-f823f3777433/download headers={'x-api-key': 'XXXX', 'Content-Type': 'application/json'}
2025-06-18 16:37:01,885 - urllib3.connection - WARNING - Certificate did not match expected hostname: api.conserv.io. Certificate: {'subject': ((('commonName', '*.execute-api.us-east-1.amazonaws.com'),),), 'issuer': ((('countryName', 'US'),), (('organizationName', 'Amazon'),), (('commonName', 'Amazon RSA 2048 M03'),)), 'version': 3, 'serialNumber': '03CC5A98E4786D36F24CA5E1158E1EA3', 'notBefore': 'Mar 22 00:00:00 2025 GMT', 'notAfter': 'Apr 19 23:59:59 2026 GMT', 'subjectAltName': (('DNS', '*.execute-api.us-east-1.amazonaws.com'),), 'OCSP': ('http://ocsp.r2m03.amazontrust.com',), 'caIssuers': ('http://crt.r2m03.amazontrust.com/r2m03.cer',), 'crlDistributionPoints': ('http://crl.r2m03.amazontrust.com/r2m03.crl',)}
2025-06-18 16:37:01,888 - EnvironmentData - WARNING - SSL certificate issue, retrying without verification: HTTPSConnectionPool(host='api.conserv.io', port=443): Max retries exceeded with url: /v1/sensors/export/cfe15bf5-1c65-418a-a18d-f823f3777433/download (Caused by SSLError(CertificateError("hostname 'api.conserv.io' doesn't match '*.execute-api.us-east-1.amazonaws.com'")))
2025-06-18 16:37:02,501 - EnvironmentData - INFO - Downloading export data from S3
2025-06-18 16:37:03,183 - EnvironmentData - INFO - Downloaded 203 rows, 7 columns
2025-06-18 16:37:03,194 - EnvironmentData - INFO - Successfully exported 203 rows for customer 1545
2025-06-18 16:37:03,195 - EnvironmentData - INFO - Successfully fetched 203 records for customer 1545
2025-06-18 16:37:03,196 - EnvironmentData - INFO - Fetching data for customer 333
2025-06-18 16:37:03,197 - EnvironmentData - INFO - Exporting chunk for customer 333: 2025-06-17 13:34:47+00:00 to 2025-06-18 13:34:47+00:00
2025-06-18 16:37:03,197 - EnvironmentData - INFO - Starting export for customer 333: 2025-06-17 13:34:47+00:00 to 2025-06-18 13:34:47+00:00
2025-06-18 16:37:03,199 - EnvironmentData - INFO - Launch export payload: {'start': '2025-06-17T13:34:47+00:00', 'end': '2025-06-18T13:34:47+00:00'}
2025-06-18 16:37:03,200 - EnvironmentData - INFO - Conserv API POST https://api.conserv.io/v1/sensors/export headers={'x-api-key': 'XXXX', 'Content-Type': 'application/json'}
2025-06-18 16:37:03,639 - urllib3.connection - WARNING - Certificate did not match expected hostname: api.conserv.io. Certificate: {'subject': ((('commonName', '*.execute-api.us-east-1.amazonaws.com'),),), 'issuer': ((('countryName', 'US'),), (('organizationName', 'Amazon'),), (('commonName', 'Amazon RSA 2048 M03'),)), 'version': 3, 'serialNumber': '03CC5A98E4786D36F24CA5E1158E1EA3', 'notBefore': 'Mar 22 00:00:00 2025 GMT', 'notAfter': 'Apr 19 23:59:59 2026 GMT', 'subjectAltName': (('DNS', '*.execute-api.us-east-1.amazonaws.com'),), 'OCSP': ('http://ocsp.r2m03.amazontrust.com',), 'caIssuers': ('http://crt.r2m03.amazontrust.com/r2m03.cer',), 'crlDistributionPoints': ('http://crl.r2m03.amazontrust.com/r2m03.crl',)}
2025-06-18 16:37:03,644 - EnvironmentData - WARNING - SSL certificate issue, retrying without verification: HTTPSConnectionPool(host='api.conserv.io', port=443): Max retries exceeded with url: /v1/sensors/export (Caused by SSLError(CertificateError("hostname 'api.conserv.io' doesn't match '*.execute-api.us-east-1.amazonaws.com'")))
2025-06-18 16:37:04,233 - EnvironmentData - INFO - Conserv export launched: 564b6e2d-62d9-4e9a-b6eb-55ddfee0a259
2025-06-18 16:37:04,241 - EnvironmentData - INFO - Conserv API GET https://api.conserv.io/v1/sensors/export/564b6e2d-62d9-4e9a-b6eb-55ddfee0a259/status headers={'x-api-key': 'XXXX', 'Content-Type': 'application/json'}
2025-06-18 16:37:04,580 - urllib3.connection - WARNING - Certificate did not match expected hostname: api.conserv.io. Certificate: {'subject': ((('commonName', '*.execute-api.us-east-1.amazonaws.com'),),), 'issuer': ((('countryName', 'US'),), (('organizationName', 'Amazon'),), (('commonName', 'Amazon RSA 2048 M03'),)), 'version': 3, 'serialNumber': '03CC5A98E4786D36F24CA5E1158E1EA3', 'notBefore': 'Mar 22 00:00:00 2025 GMT', 'notAfter': 'Apr 19 23:59:59 2026 GMT', 'subjectAltName': (('DNS', '*.execute-api.us-east-1.amazonaws.com'),), 'OCSP': ('http://ocsp.r2m03.amazontrust.com',), 'caIssuers': ('http://crt.r2m03.amazontrust.com/r2m03.cer',), 'crlDistributionPoints': ('http://crl.r2m03.amazontrust.com/r2m03.crl',)}
2025-06-18 16:37:04,583 - EnvironmentData - WARNING - SSL certificate issue, retrying without verification: HTTPSConnectionPool(host='api.conserv.io', port=443): Max retries exceeded with url: /v1/sensors/export/564b6e2d-62d9-4e9a-b6eb-55ddfee0a259/status (Caused by SSLError(CertificateError("hostname 'api.conserv.io' doesn't match '*.execute-api.us-east-1.amazonaws.com'")))
2025-06-18 16:37:05,184 - EnvironmentData - INFO - Export 564b6e2d-62d9-4e9a-b6eb-55ddfee0a259 still pending, waiting 30s...
2025-06-18 16:37:35,187 - EnvironmentData - INFO - Conserv API GET https://api.conserv.io/v1/sensors/export/564b6e2d-62d9-4e9a-b6eb-55ddfee0a259/status headers={'x-api-key': 'XXXX', 'Content-Type': 'application/json'}
2025-06-18 16:37:35,496 - urllib3.connection - WARNING - Certificate did not match expected hostname: api.conserv.io. Certificate: {'subject': ((('commonName', '*.execute-api.us-east-1.amazonaws.com'),),), 'issuer': ((('countryName', 'US'),), (('organizationName', 'Amazon'),), (('commonName', 'Amazon RSA 2048 M03'),)), 'version': 3, 'serialNumber': '03CC5A98E4786D36F24CA5E1158E1EA3', 'notBefore': 'Mar 22 00:00:00 2025 GMT', 'notAfter': 'Apr 19 23:59:59 2026 GMT', 'subjectAltName': (('DNS', '*.execute-api.us-east-1.amazonaws.com'),), 'OCSP': ('http://ocsp.r2m03.amazontrust.com',), 'caIssuers': ('http://crt.r2m03.amazontrust.com/r2m03.cer',), 'crlDistributionPoints': ('http://crl.r2m03.amazontrust.com/r2m03.crl',)}
2025-06-18 16:37:35,499 - EnvironmentData - WARNING - SSL certificate issue, retrying without verification: HTTPSConnectionPool(host='api.conserv.io', port=443): Max retries exceeded with url: /v1/sensors/export/564b6e2d-62d9-4e9a-b6eb-55ddfee0a259/status (Caused by SSLError(CertificateError("hostname 'api.conserv.io' doesn't match '*.execute-api.us-east-1.amazonaws.com'")))
2025-06-18 16:37:36,056 - EnvironmentData - INFO - Export 564b6e2d-62d9-4e9a-b6eb-55ddfee0a259 still pending, waiting 30s...
2025-06-18 16:38:06,059 - EnvironmentData - INFO - Conserv API GET https://api.conserv.io/v1/sensors/export/564b6e2d-62d9-4e9a-b6eb-55ddfee0a259/status headers={'x-api-key': 'XXXX', 'Content-Type': 'application/json'}
2025-06-18 16:38:06,427 - urllib3.connection - WARNING - Certificate did not match expected hostname: api.conserv.io. Certificate: {'subject': ((('commonName', '*.execute-api.us-east-1.amazonaws.com'),),), 'issuer': ((('countryName', 'US'),), (('organizationName', 'Amazon'),), (('commonName', 'Amazon RSA 2048 M03'),)), 'version': 3, 'serialNumber': '03CC5A98E4786D36F24CA5E1158E1EA3', 'notBefore': 'Mar 22 00:00:00 2025 GMT', 'notAfter': 'Apr 19 23:59:59 2026 GMT', 'subjectAltName': (('DNS', '*.execute-api.us-east-1.amazonaws.com'),), 'OCSP': ('http://ocsp.r2m03.amazontrust.com',), 'caIssuers': ('http://crt.r2m03.amazontrust.com/r2m03.cer',), 'crlDistributionPoints': ('http://crl.r2m03.amazontrust.com/r2m03.crl',)}
2025-06-18 16:38:06,431 - EnvironmentData - WARNING - SSL certificate issue, retrying without verification: HTTPSConnectionPool(host='api.conserv.io', port=443): Max retries exceeded with url: /v1/sensors/export/564b6e2d-62d9-4e9a-b6eb-55ddfee0a259/status (Caused by SSLError(CertificateError("hostname 'api.conserv.io' doesn't match '*.execute-api.us-east-1.amazonaws.com'")))
2025-06-18 16:38:07,054 - EnvironmentData - INFO - Export 564b6e2d-62d9-4e9a-b6eb-55ddfee0a259 still pending, waiting 30s...
2025-06-18 16:38:37,056 - EnvironmentData - INFO - Conserv API GET https://api.conserv.io/v1/sensors/export/564b6e2d-62d9-4e9a-b6eb-55ddfee0a259/status headers={'x-api-key': 'XXXX', 'Content-Type': 'application/json'}
2025-06-18 16:38:37,347 - urllib3.connection - WARNING - Certificate did not match expected hostname: api.conserv.io. Certificate: {'subject': ((('commonName', '*.execute-api.us-east-1.amazonaws.com'),),), 'issuer': ((('countryName', 'US'),), (('organizationName', 'Amazon'),), (('commonName', 'Amazon RSA 2048 M03'),)), 'version': 3, 'serialNumber': '03CC5A98E4786D36F24CA5E1158E1EA3', 'notBefore': 'Mar 22 00:00:00 2025 GMT', 'notAfter': 'Apr 19 23:59:59 2026 GMT', 'subjectAltName': (('DNS', '*.execute-api.us-east-1.amazonaws.com'),), 'OCSP': ('http://ocsp.r2m03.amazontrust.com',), 'caIssuers': ('http://crt.r2m03.amazontrust.com/r2m03.cer',), 'crlDistributionPoints': ('http://crl.r2m03.amazontrust.com/r2m03.crl',)}
2025-06-18 16:38:37,348 - EnvironmentData - WARNING - SSL certificate issue, retrying without verification: HTTPSConnectionPool(host='api.conserv.io', port=443): Max retries exceeded with url: /v1/sensors/export/564b6e2d-62d9-4e9a-b6eb-55ddfee0a259/status (Caused by SSLError(CertificateError("hostname 'api.conserv.io' doesn't match '*.execute-api.us-east-1.amazonaws.com'")))
2025-06-18 16:38:37,859 - EnvironmentData - INFO - Export 564b6e2d-62d9-4e9a-b6eb-55ddfee0a259 completed successfully
2025-06-18 16:38:42,861 - EnvironmentData - INFO - Conserv API POST https://api.conserv.io/v1/sensors/export/564b6e2d-62d9-4e9a-b6eb-55ddfee0a259/download headers={'x-api-key': 'XXXX', 'Content-Type': 'application/json'}
2025-06-18 16:38:43,175 - urllib3.connection - WARNING - Certificate did not match expected hostname: api.conserv.io. Certificate: {'subject': ((('commonName', '*.execute-api.us-east-1.amazonaws.com'),),), 'issuer': ((('countryName', 'US'),), (('organizationName', 'Amazon'),), (('commonName', 'Amazon RSA 2048 M03'),)), 'version': 3, 'serialNumber': '03CC5A98E4786D36F24CA5E1158E1EA3', 'notBefore': 'Mar 22 00:00:00 2025 GMT', 'notAfter': 'Apr 19 23:59:59 2026 GMT', 'subjectAltName': (('DNS', '*.execute-api.us-east-1.amazonaws.com'),), 'OCSP': ('http://ocsp.r2m03.amazontrust.com',), 'caIssuers': ('http://crt.r2m03.amazontrust.com/r2m03.cer',), 'crlDistributionPoints': ('http://crl.r2m03.amazontrust.com/r2m03.crl',)}
2025-06-18 16:38:43,177 - EnvironmentData - WARNING - SSL certificate issue, retrying without verification: HTTPSConnectionPool(host='api.conserv.io', port=443): Max retries exceeded with url: /v1/sensors/export/564b6e2d-62d9-4e9a-b6eb-55ddfee0a259/download (Caused by SSLError(CertificateError("hostname 'api.conserv.io' doesn't match '*.execute-api.us-east-1.amazonaws.com'")))
2025-06-18 16:38:43,706 - EnvironmentData - INFO - Downloading export data from S3
2025-06-18 16:38:45,510 - EnvironmentData - INFO - Downloaded 2859 rows, 7 columns
2025-06-18 16:38:45,514 - EnvironmentData - INFO - Successfully exported 2859 rows for customer 333
2025-06-18 16:38:45,514 - EnvironmentData - INFO - Successfully fetched 2859 records for customer 333
2025-06-18 16:38:45,515 - EnvironmentData - INFO - Fetching data for customer 307
2025-06-18 16:38:45,515 - EnvironmentData - INFO - Exporting chunk for customer 307: 2025-06-17 13:34:47+00:00 to 2025-06-18 13:34:47+00:00
2025-06-18 16:38:45,516 - EnvironmentData - INFO - Starting export for customer 307: 2025-06-17 13:34:47+00:00 to 2025-06-18 13:34:47+00:00
2025-06-18 16:38:45,517 - EnvironmentData - INFO - Launch export payload: {'start': '2025-06-17T13:34:47+00:00', 'end': '2025-06-18T13:34:47+00:00'}
2025-06-18 16:38:45,518 - EnvironmentData - INFO - Conserv API POST https://api.conserv.io/v1/sensors/export headers={'x-api-key': 'XXXX', 'Content-Type': 'application/json'}
2025-06-18 16:38:45,828 - urllib3.connection - WARNING - Certificate did not match expected hostname: api.conserv.io. Certificate: {'subject': ((('commonName', '*.execute-api.us-east-1.amazonaws.com'),),), 'issuer': ((('countryName', 'US'),), (('organizationName', 'Amazon'),), (('commonName', 'Amazon RSA 2048 M03'),)), 'version': 3, 'serialNumber': '03CC5A98E4786D36F24CA5E1158E1EA3', 'notBefore': 'Mar 22 00:00:00 2025 GMT', 'notAfter': 'Apr 19 23:59:59 2026 GMT', 'subjectAltName': (('DNS', '*.execute-api.us-east-1.amazonaws.com'),), 'OCSP': ('http://ocsp.r2m03.amazontrust.com',), 'caIssuers': ('http://crt.r2m03.amazontrust.com/r2m03.cer',), 'crlDistributionPoints': ('http://crl.r2m03.amazontrust.com/r2m03.crl',)}
2025-06-18 16:38:45,829 - EnvironmentData - WARNING - SSL certificate issue, retrying without verification: HTTPSConnectionPool(host='api.conserv.io', port=443): Max retries exceeded with url: /v1/sensors/export (Caused by SSLError(CertificateError("hostname 'api.conserv.io' doesn't match '*.execute-api.us-east-1.amazonaws.com'")))
2025-06-18 16:38:46,451 - EnvironmentData - INFO - Conserv export launched: 7286a727-9864-4d7a-9922-4892175d59df
2025-06-18 16:38:46,457 - EnvironmentData - INFO - Conserv API GET https://api.conserv.io/v1/sensors/export/7286a727-9864-4d7a-9922-4892175d59df/status headers={'x-api-key': 'XXXX', 'Content-Type': 'application/json'}
2025-06-18 16:38:46,798 - urllib3.connection - WARNING - Certificate did not match expected hostname: api.conserv.io. Certificate: {'subject': ((('commonName', '*.execute-api.us-east-1.amazonaws.com'),),), 'issuer': ((('countryName', 'US'),), (('organizationName', 'Amazon'),), (('commonName', 'Amazon RSA 2048 M03'),)), 'version': 3, 'serialNumber': '03CC5A98E4786D36F24CA5E1158E1EA3', 'notBefore': 'Mar 22 00:00:00 2025 GMT', 'notAfter': 'Apr 19 23:59:59 2026 GMT', 'subjectAltName': (('DNS', '*.execute-api.us-east-1.amazonaws.com'),), 'OCSP': ('http://ocsp.r2m03.amazontrust.com',), 'caIssuers': ('http://crt.r2m03.amazontrust.com/r2m03.cer',), 'crlDistributionPoints': ('http://crl.r2m03.amazontrust.com/r2m03.crl',)}
2025-06-18 16:38:46,801 - EnvironmentData - WARNING - SSL certificate issue, retrying without verification: HTTPSConnectionPool(host='api.conserv.io', port=443): Max retries exceeded with url: /v1/sensors/export/7286a727-9864-4d7a-9922-4892175d59df/status (Caused by SSLError(CertificateError("hostname 'api.conserv.io' doesn't match '*.execute-api.us-east-1.amazonaws.com'")))
2025-06-18 16:38:47,296 - EnvironmentData - INFO - Export 7286a727-9864-4d7a-9922-4892175d59df still pending, waiting 30s...
2025-06-18 16:39:17,298 - EnvironmentData - INFO - Conserv API GET https://api.conserv.io/v1/sensors/export/7286a727-9864-4d7a-9922-4892175d59df/status headers={'x-api-key': 'XXXX', 'Content-Type': 'application/json'}
2025-06-18 16:39:17,666 - urllib3.connection - WARNING - Certificate did not match expected hostname: api.conserv.io. Certificate: {'subject': ((('commonName', '*.execute-api.us-east-1.amazonaws.com'),),), 'issuer': ((('countryName', 'US'),), (('organizationName', 'Amazon'),), (('commonName', 'Amazon RSA 2048 M03'),)), 'version': 3, 'serialNumber': '03CC5A98E4786D36F24CA5E1158E1EA3', 'notBefore': 'Mar 22 00:00:00 2025 GMT', 'notAfter': 'Apr 19 23:59:59 2026 GMT', 'subjectAltName': (('DNS', '*.execute-api.us-east-1.amazonaws.com'),), 'OCSP': ('http://ocsp.r2m03.amazontrust.com',), 'caIssuers': ('http://crt.r2m03.amazontrust.com/r2m03.cer',), 'crlDistributionPoints': ('http://crl.r2m03.amazontrust.com/r2m03.crl',)}
2025-06-18 16:39:17,669 - EnvironmentData - WARNING - SSL certificate issue, retrying without verification: HTTPSConnectionPool(host='api.conserv.io', port=443): Max retries exceeded with url: /v1/sensors/export/7286a727-9864-4d7a-9922-4892175d59df/status (Caused by SSLError(CertificateError("hostname 'api.conserv.io' doesn't match '*.execute-api.us-east-1.amazonaws.com'")))
2025-06-18 16:39:18,994 - EnvironmentData - INFO - Export 7286a727-9864-4d7a-9922-4892175d59df still pending, waiting 30s...
2025-06-18 16:39:48,996 - EnvironmentData - INFO - Conserv API GET https://api.conserv.io/v1/sensors/export/7286a727-9864-4d7a-9922-4892175d59df/status headers={'x-api-key': 'XXXX', 'Content-Type': 'application/json'}
2025-06-18 16:39:49,299 - urllib3.connection - WARNING - Certificate did not match expected hostname: api.conserv.io. Certificate: {'subject': ((('commonName', '*.execute-api.us-east-1.amazonaws.com'),),), 'issuer': ((('countryName', 'US'),), (('organizationName', 'Amazon'),), (('commonName', 'Amazon RSA 2048 M03'),)), 'version': 3, 'serialNumber': '03CC5A98E4786D36F24CA5E1158E1EA3', 'notBefore': 'Mar 22 00:00:00 2025 GMT', 'notAfter': 'Apr 19 23:59:59 2026 GMT', 'subjectAltName': (('DNS', '*.execute-api.us-east-1.amazonaws.com'),), 'OCSP': ('http://ocsp.r2m03.amazontrust.com',), 'caIssuers': ('http://crt.r2m03.amazontrust.com/r2m03.cer',), 'crlDistributionPoints': ('http://crl.r2m03.amazontrust.com/r2m03.crl',)}
2025-06-18 16:39:49,301 - EnvironmentData - WARNING - SSL certificate issue, retrying without verification: HTTPSConnectionPool(host='api.conserv.io', port=443): Max retries exceeded with url: /v1/sensors/export/7286a727-9864-4d7a-9922-4892175d59df/status (Caused by SSLError(CertificateError("hostname 'api.conserv.io' doesn't match '*.execute-api.us-east-1.amazonaws.com'")))
2025-06-18 16:39:49,788 - EnvironmentData - INFO - Export 7286a727-9864-4d7a-9922-4892175d59df still pending, waiting 30s...
2025-06-18 16:40:19,790 - EnvironmentData - INFO - Conserv API GET https://api.conserv.io/v1/sensors/export/7286a727-9864-4d7a-9922-4892175d59df/status headers={'x-api-key': 'XXXX', 'Content-Type': 'application/json'}
2025-06-18 16:40:20,249 - urllib3.connection - WARNING - Certificate did not match expected hostname: api.conserv.io. Certificate: {'subject': ((('commonName', '*.execute-api.us-east-1.amazonaws.com'),),), 'issuer': ((('countryName', 'US'),), (('organizationName', 'Amazon'),), (('commonName', 'Amazon RSA 2048 M03'),)), 'version': 3, 'serialNumber': '03CC5A98E4786D36F24CA5E1158E1EA3', 'notBefore': 'Mar 22 00:00:00 2025 GMT', 'notAfter': 'Apr 19 23:59:59 2026 GMT', 'subjectAltName': (('DNS', '*.execute-api.us-east-1.amazonaws.com'),), 'OCSP': ('http://ocsp.r2m03.amazontrust.com',), 'caIssuers': ('http://crt.r2m03.amazontrust.com/r2m03.cer',), 'crlDistributionPoints': ('http://crl.r2m03.amazontrust.com/r2m03.crl',)}
2025-06-18 16:40:20,254 - EnvironmentData - WARNING - SSL certificate issue, retrying without verification: HTTPSConnectionPool(host='api.conserv.io', port=443): Max retries exceeded with url: /v1/sensors/export/7286a727-9864-4d7a-9922-4892175d59df/status (Caused by SSLError(CertificateError("hostname 'api.conserv.io' doesn't match '*.execute-api.us-east-1.amazonaws.com'")))
2025-06-18 16:40:20,804 - EnvironmentData - INFO - Export 7286a727-9864-4d7a-9922-4892175d59df completed successfully
2025-06-18 16:40:25,808 - EnvironmentData - INFO - Conserv API POST https://api.conserv.io/v1/sensors/export/7286a727-9864-4d7a-9922-4892175d59df/download headers={'x-api-key': 'XXXX', 'Content-Type': 'application/json'}
2025-06-18 16:40:26,133 - urllib3.connection - WARNING - Certificate did not match expected hostname: api.conserv.io. Certificate: {'subject': ((('commonName', '*.execute-api.us-east-1.amazonaws.com'),),), 'issuer': ((('countryName', 'US'),), (('organizationName', 'Amazon'),), (('commonName', 'Amazon RSA 2048 M03'),)), 'version': 3, 'serialNumber': '03CC5A98E4786D36F24CA5E1158E1EA3', 'notBefore': 'Mar 22 00:00:00 2025 GMT', 'notAfter': 'Apr 19 23:59:59 2026 GMT', 'subjectAltName': (('DNS', '*.execute-api.us-east-1.amazonaws.com'),), 'OCSP': ('http://ocsp.r2m03.amazontrust.com',), 'caIssuers': ('http://crt.r2m03.amazontrust.com/r2m03.cer',), 'crlDistributionPoints': ('http://crl.r2m03.amazontrust.com/r2m03.crl',)}
2025-06-18 16:40:26,135 - EnvironmentData - WARNING - SSL certificate issue, retrying without verification: HTTPSConnectionPool(host='api.conserv.io', port=443): Max retries exceeded with url: /v1/sensors/export/7286a727-9864-4d7a-9922-4892175d59df/download (Caused by SSLError(CertificateError("hostname 'api.conserv.io' doesn't match '*.execute-api.us-east-1.amazonaws.com'")))
2025-06-18 16:40:26,659 - EnvironmentData - INFO - Downloading export data from S3
2025-06-18 16:40:27,919 - EnvironmentData - INFO - Downloaded 2941 rows, 7 columns
2025-06-18 16:40:27,925 - EnvironmentData - INFO - Successfully exported 2941 rows for customer 307
2025-06-18 16:40:27,927 - EnvironmentData - INFO - Successfully fetched 2941 records for customer 307
2025-06-18 16:40:27,927 - EnvironmentData - INFO - Fetching data for customer 2671
2025-06-18 16:40:27,928 - EnvironmentData - INFO - Exporting chunk for customer 2671: 2025-06-17 13:34:47+00:00 to 2025-06-18 13:34:47+00:00
2025-06-18 16:40:27,928 - EnvironmentData - INFO - Starting export for customer 2671: 2025-06-17 13:34:47+00:00 to 2025-06-18 13:34:47+00:00
2025-06-18 16:40:27,929 - EnvironmentData - INFO - Launch export payload: {'start': '2025-06-17T13:34:47+00:00', 'end': '2025-06-18T13:34:47+00:00'}
2025-06-18 16:40:27,929 - EnvironmentData - INFO - Conserv API POST https://api.conserv.io/v1/sensors/export headers={'x-api-key': 'XXXX', 'Content-Type': 'application/json'}
2025-06-18 16:40:28,241 - urllib3.connection - WARNING - Certificate did not match expected hostname: api.conserv.io. Certificate: {'subject': ((('commonName', '*.execute-api.us-east-1.amazonaws.com'),),), 'issuer': ((('countryName', 'US'),), (('organizationName', 'Amazon'),), (('commonName', 'Amazon RSA 2048 M03'),)), 'version': 3, 'serialNumber': '03CC5A98E4786D36F24CA5E1158E1EA3', 'notBefore': 'Mar 22 00:00:00 2025 GMT', 'notAfter': 'Apr 19 23:59:59 2026 GMT', 'subjectAltName': (('DNS', '*.execute-api.us-east-1.amazonaws.com'),), 'OCSP': ('http://ocsp.r2m03.amazontrust.com',), 'caIssuers': ('http://crt.r2m03.amazontrust.com/r2m03.cer',), 'crlDistributionPoints': ('http://crl.r2m03.amazontrust.com/r2m03.crl',)}
2025-06-18 16:40:28,243 - EnvironmentData - WARNING - SSL certificate issue, retrying without verification: HTTPSConnectionPool(host='api.conserv.io', port=443): Max retries exceeded with url: /v1/sensors/export (Caused by SSLError(CertificateError("hostname 'api.conserv.io' doesn't match '*.execute-api.us-east-1.amazonaws.com'")))
2025-06-18 16:40:28,836 - EnvironmentData - INFO - Conserv export launched: 618ef74c-b53b-4740-b656-cf0b764ca783
2025-06-18 16:40:28,841 - EnvironmentData - INFO - Conserv API GET https://api.conserv.io/v1/sensors/export/618ef74c-b53b-4740-b656-cf0b764ca783/status headers={'x-api-key': 'XXXX', 'Content-Type': 'application/json'}
2025-06-18 16:40:29,116 - urllib3.connection - WARNING - Certificate did not match expected hostname: api.conserv.io. Certificate: {'subject': ((('commonName', '*.execute-api.us-east-1.amazonaws.com'),),), 'issuer': ((('countryName', 'US'),), (('organizationName', 'Amazon'),), (('commonName', 'Amazon RSA 2048 M03'),)), 'version': 3, 'serialNumber': '03CC5A98E4786D36F24CA5E1158E1EA3', 'notBefore': 'Mar 22 00:00:00 2025 GMT', 'notAfter': 'Apr 19 23:59:59 2026 GMT', 'subjectAltName': (('DNS', '*.execute-api.us-east-1.amazonaws.com'),), 'OCSP': ('http://ocsp.r2m03.amazontrust.com',), 'caIssuers': ('http://crt.r2m03.amazontrust.com/r2m03.cer',), 'crlDistributionPoints': ('http://crl.r2m03.amazontrust.com/r2m03.crl',)}
2025-06-18 16:40:29,119 - EnvironmentData - WARNING - SSL certificate issue, retrying without verification: HTTPSConnectionPool(host='api.conserv.io', port=443): Max retries exceeded with url: /v1/sensors/export/618ef74c-b53b-4740-b656-cf0b764ca783/status (Caused by SSLError(CertificateError("hostname 'api.conserv.io' doesn't match '*.execute-api.us-east-1.amazonaws.com'")))
2025-06-18 16:40:29,685 - EnvironmentData - INFO - Export 618ef74c-b53b-4740-b656-cf0b764ca783 still pending, waiting 30s...
2025-06-18 16:40:59,686 - EnvironmentData - INFO - Conserv API GET https://api.conserv.io/v1/sensors/export/618ef74c-b53b-4740-b656-cf0b764ca783/status headers={'x-api-key': 'XXXX', 'Content-Type': 'application/json'}
2025-06-18 16:41:00,042 - urllib3.connection - WARNING - Certificate did not match expected hostname: api.conserv.io. Certificate: {'subject': ((('commonName', '*.execute-api.us-east-1.amazonaws.com'),),), 'issuer': ((('countryName', 'US'),), (('organizationName', 'Amazon'),), (('commonName', 'Amazon RSA 2048 M03'),)), 'version': 3, 'serialNumber': '03CC5A98E4786D36F24CA5E1158E1EA3', 'notBefore': 'Mar 22 00:00:00 2025 GMT', 'notAfter': 'Apr 19 23:59:59 2026 GMT', 'subjectAltName': (('DNS', '*.execute-api.us-east-1.amazonaws.com'),), 'OCSP': ('http://ocsp.r2m03.amazontrust.com',), 'caIssuers': ('http://crt.r2m03.amazontrust.com/r2m03.cer',), 'crlDistributionPoints': ('http://crl.r2m03.amazontrust.com/r2m03.crl',)}
2025-06-18 16:41:00,046 - EnvironmentData - WARNING - SSL certificate issue, retrying without verification: HTTPSConnectionPool(host='api.conserv.io', port=443): Max retries exceeded with url: /v1/sensors/export/618ef74c-b53b-4740-b656-cf0b764ca783/status (Caused by SSLError(CertificateError("hostname 'api.conserv.io' doesn't match '*.execute-api.us-east-1.amazonaws.com'")))
2025-06-18 16:41:00,549 - EnvironmentData - INFO - Export 618ef74c-b53b-4740-b656-cf0b764ca783 still pending, waiting 30s...
2025-06-18 16:41:30,553 - EnvironmentData - INFO - Conserv API GET https://api.conserv.io/v1/sensors/export/618ef74c-b53b-4740-b656-cf0b764ca783/status headers={'x-api-key': 'XXXX', 'Content-Type': 'application/json'}
2025-06-18 16:41:30,921 - urllib3.connection - WARNING - Certificate did not match expected hostname: api.conserv.io. Certificate: {'subject': ((('commonName', '*.execute-api.us-east-1.amazonaws.com'),),), 'issuer': ((('countryName', 'US'),), (('organizationName', 'Amazon'),), (('commonName', 'Amazon RSA 2048 M03'),)), 'version': 3, 'serialNumber': '03CC5A98E4786D36F24CA5E1158E1EA3', 'notBefore': 'Mar 22 00:00:00 2025 GMT', 'notAfter': 'Apr 19 23:59:59 2026 GMT', 'subjectAltName': (('DNS', '*.execute-api.us-east-1.amazonaws.com'),), 'OCSP': ('http://ocsp.r2m03.amazontrust.com',), 'caIssuers': ('http://crt.r2m03.amazontrust.com/r2m03.cer',), 'crlDistributionPoints': ('http://crl.r2m03.amazontrust.com/r2m03.crl',)}
2025-06-18 16:41:30,923 - EnvironmentData - WARNING - SSL certificate issue, retrying without verification: HTTPSConnectionPool(host='api.conserv.io', port=443): Max retries exceeded with url: /v1/sensors/export/618ef74c-b53b-4740-b656-cf0b764ca783/status (Caused by SSLError(CertificateError("hostname 'api.conserv.io' doesn't match '*.execute-api.us-east-1.amazonaws.com'")))
2025-06-18 16:41:31,492 - EnvironmentData - INFO - Export 618ef74c-b53b-4740-b656-cf0b764ca783 still pending, waiting 30s...
2025-06-18 16:42:01,494 - EnvironmentData - INFO - Conserv API GET https://api.conserv.io/v1/sensors/export/618ef74c-b53b-4740-b656-cf0b764ca783/status headers={'x-api-key': 'XXXX', 'Content-Type': 'application/json'}
2025-06-18 16:42:03,183 - urllib3.connection - WARNING - Certificate did not match expected hostname: api.conserv.io. Certificate: {'subject': ((('commonName', '*.execute-api.us-east-1.amazonaws.com'),),), 'issuer': ((('countryName', 'US'),), (('organizationName', 'Amazon'),), (('commonName', 'Amazon RSA 2048 M03'),)), 'version': 3, 'serialNumber': '03CC5A98E4786D36F24CA5E1158E1EA3', 'notBefore': 'Mar 22 00:00:00 2025 GMT', 'notAfter': 'Apr 19 23:59:59 2026 GMT', 'subjectAltName': (('DNS', '*.execute-api.us-east-1.amazonaws.com'),), 'OCSP': ('http://ocsp.r2m03.amazontrust.com',), 'caIssuers': ('http://crt.r2m03.amazontrust.com/r2m03.cer',), 'crlDistributionPoints': ('http://crl.r2m03.amazontrust.com/r2m03.crl',)}
2025-06-18 16:42:03,184 - EnvironmentData - WARNING - SSL certificate issue, retrying without verification: HTTPSConnectionPool(host='api.conserv.io', port=443): Max retries exceeded with url: /v1/sensors/export/618ef74c-b53b-4740-b656-cf0b764ca783/status (Caused by SSLError(CertificateError("hostname 'api.conserv.io' doesn't match '*.execute-api.us-east-1.amazonaws.com'")))
2025-06-18 16:42:03,877 - EnvironmentData - INFO - Export 618ef74c-b53b-4740-b656-cf0b764ca783 completed successfully
2025-06-18 16:42:08,879 - EnvironmentData - INFO - Conserv API POST https://api.conserv.io/v1/sensors/export/618ef74c-b53b-4740-b656-cf0b764ca783/download headers={'x-api-key': 'XXXX', 'Content-Type': 'application/json'}
2025-06-18 16:42:09,387 - urllib3.connection - WARNING - Certificate did not match expected hostname: api.conserv.io. Certificate: {'subject': ((('commonName', '*.execute-api.us-east-1.amazonaws.com'),),), 'issuer': ((('countryName', 'US'),), (('organizationName', 'Amazon'),), (('commonName', 'Amazon RSA 2048 M03'),)), 'version': 3, 'serialNumber': '03CC5A98E4786D36F24CA5E1158E1EA3', 'notBefore': 'Mar 22 00:00:00 2025 GMT', 'notAfter': 'Apr 19 23:59:59 2026 GMT', 'subjectAltName': (('DNS', '*.execute-api.us-east-1.amazonaws.com'),), 'OCSP': ('http://ocsp.r2m03.amazontrust.com',), 'caIssuers': ('http://crt.r2m03.amazontrust.com/r2m03.cer',), 'crlDistributionPoints': ('http://crl.r2m03.amazontrust.com/r2m03.crl',)}
2025-06-18 16:42:09,388 - EnvironmentData - WARNING - SSL certificate issue, retrying without verification: HTTPSConnectionPool(host='api.conserv.io', port=443): Max retries exceeded with url: /v1/sensors/export/618ef74c-b53b-4740-b656-cf0b764ca783/download (Caused by SSLError(CertificateError("hostname 'api.conserv.io' doesn't match '*.execute-api.us-east-1.amazonaws.com'")))
2025-06-18 16:42:09,932 - EnvironmentData - ERROR - Conserv API request failed even without SSL verification: 404 Client Error: Not Found for url: https://api.conserv.io/v1/sensors/export/618ef74c-b53b-4740-b656-cf0b764ca783/download
2025-06-18 16:42:09,933 - EnvironmentData - ERROR - Export failed for customer 2671: 404 Client Error: Not Found for url: https://api.conserv.io/v1/sensors/export/618ef74c-b53b-4740-b656-cf0b764ca783/download
2025-06-18 16:42:09,938 - EnvironmentData - INFO - No data available for customer 2671
2025-06-18 16:42:09,938 - EnvironmentData - INFO - Fetching data for customer 1696
2025-06-18 16:42:09,939 - EnvironmentData - INFO - Exporting chunk for customer 1696: 2025-06-17 13:34:47+00:00 to 2025-06-18 13:34:47+00:00
2025-06-18 16:42:09,939 - EnvironmentData - INFO - Starting export for customer 1696: 2025-06-17 13:34:47+00:00 to 2025-06-18 13:34:47+00:00
2025-06-18 16:42:09,939 - EnvironmentData - INFO - Launch export payload: {'start': '2025-06-17T13:34:47+00:00', 'end': '2025-06-18T13:34:47+00:00'}
2025-06-18 16:42:09,940 - EnvironmentData - INFO - Conserv API POST https://api.conserv.io/v1/sensors/export headers={'x-api-key': 'XXXX', 'Content-Type': 'application/json'}
2025-06-18 16:42:10,525 - urllib3.connection - WARNING - Certificate did not match expected hostname: api.conserv.io. Certificate: {'subject': ((('commonName', '*.execute-api.us-east-1.amazonaws.com'),),), 'issuer': ((('countryName', 'US'),), (('organizationName', 'Amazon'),), (('commonName', 'Amazon RSA 2048 M03'),)), 'version': 3, 'serialNumber': '03CC5A98E4786D36F24CA5E1158E1EA3', 'notBefore': 'Mar 22 00:00:00 2025 GMT', 'notAfter': 'Apr 19 23:59:59 2026 GMT', 'subjectAltName': (('DNS', '*.execute-api.us-east-1.amazonaws.com'),), 'OCSP': ('http://ocsp.r2m03.amazontrust.com',), 'caIssuers': ('http://crt.r2m03.amazontrust.com/r2m03.cer',), 'crlDistributionPoints': ('http://crl.r2m03.amazontrust.com/r2m03.crl',)}
2025-06-18 16:42:10,527 - EnvironmentData - WARNING - SSL certificate issue, retrying without verification: HTTPSConnectionPool(host='api.conserv.io', port=443): Max retries exceeded with url: /v1/sensors/export (Caused by SSLError(CertificateError("hostname 'api.conserv.io' doesn't match '*.execute-api.us-east-1.amazonaws.com'")))
2025-06-18 16:42:11,120 - EnvironmentData - INFO - Conserv export launched: 2e1ff959-07e6-4c1a-82fd-391570b1ad5e
2025-06-18 16:42:11,124 - EnvironmentData - INFO - Conserv API GET https://api.conserv.io/v1/sensors/export/2e1ff959-07e6-4c1a-82fd-391570b1ad5e/status headers={'x-api-key': 'XXXX', 'Content-Type': 'application/json'}
2025-06-18 16:42:11,474 - urllib3.connection - WARNING - Certificate did not match expected hostname: api.conserv.io. Certificate: {'subject': ((('commonName', '*.execute-api.us-east-1.amazonaws.com'),),), 'issuer': ((('countryName', 'US'),), (('organizationName', 'Amazon'),), (('commonName', 'Amazon RSA 2048 M03'),)), 'version': 3, 'serialNumber': '03CC5A98E4786D36F24CA5E1158E1EA3', 'notBefore': 'Mar 22 00:00:00 2025 GMT', 'notAfter': 'Apr 19 23:59:59 2026 GMT', 'subjectAltName': (('DNS', '*.execute-api.us-east-1.amazonaws.com'),), 'OCSP': ('http://ocsp.r2m03.amazontrust.com',), 'caIssuers': ('http://crt.r2m03.amazontrust.com/r2m03.cer',), 'crlDistributionPoints': ('http://crl.r2m03.amazontrust.com/r2m03.crl',)}
2025-06-18 16:42:11,477 - EnvironmentData - WARNING - SSL certificate issue, retrying without verification: HTTPSConnectionPool(host='api.conserv.io', port=443): Max retries exceeded with url: /v1/sensors/export/2e1ff959-07e6-4c1a-82fd-391570b1ad5e/status (Caused by SSLError(CertificateError("hostname 'api.conserv.io' doesn't match '*.execute-api.us-east-1.amazonaws.com'")))
2025-06-18 16:42:12,002 - EnvironmentData - INFO - Export 2e1ff959-07e6-4c1a-82fd-391570b1ad5e still pending, waiting 30s...
2025-06-18 16:42:42,003 - EnvironmentData - INFO - Conserv API GET https://api.conserv.io/v1/sensors/export/2e1ff959-07e6-4c1a-82fd-391570b1ad5e/status headers={'x-api-key': 'XXXX', 'Content-Type': 'application/json'}
2025-06-18 16:42:42,431 - urllib3.connection - WARNING - Certificate did not match expected hostname: api.conserv.io. Certificate: {'subject': ((('commonName', '*.execute-api.us-east-1.amazonaws.com'),),), 'issuer': ((('countryName', 'US'),), (('organizationName', 'Amazon'),), (('commonName', 'Amazon RSA 2048 M03'),)), 'version': 3, 'serialNumber': '03CC5A98E4786D36F24CA5E1158E1EA3', 'notBefore': 'Mar 22 00:00:00 2025 GMT', 'notAfter': 'Apr 19 23:59:59 2026 GMT', 'subjectAltName': (('DNS', '*.execute-api.us-east-1.amazonaws.com'),), 'OCSP': ('http://ocsp.r2m03.amazontrust.com',), 'caIssuers': ('http://crt.r2m03.amazontrust.com/r2m03.cer',), 'crlDistributionPoints': ('http://crl.r2m03.amazontrust.com/r2m03.crl',)}
2025-06-18 16:42:42,432 - EnvironmentData - WARNING - SSL certificate issue, retrying without verification: HTTPSConnectionPool(host='api.conserv.io', port=443): Max retries exceeded with url: /v1/sensors/export/2e1ff959-07e6-4c1a-82fd-391570b1ad5e/status (Caused by SSLError(CertificateError("hostname 'api.conserv.io' doesn't match '*.execute-api.us-east-1.amazonaws.com'")))
2025-06-18 16:42:42,934 - EnvironmentData - INFO - Export 2e1ff959-07e6-4c1a-82fd-391570b1ad5e still pending, waiting 30s...
2025-06-18 16:43:12,936 - EnvironmentData - INFO - Conserv API GET https://api.conserv.io/v1/sensors/export/2e1ff959-07e6-4c1a-82fd-391570b1ad5e/status headers={'x-api-key': 'XXXX', 'Content-Type': 'application/json'}
2025-06-18 16:43:13,247 - urllib3.connection - WARNING - Certificate did not match expected hostname: api.conserv.io. Certificate: {'subject': ((('commonName', '*.execute-api.us-east-1.amazonaws.com'),),), 'issuer': ((('countryName', 'US'),), (('organizationName', 'Amazon'),), (('commonName', 'Amazon RSA 2048 M03'),)), 'version': 3, 'serialNumber': '03CC5A98E4786D36F24CA5E1158E1EA3', 'notBefore': 'Mar 22 00:00:00 2025 GMT', 'notAfter': 'Apr 19 23:59:59 2026 GMT', 'subjectAltName': (('DNS', '*.execute-api.us-east-1.amazonaws.com'),), 'OCSP': ('http://ocsp.r2m03.amazontrust.com',), 'caIssuers': ('http://crt.r2m03.amazontrust.com/r2m03.cer',), 'crlDistributionPoints': ('http://crl.r2m03.amazontrust.com/r2m03.crl',)}
2025-06-18 16:43:13,249 - EnvironmentData - WARNING - SSL certificate issue, retrying without verification: HTTPSConnectionPool(host='api.conserv.io', port=443): Max retries exceeded with url: /v1/sensors/export/2e1ff959-07e6-4c1a-82fd-391570b1ad5e/status (Caused by SSLError(CertificateError("hostname 'api.conserv.io' doesn't match '*.execute-api.us-east-1.amazonaws.com'")))
2025-06-18 16:43:13,796 - EnvironmentData - INFO - Export 2e1ff959-07e6-4c1a-82fd-391570b1ad5e still pending, waiting 30s...
2025-06-18 16:43:43,799 - EnvironmentData - INFO - Conserv API GET https://api.conserv.io/v1/sensors/export/2e1ff959-07e6-4c1a-82fd-391570b1ad5e/status headers={'x-api-key': 'XXXX', 'Content-Type': 'application/json'}
2025-06-18 16:43:44,438 - urllib3.connection - WARNING - Certificate did not match expected hostname: api.conserv.io. Certificate: {'subject': ((('commonName', '*.execute-api.us-east-1.amazonaws.com'),),), 'issuer': ((('countryName', 'US'),), (('organizationName', 'Amazon'),), (('commonName', 'Amazon RSA 2048 M03'),)), 'version': 3, 'serialNumber': '03CC5A98E4786D36F24CA5E1158E1EA3', 'notBefore': 'Mar 22 00:00:00 2025 GMT', 'notAfter': 'Apr 19 23:59:59 2026 GMT', 'subjectAltName': (('DNS', '*.execute-api.us-east-1.amazonaws.com'),), 'OCSP': ('http://ocsp.r2m03.amazontrust.com',), 'caIssuers': ('http://crt.r2m03.amazontrust.com/r2m03.cer',), 'crlDistributionPoints': ('http://crl.r2m03.amazontrust.com/r2m03.crl',)}
2025-06-18 16:43:44,441 - EnvironmentData - WARNING - SSL certificate issue, retrying without verification: HTTPSConnectionPool(host='api.conserv.io', port=443): Max retries exceeded with url: /v1/sensors/export/2e1ff959-07e6-4c1a-82fd-391570b1ad5e/status (Caused by SSLError(CertificateError("hostname 'api.conserv.io' doesn't match '*.execute-api.us-east-1.amazonaws.com'")))
2025-06-18 16:43:45,232 - EnvironmentData - INFO - Export 2e1ff959-07e6-4c1a-82fd-391570b1ad5e completed successfully
2025-06-18 16:43:50,235 - EnvironmentData - INFO - Conserv API POST https://api.conserv.io/v1/sensors/export/2e1ff959-07e6-4c1a-82fd-391570b1ad5e/download headers={'x-api-key': 'XXXX', 'Content-Type': 'application/json'}
2025-06-18 16:43:51,202 - urllib3.connection - WARNING - Certificate did not match expected hostname: api.conserv.io. Certificate: {'subject': ((('commonName', '*.execute-api.us-east-1.amazonaws.com'),),), 'issuer': ((('countryName', 'US'),), (('organizationName', 'Amazon'),), (('commonName', 'Amazon RSA 2048 M03'),)), 'version': 3, 'serialNumber': '03CC5A98E4786D36F24CA5E1158E1EA3', 'notBefore': 'Mar 22 00:00:00 2025 GMT', 'notAfter': 'Apr 19 23:59:59 2026 GMT', 'subjectAltName': (('DNS', '*.execute-api.us-east-1.amazonaws.com'),), 'OCSP': ('http://ocsp.r2m03.amazontrust.com',), 'caIssuers': ('http://crt.r2m03.amazontrust.com/r2m03.cer',), 'crlDistributionPoints': ('http://crl.r2m03.amazontrust.com/r2m03.crl',)}
2025-06-18 16:43:51,206 - EnvironmentData - WARNING - SSL certificate issue, retrying without verification: HTTPSConnectionPool(host='api.conserv.io', port=443): Max retries exceeded with url: /v1/sensors/export/2e1ff959-07e6-4c1a-82fd-391570b1ad5e/download (Caused by SSLError(CertificateError("hostname 'api.conserv.io' doesn't match '*.execute-api.us-east-1.amazonaws.com'")))
2025-06-18 16:43:51,701 - EnvironmentData - ERROR - Conserv API request failed even without SSL verification: 404 Client Error: Not Found for url: https://api.conserv.io/v1/sensors/export/2e1ff959-07e6-4c1a-82fd-391570b1ad5e/download
2025-06-18 16:43:51,703 - EnvironmentData - ERROR - Export failed for customer 1696: 404 Client Error: Not Found for url: https://api.conserv.io/v1/sensors/export/2e1ff959-07e6-4c1a-82fd-391570b1ad5e/download
2025-06-18 16:43:51,709 - EnvironmentData - INFO - No data available for customer 1696
2025-06-18 16:43:51,711 - EnvironmentData - WARNING - Failed to fetch current Conserv data: type Float64 is incompatible with expected type String
2025-06-18 16:43:51,713 - EnvironmentData - INFO - Current readings: 143 Coris only
2025-06-18 16:43:51,724 - ingest_all_sources - INFO - Current readings completed successfully
2025-06-18 16:43:51,725 - ingest_all_sources - INFO - Consolidating readings...
2025-06-18 16:43:51,726 - EnvironmentData - INFO - consolidate_readings
2025-06-18 16:43:51,758 - EnvironmentData - INFO - 143 new readings.
2025-06-18 16:43:51,780 - EnvironmentData - INFO - consolidate_readings validation: correct column data types.
2025-06-18 16:43:51,781 - EnvironmentData - INFO - consolidate_readings validation: at least one non-null value in readings.
2025-06-18 16:43:51,785 - EnvironmentData - INFO - consolidate_readings validation: no duplicated SensorReadingUTC per SensorID_Coris.
2025-06-18 16:43:51,788 - EnvironmentData - INFO - consolidate_readings validation: one SensorName per SensorID_Coris.
2025-06-18 16:43:51,793 - EnvironmentData - INFO - consolidate_readings validation: all SensorID_Coris in historical data (no dropped SensorID).
2025-06-18 16:43:51,862 - EnvironmentData - INFO - 858 total readings.
2025-06-18 16:43:51,884 - EnvironmentData-Errors - ERROR - Validation errors: 
30 missing values in [SensorReadingRh].
2025-06-18 16:43:51,886 - EnvironmentData - ERROR - Validation errors: 
30 missing values in [SensorReadingRh].
2025-06-18 16:43:51,922 - ingest_all_sources - ERROR - ============================================================
2025-06-18 16:43:51,923 - ingest_all_sources - ERROR - CRITICAL ERROR IN DATA INGESTION
2025-06-18 16:43:51,924 - ingest_all_sources - ERROR - Error: Unexpected SensorName format: RH KGL 218_8404e1 - no comm.
2025-06-18 16:43:51,925 - ingest_all_sources - ERROR - Traceback:
2025-06-18 16:43:51,927 - ingest_all_sources - ERROR - Traceback (most recent call last):
  File "X:\Coding Junk\Work\Upwork\Anthony Arbaiza - Existing Code modification\environmental-sensor-poc\ingest_all_sources.py", line 135, in main
    env_data.consolidate_readings()
  File "X:\Coding Junk\Work\Upwork\Anthony Arbaiza - Existing Code modification\environmental-sensor-poc\EnvironmentData.py", line 653, in consolidate_readings
    self.update_lookups()
  File "X:\Coding Junk\Work\Upwork\Anthony Arbaiza - Existing Code modification\environmental-sensor-poc\EnvironmentData.py", line 1030, in update_lookups
    raise Exception(f'Unexpected SensorName format: {sensorname}.')
Exception: Unexpected SensorName format: RH KGL 218_8404e1 - no comm.

2025-06-18 16:43:51,929 - ingest_all_sources - ERROR - ============================================================
