2025-06-18 16:19:38,351 - ingest_all_sources - INFO - ============================================================
2025-06-18 16:19:38,352 - ingest_all_sources - INFO - STARTING UNIFIED DATA INGESTION
2025-06-18 16:19:38,353 - ingest_all_sources - INFO - Start time: 2025-06-18 16:19:38.351255
2025-06-18 16:19:38,353 - ingest_all_sources - INFO - ============================================================
2025-06-18 16:19:38,354 - ingest_all_sources - INFO - Reading configuration...
2025-06-18 16:19:38,354 - ingest_all_sources - INFO - Environment debugging:
2025-06-18 16:19:38,354 - ingest_all_sources - INFO -   Current working directory: X:\Coding Junk\Work\Upwork\Anthony Arbaiza - Existing Code modification\environmental-sensor-poc
2025-06-18 16:19:38,489 - ingest_all_sources - INFO -   .env file exists: True
2025-06-18 16:19:38,490 - ingest_all_sources - INFO -   .env file has 15 lines
2025-06-18 16:19:38,490 - ingest_all_sources - INFO -     DAYS_BACK=1095
2025-06-18 16:19:38,490 - ingest_all_sources - INFO -     TESTING=False
2025-06-18 16:19:38,491 - ingest_all_sources - INFO -     CATS_USER_ID=2496
2025-06-18 16:19:38,491 - ingest_all_sources - INFO -     
2025-06-18 16:19:38,493 - ingest_all_sources - INFO - Configuration:
2025-06-18 16:19:38,493 - ingest_all_sources - INFO -   CATS_USER_ID: 2496
2025-06-18 16:19:38,493 - ingest_all_sources - INFO -   CONSERV_ENABLED: True
2025-06-18 16:19:38,494 - ingest_all_sources - INFO -   TESTING: False
2025-06-18 16:19:38,494 - ingest_all_sources - INFO -   RUN_WINDOW_HOURS: 24
2025-06-18 16:19:38,494 - ingest_all_sources - INFO -   Conserv API keys found for customers: [1545, 333, 307, 2671, 1696]
2025-06-18 16:19:38,494 - ingest_all_sources - INFO - Conserv integration active with 5 customers
2025-06-18 16:19:38,494 - ingest_all_sources - INFO - Initializing EnvironmentData...
2025-06-18 16:19:38,496 - EnvironmentData - INFO - Initialized Conserv client with 5 customers
2025-06-18 16:19:38,496 - EnvironmentData - INFO - Conserv API client initialized with 5 customers
2025-06-18 16:19:38,497 - ingest_all_sources - INFO - EnvironmentData initialized successfully
2025-06-18 16:19:38,497 - ingest_all_sources - INFO -   Conserv enabled: True
2025-06-18 16:19:38,497 - ingest_all_sources - INFO -   Conserv customers: 5
2025-06-18 16:19:38,497 - ingest_all_sources - INFO -   Cron status: initialized
2025-06-18 16:19:38,497 - ingest_all_sources - INFO - Pulling current readings from all sources...
2025-06-18 16:19:38,498 - EnvironmentData - INFO - get_current_readings: 1750252778
2025-06-18 16:19:38,498 - EnvironmentData - INFO - get_sensors
2025-06-18 16:19:38,498 - EnvironmentData - INFO - API call: https://cats.corismonitoring.com/api/cats/user/?ApiKey=XXXX&CatsUserID=XXXX
2025-06-18 16:19:40,540 - EnvironmentData - INFO - get_sensors validation: correct column data types.
2025-06-18 16:19:40,541 - EnvironmentData - INFO - get_sensors validation: at least one non-null value in readings.
2025-06-18 16:19:40,542 - EnvironmentData - INFO - get_sensors validation: no duplicated SensorReadingUTC per SensorID_Coris.
2025-06-18 16:19:40,544 - EnvironmentData - INFO - get_sensors validation: one SensorName per SensorID_Coris.
2025-06-18 16:19:40,547 - EnvironmentData - INFO - get_current_readings_coris validation: correct column data types.
2025-06-18 16:19:40,549 - EnvironmentData - INFO - get_current_readings_coris validation: at least one non-null value in readings.
2025-06-18 16:19:40,551 - EnvironmentData - INFO - get_current_readings_coris validation: SensorReadingUTC columns close to QueryUTC.
2025-06-18 16:19:40,551 - EnvironmentData - INFO - get_current_readings_coris validation: no duplicated SensorReadingUTC per SensorID_Coris.
2025-06-18 16:19:40,552 - EnvironmentData - INFO - get_current_readings_coris validation: one SensorName per SensorID_Coris.
2025-06-18 16:19:40,553 - EnvironmentData-Errors - ERROR - get_current_readings_coris validation errors : SensorReadingUTC differs from UTC: UTC: 1750252778, maximum absolute difference (minutes): 8e+05.

2025-06-18 16:19:40,554 - EnvironmentData - ERROR - get_current_readings_coris validation errors : SensorReadingUTC differs from UTC: UTC: 1750252778, maximum absolute difference (minutes): 8e+05.

2025-06-18 16:19:40,557 - EnvironmentData - INFO - Fetching current Conserv data for all customers
2025-06-18 16:19:40,558 - EnvironmentData - INFO - Fetching Conserv data for period: 1750166378 to 1750252778
2025-06-18 16:19:40,558 - EnvironmentData - INFO - Fetching data for customer 1545
2025-06-18 16:19:40,558 - EnvironmentData - INFO - Exporting chunk for customer 1545: 2025-06-17 13:19:38+00:00 to 2025-06-18 13:19:38+00:00
2025-06-18 16:19:40,559 - EnvironmentData - INFO - Starting export for customer 1545: 2025-06-17 13:19:38+00:00 to 2025-06-18 13:19:38+00:00
2025-06-18 16:19:40,559 - EnvironmentData - INFO - Launch export payload: {'start': '2025-06-17T13:19:38+00:00', 'end': '2025-06-18T13:19:38+00:00'}
2025-06-18 16:19:40,559 - EnvironmentData - INFO - Conserv API POST https://api.conserv.io/v1/sensors/export headers={'x-api-key': 'XXXX', 'Content-Type': 'application/json'}
2025-06-18 16:19:40,961 - urllib3.connection - WARNING - Certificate did not match expected hostname: api.conserv.io. Certificate: {'subject': ((('commonName', '*.execute-api.us-east-1.amazonaws.com'),),), 'issuer': ((('countryName', 'US'),), (('organizationName', 'Amazon'),), (('commonName', 'Amazon RSA 2048 M03'),)), 'version': 3, 'serialNumber': '03CC5A98E4786D36F24CA5E1158E1EA3', 'notBefore': 'Mar 22 00:00:00 2025 GMT', 'notAfter': 'Apr 19 23:59:59 2026 GMT', 'subjectAltName': (('DNS', '*.execute-api.us-east-1.amazonaws.com'),), 'OCSP': ('http://ocsp.r2m03.amazontrust.com',), 'caIssuers': ('http://crt.r2m03.amazontrust.com/r2m03.cer',), 'crlDistributionPoints': ('http://crl.r2m03.amazontrust.com/r2m03.crl',)}
2025-06-18 16:19:40,963 - EnvironmentData - WARNING - SSL certificate issue, retrying without verification: HTTPSConnectionPool(host='api.conserv.io', port=443): Max retries exceeded with url: /v1/sensors/export (Caused by SSLError(CertificateError("hostname 'api.conserv.io' doesn't match '*.execute-api.us-east-1.amazonaws.com'")))
2025-06-18 16:19:41,571 - EnvironmentData - INFO - Conserv export launched: 99602bd1-d99e-4c0d-942d-4f2d9f346165
2025-06-18 16:19:41,576 - EnvironmentData - INFO - Conserv API GET https://api.conserv.io/v1/sensors/export/99602bd1-d99e-4c0d-942d-4f2d9f346165/status headers={'x-api-key': 'XXXX', 'Content-Type': 'application/json'}
2025-06-18 16:19:41,891 - urllib3.connection - WARNING - Certificate did not match expected hostname: api.conserv.io. Certificate: {'subject': ((('commonName', '*.execute-api.us-east-1.amazonaws.com'),),), 'issuer': ((('countryName', 'US'),), (('organizationName', 'Amazon'),), (('commonName', 'Amazon RSA 2048 M03'),)), 'version': 3, 'serialNumber': '03CC5A98E4786D36F24CA5E1158E1EA3', 'notBefore': 'Mar 22 00:00:00 2025 GMT', 'notAfter': 'Apr 19 23:59:59 2026 GMT', 'subjectAltName': (('DNS', '*.execute-api.us-east-1.amazonaws.com'),), 'OCSP': ('http://ocsp.r2m03.amazontrust.com',), 'caIssuers': ('http://crt.r2m03.amazontrust.com/r2m03.cer',), 'crlDistributionPoints': ('http://crl.r2m03.amazontrust.com/r2m03.crl',)}
2025-06-18 16:19:41,892 - EnvironmentData - WARNING - SSL certificate issue, retrying without verification: HTTPSConnectionPool(host='api.conserv.io', port=443): Max retries exceeded with url: /v1/sensors/export/99602bd1-d99e-4c0d-942d-4f2d9f346165/status (Caused by SSLError(CertificateError("hostname 'api.conserv.io' doesn't match '*.execute-api.us-east-1.amazonaws.com'")))
2025-06-18 16:19:42,424 - EnvironmentData - INFO - Export 99602bd1-d99e-4c0d-942d-4f2d9f346165 still pending, waiting 30s...
2025-06-18 16:20:12,426 - EnvironmentData - INFO - Conserv API GET https://api.conserv.io/v1/sensors/export/99602bd1-d99e-4c0d-942d-4f2d9f346165/status headers={'x-api-key': 'XXXX', 'Content-Type': 'application/json'}
2025-06-18 16:20:12,938 - urllib3.connection - WARNING - Certificate did not match expected hostname: api.conserv.io. Certificate: {'subject': ((('commonName', '*.execute-api.us-east-1.amazonaws.com'),),), 'issuer': ((('countryName', 'US'),), (('organizationName', 'Amazon'),), (('commonName', 'Amazon RSA 2048 M03'),)), 'version': 3, 'serialNumber': '03CC5A98E4786D36F24CA5E1158E1EA3', 'notBefore': 'Mar 22 00:00:00 2025 GMT', 'notAfter': 'Apr 19 23:59:59 2026 GMT', 'subjectAltName': (('DNS', '*.execute-api.us-east-1.amazonaws.com'),), 'OCSP': ('http://ocsp.r2m03.amazontrust.com',), 'caIssuers': ('http://crt.r2m03.amazontrust.com/r2m03.cer',), 'crlDistributionPoints': ('http://crl.r2m03.amazontrust.com/r2m03.crl',)}
2025-06-18 16:20:12,939 - EnvironmentData - WARNING - SSL certificate issue, retrying without verification: HTTPSConnectionPool(host='api.conserv.io', port=443): Max retries exceeded with url: /v1/sensors/export/99602bd1-d99e-4c0d-942d-4f2d9f346165/status (Caused by SSLError(CertificateError("hostname 'api.conserv.io' doesn't match '*.execute-api.us-east-1.amazonaws.com'")))
2025-06-18 16:20:13,405 - EnvironmentData - INFO - Export 99602bd1-d99e-4c0d-942d-4f2d9f346165 still pending, waiting 30s...
2025-06-18 16:20:43,407 - EnvironmentData - INFO - Conserv API GET https://api.conserv.io/v1/sensors/export/99602bd1-d99e-4c0d-942d-4f2d9f346165/status headers={'x-api-key': 'XXXX', 'Content-Type': 'application/json'}
2025-06-18 16:20:43,827 - urllib3.connection - WARNING - Certificate did not match expected hostname: api.conserv.io. Certificate: {'subject': ((('commonName', '*.execute-api.us-east-1.amazonaws.com'),),), 'issuer': ((('countryName', 'US'),), (('organizationName', 'Amazon'),), (('commonName', 'Amazon RSA 2048 M03'),)), 'version': 3, 'serialNumber': '03CC5A98E4786D36F24CA5E1158E1EA3', 'notBefore': 'Mar 22 00:00:00 2025 GMT', 'notAfter': 'Apr 19 23:59:59 2026 GMT', 'subjectAltName': (('DNS', '*.execute-api.us-east-1.amazonaws.com'),), 'OCSP': ('http://ocsp.r2m03.amazontrust.com',), 'caIssuers': ('http://crt.r2m03.amazontrust.com/r2m03.cer',), 'crlDistributionPoints': ('http://crl.r2m03.amazontrust.com/r2m03.crl',)}
2025-06-18 16:20:43,828 - EnvironmentData - WARNING - SSL certificate issue, retrying without verification: HTTPSConnectionPool(host='api.conserv.io', port=443): Max retries exceeded with url: /v1/sensors/export/99602bd1-d99e-4c0d-942d-4f2d9f346165/status (Caused by SSLError(CertificateError("hostname 'api.conserv.io' doesn't match '*.execute-api.us-east-1.amazonaws.com'")))
2025-06-18 16:20:44,386 - EnvironmentData - INFO - Export 99602bd1-d99e-4c0d-942d-4f2d9f346165 still pending, waiting 30s...
2025-06-18 16:21:14,388 - EnvironmentData - INFO - Conserv API GET https://api.conserv.io/v1/sensors/export/99602bd1-d99e-4c0d-942d-4f2d9f346165/status headers={'x-api-key': 'XXXX', 'Content-Type': 'application/json'}
2025-06-18 16:21:14,740 - urllib3.connection - WARNING - Certificate did not match expected hostname: api.conserv.io. Certificate: {'subject': ((('commonName', '*.execute-api.us-east-1.amazonaws.com'),),), 'issuer': ((('countryName', 'US'),), (('organizationName', 'Amazon'),), (('commonName', 'Amazon RSA 2048 M03'),)), 'version': 3, 'serialNumber': '03CC5A98E4786D36F24CA5E1158E1EA3', 'notBefore': 'Mar 22 00:00:00 2025 GMT', 'notAfter': 'Apr 19 23:59:59 2026 GMT', 'subjectAltName': (('DNS', '*.execute-api.us-east-1.amazonaws.com'),), 'OCSP': ('http://ocsp.r2m03.amazontrust.com',), 'caIssuers': ('http://crt.r2m03.amazontrust.com/r2m03.cer',), 'crlDistributionPoints': ('http://crl.r2m03.amazontrust.com/r2m03.crl',)}
2025-06-18 16:21:14,744 - EnvironmentData - WARNING - SSL certificate issue, retrying without verification: HTTPSConnectionPool(host='api.conserv.io', port=443): Max retries exceeded with url: /v1/sensors/export/99602bd1-d99e-4c0d-942d-4f2d9f346165/status (Caused by SSLError(CertificateError("hostname 'api.conserv.io' doesn't match '*.execute-api.us-east-1.amazonaws.com'")))
2025-06-18 16:21:15,669 - EnvironmentData - ERROR - Export failed for customer 1545: Unknown export status: processing
2025-06-18 16:21:15,670 - EnvironmentData - INFO - No data available for customer 1545
2025-06-18 16:21:15,670 - EnvironmentData - INFO - Fetching data for customer 333
2025-06-18 16:21:15,670 - EnvironmentData - INFO - Exporting chunk for customer 333: 2025-06-17 13:19:38+00:00 to 2025-06-18 13:19:38+00:00
2025-06-18 16:21:15,671 - EnvironmentData - INFO - Starting export for customer 333: 2025-06-17 13:19:38+00:00 to 2025-06-18 13:19:38+00:00
2025-06-18 16:21:15,671 - EnvironmentData - INFO - Launch export payload: {'start': '2025-06-17T13:19:38+00:00', 'end': '2025-06-18T13:19:38+00:00'}
2025-06-18 16:21:15,671 - EnvironmentData - INFO - Conserv API POST https://api.conserv.io/v1/sensors/export headers={'x-api-key': 'XXXX', 'Content-Type': 'application/json'}
2025-06-18 16:21:15,961 - urllib3.connection - WARNING - Certificate did not match expected hostname: api.conserv.io. Certificate: {'subject': ((('commonName', '*.execute-api.us-east-1.amazonaws.com'),),), 'issuer': ((('countryName', 'US'),), (('organizationName', 'Amazon'),), (('commonName', 'Amazon RSA 2048 M03'),)), 'version': 3, 'serialNumber': '03CC5A98E4786D36F24CA5E1158E1EA3', 'notBefore': 'Mar 22 00:00:00 2025 GMT', 'notAfter': 'Apr 19 23:59:59 2026 GMT', 'subjectAltName': (('DNS', '*.execute-api.us-east-1.amazonaws.com'),), 'OCSP': ('http://ocsp.r2m03.amazontrust.com',), 'caIssuers': ('http://crt.r2m03.amazontrust.com/r2m03.cer',), 'crlDistributionPoints': ('http://crl.r2m03.amazontrust.com/r2m03.crl',)}
2025-06-18 16:21:15,962 - EnvironmentData - WARNING - SSL certificate issue, retrying without verification: HTTPSConnectionPool(host='api.conserv.io', port=443): Max retries exceeded with url: /v1/sensors/export (Caused by SSLError(CertificateError("hostname 'api.conserv.io' doesn't match '*.execute-api.us-east-1.amazonaws.com'")))
2025-06-18 16:21:17,569 - EnvironmentData - INFO - Conserv export launched: b22bbf43-1111-419b-ac02-1b8eacbb1378
2025-06-18 16:21:17,573 - EnvironmentData - INFO - Conserv API GET https://api.conserv.io/v1/sensors/export/b22bbf43-1111-419b-ac02-1b8eacbb1378/status headers={'x-api-key': 'XXXX', 'Content-Type': 'application/json'}
2025-06-18 16:21:17,859 - urllib3.connection - WARNING - Certificate did not match expected hostname: api.conserv.io. Certificate: {'subject': ((('commonName', '*.execute-api.us-east-1.amazonaws.com'),),), 'issuer': ((('countryName', 'US'),), (('organizationName', 'Amazon'),), (('commonName', 'Amazon RSA 2048 M03'),)), 'version': 3, 'serialNumber': '03CC5A98E4786D36F24CA5E1158E1EA3', 'notBefore': 'Mar 22 00:00:00 2025 GMT', 'notAfter': 'Apr 19 23:59:59 2026 GMT', 'subjectAltName': (('DNS', '*.execute-api.us-east-1.amazonaws.com'),), 'OCSP': ('http://ocsp.r2m03.amazontrust.com',), 'caIssuers': ('http://crt.r2m03.amazontrust.com/r2m03.cer',), 'crlDistributionPoints': ('http://crl.r2m03.amazontrust.com/r2m03.crl',)}
2025-06-18 16:21:17,861 - EnvironmentData - WARNING - SSL certificate issue, retrying without verification: HTTPSConnectionPool(host='api.conserv.io', port=443): Max retries exceeded with url: /v1/sensors/export/b22bbf43-1111-419b-ac02-1b8eacbb1378/status (Caused by SSLError(CertificateError("hostname 'api.conserv.io' doesn't match '*.execute-api.us-east-1.amazonaws.com'")))
2025-06-18 16:21:18,377 - EnvironmentData - INFO - Export b22bbf43-1111-419b-ac02-1b8eacbb1378 still pending, waiting 30s...
2025-06-18 16:21:48,377 - EnvironmentData - INFO - Conserv API GET https://api.conserv.io/v1/sensors/export/b22bbf43-1111-419b-ac02-1b8eacbb1378/status headers={'x-api-key': 'XXXX', 'Content-Type': 'application/json'}
2025-06-18 16:21:48,749 - urllib3.connection - WARNING - Certificate did not match expected hostname: api.conserv.io. Certificate: {'subject': ((('commonName', '*.execute-api.us-east-1.amazonaws.com'),),), 'issuer': ((('countryName', 'US'),), (('organizationName', 'Amazon'),), (('commonName', 'Amazon RSA 2048 M03'),)), 'version': 3, 'serialNumber': '03CC5A98E4786D36F24CA5E1158E1EA3', 'notBefore': 'Mar 22 00:00:00 2025 GMT', 'notAfter': 'Apr 19 23:59:59 2026 GMT', 'subjectAltName': (('DNS', '*.execute-api.us-east-1.amazonaws.com'),), 'OCSP': ('http://ocsp.r2m03.amazontrust.com',), 'caIssuers': ('http://crt.r2m03.amazontrust.com/r2m03.cer',), 'crlDistributionPoints': ('http://crl.r2m03.amazontrust.com/r2m03.crl',)}
2025-06-18 16:21:48,751 - EnvironmentData - WARNING - SSL certificate issue, retrying without verification: HTTPSConnectionPool(host='api.conserv.io', port=443): Max retries exceeded with url: /v1/sensors/export/b22bbf43-1111-419b-ac02-1b8eacbb1378/status (Caused by SSLError(CertificateError("hostname 'api.conserv.io' doesn't match '*.execute-api.us-east-1.amazonaws.com'")))
2025-06-18 16:21:49,544 - EnvironmentData - INFO - Export b22bbf43-1111-419b-ac02-1b8eacbb1378 still pending, waiting 30s...
2025-06-18 16:22:19,546 - EnvironmentData - INFO - Conserv API GET https://api.conserv.io/v1/sensors/export/b22bbf43-1111-419b-ac02-1b8eacbb1378/status headers={'x-api-key': 'XXXX', 'Content-Type': 'application/json'}
2025-06-18 16:22:19,847 - urllib3.connection - WARNING - Certificate did not match expected hostname: api.conserv.io. Certificate: {'subject': ((('commonName', '*.execute-api.us-east-1.amazonaws.com'),),), 'issuer': ((('countryName', 'US'),), (('organizationName', 'Amazon'),), (('commonName', 'Amazon RSA 2048 M03'),)), 'version': 3, 'serialNumber': '03CC5A98E4786D36F24CA5E1158E1EA3', 'notBefore': 'Mar 22 00:00:00 2025 GMT', 'notAfter': 'Apr 19 23:59:59 2026 GMT', 'subjectAltName': (('DNS', '*.execute-api.us-east-1.amazonaws.com'),), 'OCSP': ('http://ocsp.r2m03.amazontrust.com',), 'caIssuers': ('http://crt.r2m03.amazontrust.com/r2m03.cer',), 'crlDistributionPoints': ('http://crl.r2m03.amazontrust.com/r2m03.crl',)}
2025-06-18 16:22:19,848 - EnvironmentData - WARNING - SSL certificate issue, retrying without verification: HTTPSConnectionPool(host='api.conserv.io', port=443): Max retries exceeded with url: /v1/sensors/export/b22bbf43-1111-419b-ac02-1b8eacbb1378/status (Caused by SSLError(CertificateError("hostname 'api.conserv.io' doesn't match '*.execute-api.us-east-1.amazonaws.com'")))
2025-06-18 16:22:20,394 - EnvironmentData - INFO - Export b22bbf43-1111-419b-ac02-1b8eacbb1378 still pending, waiting 30s...
2025-06-18 16:22:50,396 - EnvironmentData - INFO - Conserv API GET https://api.conserv.io/v1/sensors/export/b22bbf43-1111-419b-ac02-1b8eacbb1378/status headers={'x-api-key': 'XXXX', 'Content-Type': 'application/json'}
2025-06-18 16:22:50,886 - urllib3.connection - WARNING - Certificate did not match expected hostname: api.conserv.io. Certificate: {'subject': ((('commonName', '*.execute-api.us-east-1.amazonaws.com'),),), 'issuer': ((('countryName', 'US'),), (('organizationName', 'Amazon'),), (('commonName', 'Amazon RSA 2048 M03'),)), 'version': 3, 'serialNumber': '03CC5A98E4786D36F24CA5E1158E1EA3', 'notBefore': 'Mar 22 00:00:00 2025 GMT', 'notAfter': 'Apr 19 23:59:59 2026 GMT', 'subjectAltName': (('DNS', '*.execute-api.us-east-1.amazonaws.com'),), 'OCSP': ('http://ocsp.r2m03.amazontrust.com',), 'caIssuers': ('http://crt.r2m03.amazontrust.com/r2m03.cer',), 'crlDistributionPoints': ('http://crl.r2m03.amazontrust.com/r2m03.crl',)}
2025-06-18 16:22:50,889 - EnvironmentData - WARNING - SSL certificate issue, retrying without verification: HTTPSConnectionPool(host='api.conserv.io', port=443): Max retries exceeded with url: /v1/sensors/export/b22bbf43-1111-419b-ac02-1b8eacbb1378/status (Caused by SSLError(CertificateError("hostname 'api.conserv.io' doesn't match '*.execute-api.us-east-1.amazonaws.com'")))
2025-06-18 16:22:51,456 - EnvironmentData - INFO - Export b22bbf43-1111-419b-ac02-1b8eacbb1378 completed successfully
2025-06-18 16:22:54,459 - EnvironmentData - INFO - Conserv API POST https://api.conserv.io/v1/sensors/export/b22bbf43-1111-419b-ac02-1b8eacbb1378/download headers={'x-api-key': 'XXXX', 'Content-Type': 'application/json'}
2025-06-18 16:22:54,759 - urllib3.connection - WARNING - Certificate did not match expected hostname: api.conserv.io. Certificate: {'subject': ((('commonName', '*.execute-api.us-east-1.amazonaws.com'),),), 'issuer': ((('countryName', 'US'),), (('organizationName', 'Amazon'),), (('commonName', 'Amazon RSA 2048 M03'),)), 'version': 3, 'serialNumber': '03CC5A98E4786D36F24CA5E1158E1EA3', 'notBefore': 'Mar 22 00:00:00 2025 GMT', 'notAfter': 'Apr 19 23:59:59 2026 GMT', 'subjectAltName': (('DNS', '*.execute-api.us-east-1.amazonaws.com'),), 'OCSP': ('http://ocsp.r2m03.amazontrust.com',), 'caIssuers': ('http://crt.r2m03.amazontrust.com/r2m03.cer',), 'crlDistributionPoints': ('http://crl.r2m03.amazontrust.com/r2m03.crl',)}
2025-06-18 16:22:54,761 - EnvironmentData - WARNING - SSL certificate issue, retrying without verification: HTTPSConnectionPool(host='api.conserv.io', port=443): Max retries exceeded with url: /v1/sensors/export/b22bbf43-1111-419b-ac02-1b8eacbb1378/download (Caused by SSLError(CertificateError("hostname 'api.conserv.io' doesn't match '*.execute-api.us-east-1.amazonaws.com'")))
2025-06-18 16:22:55,261 - EnvironmentData - INFO - Downloading export data from S3
2025-06-18 16:22:56,261 - EnvironmentData - INFO - Downloaded 2859 rows, 7 columns
2025-06-18 16:22:56,265 - EnvironmentData - INFO - Successfully exported 2859 rows for customer 333
2025-06-18 16:22:56,265 - EnvironmentData - INFO - Successfully fetched 2859 records for customer 333
2025-06-18 16:22:56,265 - EnvironmentData - INFO - Fetching data for customer 307
2025-06-18 16:22:56,265 - EnvironmentData - INFO - Exporting chunk for customer 307: 2025-06-17 13:19:38+00:00 to 2025-06-18 13:19:38+00:00
2025-06-18 16:22:56,266 - EnvironmentData - INFO - Starting export for customer 307: 2025-06-17 13:19:38+00:00 to 2025-06-18 13:19:38+00:00
2025-06-18 16:22:56,266 - EnvironmentData - INFO - Launch export payload: {'start': '2025-06-17T13:19:38+00:00', 'end': '2025-06-18T13:19:38+00:00'}
2025-06-18 16:22:56,266 - EnvironmentData - INFO - Conserv API POST https://api.conserv.io/v1/sensors/export headers={'x-api-key': 'XXXX', 'Content-Type': 'application/json'}
2025-06-18 16:22:56,585 - urllib3.connection - WARNING - Certificate did not match expected hostname: api.conserv.io. Certificate: {'subject': ((('commonName', '*.execute-api.us-east-1.amazonaws.com'),),), 'issuer': ((('countryName', 'US'),), (('organizationName', 'Amazon'),), (('commonName', 'Amazon RSA 2048 M03'),)), 'version': 3, 'serialNumber': '03CC5A98E4786D36F24CA5E1158E1EA3', 'notBefore': 'Mar 22 00:00:00 2025 GMT', 'notAfter': 'Apr 19 23:59:59 2026 GMT', 'subjectAltName': (('DNS', '*.execute-api.us-east-1.amazonaws.com'),), 'OCSP': ('http://ocsp.r2m03.amazontrust.com',), 'caIssuers': ('http://crt.r2m03.amazontrust.com/r2m03.cer',), 'crlDistributionPoints': ('http://crl.r2m03.amazontrust.com/r2m03.crl',)}
2025-06-18 16:22:56,587 - EnvironmentData - WARNING - SSL certificate issue, retrying without verification: HTTPSConnectionPool(host='api.conserv.io', port=443): Max retries exceeded with url: /v1/sensors/export (Caused by SSLError(CertificateError("hostname 'api.conserv.io' doesn't match '*.execute-api.us-east-1.amazonaws.com'")))
2025-06-18 16:22:57,164 - EnvironmentData - INFO - Conserv export launched: f82a4d77-697e-41dd-bb33-ae1e7920a3d2
2025-06-18 16:22:57,167 - EnvironmentData - INFO - Conserv API GET https://api.conserv.io/v1/sensors/export/f82a4d77-697e-41dd-bb33-ae1e7920a3d2/status headers={'x-api-key': 'XXXX', 'Content-Type': 'application/json'}
2025-06-18 16:22:57,443 - urllib3.connection - WARNING - Certificate did not match expected hostname: api.conserv.io. Certificate: {'subject': ((('commonName', '*.execute-api.us-east-1.amazonaws.com'),),), 'issuer': ((('countryName', 'US'),), (('organizationName', 'Amazon'),), (('commonName', 'Amazon RSA 2048 M03'),)), 'version': 3, 'serialNumber': '03CC5A98E4786D36F24CA5E1158E1EA3', 'notBefore': 'Mar 22 00:00:00 2025 GMT', 'notAfter': 'Apr 19 23:59:59 2026 GMT', 'subjectAltName': (('DNS', '*.execute-api.us-east-1.amazonaws.com'),), 'OCSP': ('http://ocsp.r2m03.amazontrust.com',), 'caIssuers': ('http://crt.r2m03.amazontrust.com/r2m03.cer',), 'crlDistributionPoints': ('http://crl.r2m03.amazontrust.com/r2m03.crl',)}
2025-06-18 16:22:57,445 - EnvironmentData - WARNING - SSL certificate issue, retrying without verification: HTTPSConnectionPool(host='api.conserv.io', port=443): Max retries exceeded with url: /v1/sensors/export/f82a4d77-697e-41dd-bb33-ae1e7920a3d2/status (Caused by SSLError(CertificateError("hostname 'api.conserv.io' doesn't match '*.execute-api.us-east-1.amazonaws.com'")))
2025-06-18 16:22:57,993 - EnvironmentData - INFO - Export f82a4d77-697e-41dd-bb33-ae1e7920a3d2 still pending, waiting 30s...
2025-06-18 16:23:27,995 - EnvironmentData - INFO - Conserv API GET https://api.conserv.io/v1/sensors/export/f82a4d77-697e-41dd-bb33-ae1e7920a3d2/status headers={'x-api-key': 'XXXX', 'Content-Type': 'application/json'}
2025-06-18 16:23:28,318 - urllib3.connection - WARNING - Certificate did not match expected hostname: api.conserv.io. Certificate: {'subject': ((('commonName', '*.execute-api.us-east-1.amazonaws.com'),),), 'issuer': ((('countryName', 'US'),), (('organizationName', 'Amazon'),), (('commonName', 'Amazon RSA 2048 M03'),)), 'version': 3, 'serialNumber': '03CC5A98E4786D36F24CA5E1158E1EA3', 'notBefore': 'Mar 22 00:00:00 2025 GMT', 'notAfter': 'Apr 19 23:59:59 2026 GMT', 'subjectAltName': (('DNS', '*.execute-api.us-east-1.amazonaws.com'),), 'OCSP': ('http://ocsp.r2m03.amazontrust.com',), 'caIssuers': ('http://crt.r2m03.amazontrust.com/r2m03.cer',), 'crlDistributionPoints': ('http://crl.r2m03.amazontrust.com/r2m03.crl',)}
2025-06-18 16:23:28,318 - EnvironmentData - WARNING - SSL certificate issue, retrying without verification: HTTPSConnectionPool(host='api.conserv.io', port=443): Max retries exceeded with url: /v1/sensors/export/f82a4d77-697e-41dd-bb33-ae1e7920a3d2/status (Caused by SSLError(CertificateError("hostname 'api.conserv.io' doesn't match '*.execute-api.us-east-1.amazonaws.com'")))
2025-06-18 16:23:28,783 - EnvironmentData - INFO - Export f82a4d77-697e-41dd-bb33-ae1e7920a3d2 still pending, waiting 30s...
2025-06-18 16:23:58,785 - EnvironmentData - INFO - Conserv API GET https://api.conserv.io/v1/sensors/export/f82a4d77-697e-41dd-bb33-ae1e7920a3d2/status headers={'x-api-key': 'XXXX', 'Content-Type': 'application/json'}
2025-06-18 16:23:59,201 - urllib3.connection - WARNING - Certificate did not match expected hostname: api.conserv.io. Certificate: {'subject': ((('commonName', '*.execute-api.us-east-1.amazonaws.com'),),), 'issuer': ((('countryName', 'US'),), (('organizationName', 'Amazon'),), (('commonName', 'Amazon RSA 2048 M03'),)), 'version': 3, 'serialNumber': '03CC5A98E4786D36F24CA5E1158E1EA3', 'notBefore': 'Mar 22 00:00:00 2025 GMT', 'notAfter': 'Apr 19 23:59:59 2026 GMT', 'subjectAltName': (('DNS', '*.execute-api.us-east-1.amazonaws.com'),), 'OCSP': ('http://ocsp.r2m03.amazontrust.com',), 'caIssuers': ('http://crt.r2m03.amazontrust.com/r2m03.cer',), 'crlDistributionPoints': ('http://crl.r2m03.amazontrust.com/r2m03.crl',)}
2025-06-18 16:23:59,203 - EnvironmentData - WARNING - SSL certificate issue, retrying without verification: HTTPSConnectionPool(host='api.conserv.io', port=443): Max retries exceeded with url: /v1/sensors/export/f82a4d77-697e-41dd-bb33-ae1e7920a3d2/status (Caused by SSLError(CertificateError("hostname 'api.conserv.io' doesn't match '*.execute-api.us-east-1.amazonaws.com'")))
2025-06-18 16:23:59,775 - EnvironmentData - INFO - Export f82a4d77-697e-41dd-bb33-ae1e7920a3d2 still pending, waiting 30s...
2025-06-18 16:24:29,778 - EnvironmentData - INFO - Conserv API GET https://api.conserv.io/v1/sensors/export/f82a4d77-697e-41dd-bb33-ae1e7920a3d2/status headers={'x-api-key': 'XXXX', 'Content-Type': 'application/json'}
2025-06-18 16:24:30,104 - urllib3.connection - WARNING - Certificate did not match expected hostname: api.conserv.io. Certificate: {'subject': ((('commonName', '*.execute-api.us-east-1.amazonaws.com'),),), 'issuer': ((('countryName', 'US'),), (('organizationName', 'Amazon'),), (('commonName', 'Amazon RSA 2048 M03'),)), 'version': 3, 'serialNumber': '03CC5A98E4786D36F24CA5E1158E1EA3', 'notBefore': 'Mar 22 00:00:00 2025 GMT', 'notAfter': 'Apr 19 23:59:59 2026 GMT', 'subjectAltName': (('DNS', '*.execute-api.us-east-1.amazonaws.com'),), 'OCSP': ('http://ocsp.r2m03.amazontrust.com',), 'caIssuers': ('http://crt.r2m03.amazontrust.com/r2m03.cer',), 'crlDistributionPoints': ('http://crl.r2m03.amazontrust.com/r2m03.crl',)}
2025-06-18 16:24:30,107 - EnvironmentData - WARNING - SSL certificate issue, retrying without verification: HTTPSConnectionPool(host='api.conserv.io', port=443): Max retries exceeded with url: /v1/sensors/export/f82a4d77-697e-41dd-bb33-ae1e7920a3d2/status (Caused by SSLError(CertificateError("hostname 'api.conserv.io' doesn't match '*.execute-api.us-east-1.amazonaws.com'")))
2025-06-18 16:24:30,717 - EnvironmentData - INFO - Export f82a4d77-697e-41dd-bb33-ae1e7920a3d2 completed successfully
2025-06-18 16:24:33,719 - EnvironmentData - INFO - Conserv API POST https://api.conserv.io/v1/sensors/export/f82a4d77-697e-41dd-bb33-ae1e7920a3d2/download headers={'x-api-key': 'XXXX', 'Content-Type': 'application/json'}
2025-06-18 16:24:34,014 - urllib3.connection - WARNING - Certificate did not match expected hostname: api.conserv.io. Certificate: {'subject': ((('commonName', '*.execute-api.us-east-1.amazonaws.com'),),), 'issuer': ((('countryName', 'US'),), (('organizationName', 'Amazon'),), (('commonName', 'Amazon RSA 2048 M03'),)), 'version': 3, 'serialNumber': '03CC5A98E4786D36F24CA5E1158E1EA3', 'notBefore': 'Mar 22 00:00:00 2025 GMT', 'notAfter': 'Apr 19 23:59:59 2026 GMT', 'subjectAltName': (('DNS', '*.execute-api.us-east-1.amazonaws.com'),), 'OCSP': ('http://ocsp.r2m03.amazontrust.com',), 'caIssuers': ('http://crt.r2m03.amazontrust.com/r2m03.cer',), 'crlDistributionPoints': ('http://crl.r2m03.amazontrust.com/r2m03.crl',)}
2025-06-18 16:24:34,015 - EnvironmentData - WARNING - SSL certificate issue, retrying without verification: HTTPSConnectionPool(host='api.conserv.io', port=443): Max retries exceeded with url: /v1/sensors/export/f82a4d77-697e-41dd-bb33-ae1e7920a3d2/download (Caused by SSLError(CertificateError("hostname 'api.conserv.io' doesn't match '*.execute-api.us-east-1.amazonaws.com'")))
2025-06-18 16:24:34,556 - EnvironmentData - INFO - Downloading export data from S3
2025-06-18 16:24:35,589 - EnvironmentData - INFO - Downloaded 2943 rows, 7 columns
2025-06-18 16:24:35,592 - EnvironmentData - INFO - Successfully exported 2943 rows for customer 307
2025-06-18 16:24:35,593 - EnvironmentData - INFO - Successfully fetched 2943 records for customer 307
2025-06-18 16:24:35,593 - EnvironmentData - INFO - Fetching data for customer 2671
2025-06-18 16:24:35,594 - EnvironmentData - INFO - Exporting chunk for customer 2671: 2025-06-17 13:19:38+00:00 to 2025-06-18 13:19:38+00:00
2025-06-18 16:24:35,594 - EnvironmentData - INFO - Starting export for customer 2671: 2025-06-17 13:19:38+00:00 to 2025-06-18 13:19:38+00:00
2025-06-18 16:24:35,595 - EnvironmentData - INFO - Launch export payload: {'start': '2025-06-17T13:19:38+00:00', 'end': '2025-06-18T13:19:38+00:00'}
2025-06-18 16:24:35,596 - EnvironmentData - INFO - Conserv API POST https://api.conserv.io/v1/sensors/export headers={'x-api-key': 'XXXX', 'Content-Type': 'application/json'}
2025-06-18 16:24:35,905 - urllib3.connection - WARNING - Certificate did not match expected hostname: api.conserv.io. Certificate: {'subject': ((('commonName', '*.execute-api.us-east-1.amazonaws.com'),),), 'issuer': ((('countryName', 'US'),), (('organizationName', 'Amazon'),), (('commonName', 'Amazon RSA 2048 M03'),)), 'version': 3, 'serialNumber': '03CC5A98E4786D36F24CA5E1158E1EA3', 'notBefore': 'Mar 22 00:00:00 2025 GMT', 'notAfter': 'Apr 19 23:59:59 2026 GMT', 'subjectAltName': (('DNS', '*.execute-api.us-east-1.amazonaws.com'),), 'OCSP': ('http://ocsp.r2m03.amazontrust.com',), 'caIssuers': ('http://crt.r2m03.amazontrust.com/r2m03.cer',), 'crlDistributionPoints': ('http://crl.r2m03.amazontrust.com/r2m03.crl',)}
2025-06-18 16:24:35,907 - EnvironmentData - WARNING - SSL certificate issue, retrying without verification: HTTPSConnectionPool(host='api.conserv.io', port=443): Max retries exceeded with url: /v1/sensors/export (Caused by SSLError(CertificateError("hostname 'api.conserv.io' doesn't match '*.execute-api.us-east-1.amazonaws.com'")))
2025-06-18 16:24:36,553 - EnvironmentData - INFO - Conserv export launched: 345b9e5c-3257-4fde-92f7-3b4e14348fa8
2025-06-18 16:24:36,556 - EnvironmentData - INFO - Conserv API GET https://api.conserv.io/v1/sensors/export/345b9e5c-3257-4fde-92f7-3b4e14348fa8/status headers={'x-api-key': 'XXXX', 'Content-Type': 'application/json'}
2025-06-18 16:24:36,884 - urllib3.connection - WARNING - Certificate did not match expected hostname: api.conserv.io. Certificate: {'subject': ((('commonName', '*.execute-api.us-east-1.amazonaws.com'),),), 'issuer': ((('countryName', 'US'),), (('organizationName', 'Amazon'),), (('commonName', 'Amazon RSA 2048 M03'),)), 'version': 3, 'serialNumber': '03CC5A98E4786D36F24CA5E1158E1EA3', 'notBefore': 'Mar 22 00:00:00 2025 GMT', 'notAfter': 'Apr 19 23:59:59 2026 GMT', 'subjectAltName': (('DNS', '*.execute-api.us-east-1.amazonaws.com'),), 'OCSP': ('http://ocsp.r2m03.amazontrust.com',), 'caIssuers': ('http://crt.r2m03.amazontrust.com/r2m03.cer',), 'crlDistributionPoints': ('http://crl.r2m03.amazontrust.com/r2m03.crl',)}
2025-06-18 16:24:36,885 - EnvironmentData - WARNING - SSL certificate issue, retrying without verification: HTTPSConnectionPool(host='api.conserv.io', port=443): Max retries exceeded with url: /v1/sensors/export/345b9e5c-3257-4fde-92f7-3b4e14348fa8/status (Caused by SSLError(CertificateError("hostname 'api.conserv.io' doesn't match '*.execute-api.us-east-1.amazonaws.com'")))
2025-06-18 16:24:37,446 - EnvironmentData - INFO - Export 345b9e5c-3257-4fde-92f7-3b4e14348fa8 still pending, waiting 30s...
2025-06-18 16:25:07,448 - EnvironmentData - INFO - Conserv API GET https://api.conserv.io/v1/sensors/export/345b9e5c-3257-4fde-92f7-3b4e14348fa8/status headers={'x-api-key': 'XXXX', 'Content-Type': 'application/json'}
2025-06-18 16:25:07,906 - urllib3.connection - WARNING - Certificate did not match expected hostname: api.conserv.io. Certificate: {'subject': ((('commonName', '*.execute-api.us-east-1.amazonaws.com'),),), 'issuer': ((('countryName', 'US'),), (('organizationName', 'Amazon'),), (('commonName', 'Amazon RSA 2048 M03'),)), 'version': 3, 'serialNumber': '03CC5A98E4786D36F24CA5E1158E1EA3', 'notBefore': 'Mar 22 00:00:00 2025 GMT', 'notAfter': 'Apr 19 23:59:59 2026 GMT', 'subjectAltName': (('DNS', '*.execute-api.us-east-1.amazonaws.com'),), 'OCSP': ('http://ocsp.r2m03.amazontrust.com',), 'caIssuers': ('http://crt.r2m03.amazontrust.com/r2m03.cer',), 'crlDistributionPoints': ('http://crl.r2m03.amazontrust.com/r2m03.crl',)}
2025-06-18 16:25:07,909 - EnvironmentData - WARNING - SSL certificate issue, retrying without verification: HTTPSConnectionPool(host='api.conserv.io', port=443): Max retries exceeded with url: /v1/sensors/export/345b9e5c-3257-4fde-92f7-3b4e14348fa8/status (Caused by SSLError(CertificateError("hostname 'api.conserv.io' doesn't match '*.execute-api.us-east-1.amazonaws.com'")))
2025-06-18 16:25:08,445 - EnvironmentData - INFO - Export 345b9e5c-3257-4fde-92f7-3b4e14348fa8 still pending, waiting 30s...
2025-06-18 16:25:38,446 - EnvironmentData - INFO - Conserv API GET https://api.conserv.io/v1/sensors/export/345b9e5c-3257-4fde-92f7-3b4e14348fa8/status headers={'x-api-key': 'XXXX', 'Content-Type': 'application/json'}
2025-06-18 16:25:39,752 - urllib3.connection - WARNING - Certificate did not match expected hostname: api.conserv.io. Certificate: {'subject': ((('commonName', '*.execute-api.us-east-1.amazonaws.com'),),), 'issuer': ((('countryName', 'US'),), (('organizationName', 'Amazon'),), (('commonName', 'Amazon RSA 2048 M03'),)), 'version': 3, 'serialNumber': '03CC5A98E4786D36F24CA5E1158E1EA3', 'notBefore': 'Mar 22 00:00:00 2025 GMT', 'notAfter': 'Apr 19 23:59:59 2026 GMT', 'subjectAltName': (('DNS', '*.execute-api.us-east-1.amazonaws.com'),), 'OCSP': ('http://ocsp.r2m03.amazontrust.com',), 'caIssuers': ('http://crt.r2m03.amazontrust.com/r2m03.cer',), 'crlDistributionPoints': ('http://crl.r2m03.amazontrust.com/r2m03.crl',)}
2025-06-18 16:25:39,753 - EnvironmentData - WARNING - SSL certificate issue, retrying without verification: HTTPSConnectionPool(host='api.conserv.io', port=443): Max retries exceeded with url: /v1/sensors/export/345b9e5c-3257-4fde-92f7-3b4e14348fa8/status (Caused by SSLError(CertificateError("hostname 'api.conserv.io' doesn't match '*.execute-api.us-east-1.amazonaws.com'")))
2025-06-18 16:25:40,272 - EnvironmentData - INFO - Export 345b9e5c-3257-4fde-92f7-3b4e14348fa8 still pending, waiting 30s...
2025-06-18 16:26:10,275 - EnvironmentData - INFO - Conserv API GET https://api.conserv.io/v1/sensors/export/345b9e5c-3257-4fde-92f7-3b4e14348fa8/status headers={'x-api-key': 'XXXX', 'Content-Type': 'application/json'}
2025-06-18 16:26:10,633 - urllib3.connection - WARNING - Certificate did not match expected hostname: api.conserv.io. Certificate: {'subject': ((('commonName', '*.execute-api.us-east-1.amazonaws.com'),),), 'issuer': ((('countryName', 'US'),), (('organizationName', 'Amazon'),), (('commonName', 'Amazon RSA 2048 M03'),)), 'version': 3, 'serialNumber': '03CC5A98E4786D36F24CA5E1158E1EA3', 'notBefore': 'Mar 22 00:00:00 2025 GMT', 'notAfter': 'Apr 19 23:59:59 2026 GMT', 'subjectAltName': (('DNS', '*.execute-api.us-east-1.amazonaws.com'),), 'OCSP': ('http://ocsp.r2m03.amazontrust.com',), 'caIssuers': ('http://crt.r2m03.amazontrust.com/r2m03.cer',), 'crlDistributionPoints': ('http://crl.r2m03.amazontrust.com/r2m03.crl',)}
2025-06-18 16:26:10,635 - EnvironmentData - WARNING - SSL certificate issue, retrying without verification: HTTPSConnectionPool(host='api.conserv.io', port=443): Max retries exceeded with url: /v1/sensors/export/345b9e5c-3257-4fde-92f7-3b4e14348fa8/status (Caused by SSLError(CertificateError("hostname 'api.conserv.io' doesn't match '*.execute-api.us-east-1.amazonaws.com'")))
2025-06-18 16:26:11,159 - EnvironmentData - INFO - Export 345b9e5c-3257-4fde-92f7-3b4e14348fa8 completed successfully
2025-06-18 16:26:14,161 - EnvironmentData - INFO - Conserv API POST https://api.conserv.io/v1/sensors/export/345b9e5c-3257-4fde-92f7-3b4e14348fa8/download headers={'x-api-key': 'XXXX', 'Content-Type': 'application/json'}
2025-06-18 16:26:14,482 - urllib3.connection - WARNING - Certificate did not match expected hostname: api.conserv.io. Certificate: {'subject': ((('commonName', '*.execute-api.us-east-1.amazonaws.com'),),), 'issuer': ((('countryName', 'US'),), (('organizationName', 'Amazon'),), (('commonName', 'Amazon RSA 2048 M03'),)), 'version': 3, 'serialNumber': '03CC5A98E4786D36F24CA5E1158E1EA3', 'notBefore': 'Mar 22 00:00:00 2025 GMT', 'notAfter': 'Apr 19 23:59:59 2026 GMT', 'subjectAltName': (('DNS', '*.execute-api.us-east-1.amazonaws.com'),), 'OCSP': ('http://ocsp.r2m03.amazontrust.com',), 'caIssuers': ('http://crt.r2m03.amazontrust.com/r2m03.cer',), 'crlDistributionPoints': ('http://crl.r2m03.amazontrust.com/r2m03.crl',)}
2025-06-18 16:26:14,484 - EnvironmentData - WARNING - SSL certificate issue, retrying without verification: HTTPSConnectionPool(host='api.conserv.io', port=443): Max retries exceeded with url: /v1/sensors/export/345b9e5c-3257-4fde-92f7-3b4e14348fa8/download (Caused by SSLError(CertificateError("hostname 'api.conserv.io' doesn't match '*.execute-api.us-east-1.amazonaws.com'")))
2025-06-18 16:26:15,045 - EnvironmentData - ERROR - Conserv API request failed even without SSL verification: 404 Client Error: Not Found for url: https://api.conserv.io/v1/sensors/export/345b9e5c-3257-4fde-92f7-3b4e14348fa8/download
2025-06-18 16:26:15,047 - EnvironmentData - ERROR - Export failed for customer 2671: 404 Client Error: Not Found for url: https://api.conserv.io/v1/sensors/export/345b9e5c-3257-4fde-92f7-3b4e14348fa8/download
2025-06-18 16:26:15,050 - EnvironmentData - INFO - No data available for customer 2671
2025-06-18 16:26:15,051 - EnvironmentData - INFO - Fetching data for customer 1696
2025-06-18 16:26:15,051 - EnvironmentData - INFO - Exporting chunk for customer 1696: 2025-06-17 13:19:38+00:00 to 2025-06-18 13:19:38+00:00
2025-06-18 16:26:15,051 - EnvironmentData - INFO - Starting export for customer 1696: 2025-06-17 13:19:38+00:00 to 2025-06-18 13:19:38+00:00
2025-06-18 16:26:15,051 - EnvironmentData - INFO - Launch export payload: {'start': '2025-06-17T13:19:38+00:00', 'end': '2025-06-18T13:19:38+00:00'}
2025-06-18 16:26:15,052 - EnvironmentData - INFO - Conserv API POST https://api.conserv.io/v1/sensors/export headers={'x-api-key': 'XXXX', 'Content-Type': 'application/json'}
2025-06-18 16:26:15,368 - urllib3.connection - WARNING - Certificate did not match expected hostname: api.conserv.io. Certificate: {'subject': ((('commonName', '*.execute-api.us-east-1.amazonaws.com'),),), 'issuer': ((('countryName', 'US'),), (('organizationName', 'Amazon'),), (('commonName', 'Amazon RSA 2048 M03'),)), 'version': 3, 'serialNumber': '03CC5A98E4786D36F24CA5E1158E1EA3', 'notBefore': 'Mar 22 00:00:00 2025 GMT', 'notAfter': 'Apr 19 23:59:59 2026 GMT', 'subjectAltName': (('DNS', '*.execute-api.us-east-1.amazonaws.com'),), 'OCSP': ('http://ocsp.r2m03.amazontrust.com',), 'caIssuers': ('http://crt.r2m03.amazontrust.com/r2m03.cer',), 'crlDistributionPoints': ('http://crl.r2m03.amazontrust.com/r2m03.crl',)}
2025-06-18 16:26:15,369 - EnvironmentData - WARNING - SSL certificate issue, retrying without verification: HTTPSConnectionPool(host='api.conserv.io', port=443): Max retries exceeded with url: /v1/sensors/export (Caused by SSLError(CertificateError("hostname 'api.conserv.io' doesn't match '*.execute-api.us-east-1.amazonaws.com'")))
2025-06-18 16:26:15,942 - EnvironmentData - INFO - Conserv export launched: 7df80707-299a-4d60-b53d-01fa97c6d886
2025-06-18 16:26:15,947 - EnvironmentData - INFO - Conserv API GET https://api.conserv.io/v1/sensors/export/7df80707-299a-4d60-b53d-01fa97c6d886/status headers={'x-api-key': 'XXXX', 'Content-Type': 'application/json'}
2025-06-18 16:26:16,231 - urllib3.connection - WARNING - Certificate did not match expected hostname: api.conserv.io. Certificate: {'subject': ((('commonName', '*.execute-api.us-east-1.amazonaws.com'),),), 'issuer': ((('countryName', 'US'),), (('organizationName', 'Amazon'),), (('commonName', 'Amazon RSA 2048 M03'),)), 'version': 3, 'serialNumber': '03CC5A98E4786D36F24CA5E1158E1EA3', 'notBefore': 'Mar 22 00:00:00 2025 GMT', 'notAfter': 'Apr 19 23:59:59 2026 GMT', 'subjectAltName': (('DNS', '*.execute-api.us-east-1.amazonaws.com'),), 'OCSP': ('http://ocsp.r2m03.amazontrust.com',), 'caIssuers': ('http://crt.r2m03.amazontrust.com/r2m03.cer',), 'crlDistributionPoints': ('http://crl.r2m03.amazontrust.com/r2m03.crl',)}
2025-06-18 16:26:16,234 - EnvironmentData - WARNING - SSL certificate issue, retrying without verification: HTTPSConnectionPool(host='api.conserv.io', port=443): Max retries exceeded with url: /v1/sensors/export/7df80707-299a-4d60-b53d-01fa97c6d886/status (Caused by SSLError(CertificateError("hostname 'api.conserv.io' doesn't match '*.execute-api.us-east-1.amazonaws.com'")))
2025-06-18 16:26:16,730 - EnvironmentData - INFO - Export 7df80707-299a-4d60-b53d-01fa97c6d886 still pending, waiting 30s...
2025-06-18 16:26:46,732 - EnvironmentData - INFO - Conserv API GET https://api.conserv.io/v1/sensors/export/7df80707-299a-4d60-b53d-01fa97c6d886/status headers={'x-api-key': 'XXXX', 'Content-Type': 'application/json'}
2025-06-18 16:26:47,013 - urllib3.connection - WARNING - Certificate did not match expected hostname: api.conserv.io. Certificate: {'subject': ((('commonName', '*.execute-api.us-east-1.amazonaws.com'),),), 'issuer': ((('countryName', 'US'),), (('organizationName', 'Amazon'),), (('commonName', 'Amazon RSA 2048 M03'),)), 'version': 3, 'serialNumber': '03CC5A98E4786D36F24CA5E1158E1EA3', 'notBefore': 'Mar 22 00:00:00 2025 GMT', 'notAfter': 'Apr 19 23:59:59 2026 GMT', 'subjectAltName': (('DNS', '*.execute-api.us-east-1.amazonaws.com'),), 'OCSP': ('http://ocsp.r2m03.amazontrust.com',), 'caIssuers': ('http://crt.r2m03.amazontrust.com/r2m03.cer',), 'crlDistributionPoints': ('http://crl.r2m03.amazontrust.com/r2m03.crl',)}
2025-06-18 16:26:47,014 - EnvironmentData - WARNING - SSL certificate issue, retrying without verification: HTTPSConnectionPool(host='api.conserv.io', port=443): Max retries exceeded with url: /v1/sensors/export/7df80707-299a-4d60-b53d-01fa97c6d886/status (Caused by SSLError(CertificateError("hostname 'api.conserv.io' doesn't match '*.execute-api.us-east-1.amazonaws.com'")))
2025-06-18 16:26:47,537 - EnvironmentData - INFO - Export 7df80707-299a-4d60-b53d-01fa97c6d886 still pending, waiting 30s...
2025-06-18 16:27:17,539 - EnvironmentData - INFO - Conserv API GET https://api.conserv.io/v1/sensors/export/7df80707-299a-4d60-b53d-01fa97c6d886/status headers={'x-api-key': 'XXXX', 'Content-Type': 'application/json'}
2025-06-18 16:27:18,011 - urllib3.connection - WARNING - Certificate did not match expected hostname: api.conserv.io. Certificate: {'subject': ((('commonName', '*.execute-api.us-east-1.amazonaws.com'),),), 'issuer': ((('countryName', 'US'),), (('organizationName', 'Amazon'),), (('commonName', 'Amazon RSA 2048 M03'),)), 'version': 3, 'serialNumber': '03CC5A98E4786D36F24CA5E1158E1EA3', 'notBefore': 'Mar 22 00:00:00 2025 GMT', 'notAfter': 'Apr 19 23:59:59 2026 GMT', 'subjectAltName': (('DNS', '*.execute-api.us-east-1.amazonaws.com'),), 'OCSP': ('http://ocsp.r2m03.amazontrust.com',), 'caIssuers': ('http://crt.r2m03.amazontrust.com/r2m03.cer',), 'crlDistributionPoints': ('http://crl.r2m03.amazontrust.com/r2m03.crl',)}
2025-06-18 16:27:18,011 - EnvironmentData - WARNING - SSL certificate issue, retrying without verification: HTTPSConnectionPool(host='api.conserv.io', port=443): Max retries exceeded with url: /v1/sensors/export/7df80707-299a-4d60-b53d-01fa97c6d886/status (Caused by SSLError(CertificateError("hostname 'api.conserv.io' doesn't match '*.execute-api.us-east-1.amazonaws.com'")))
2025-06-18 16:27:18,551 - EnvironmentData - INFO - Export 7df80707-299a-4d60-b53d-01fa97c6d886 still pending, waiting 30s...
2025-06-18 16:27:48,552 - EnvironmentData - INFO - Conserv API GET https://api.conserv.io/v1/sensors/export/7df80707-299a-4d60-b53d-01fa97c6d886/status headers={'x-api-key': 'XXXX', 'Content-Type': 'application/json'}
2025-06-18 16:27:48,829 - urllib3.connection - WARNING - Certificate did not match expected hostname: api.conserv.io. Certificate: {'subject': ((('commonName', '*.execute-api.us-east-1.amazonaws.com'),),), 'issuer': ((('countryName', 'US'),), (('organizationName', 'Amazon'),), (('commonName', 'Amazon RSA 2048 M03'),)), 'version': 3, 'serialNumber': '03CC5A98E4786D36F24CA5E1158E1EA3', 'notBefore': 'Mar 22 00:00:00 2025 GMT', 'notAfter': 'Apr 19 23:59:59 2026 GMT', 'subjectAltName': (('DNS', '*.execute-api.us-east-1.amazonaws.com'),), 'OCSP': ('http://ocsp.r2m03.amazontrust.com',), 'caIssuers': ('http://crt.r2m03.amazontrust.com/r2m03.cer',), 'crlDistributionPoints': ('http://crl.r2m03.amazontrust.com/r2m03.crl',)}
2025-06-18 16:27:48,833 - EnvironmentData - WARNING - SSL certificate issue, retrying without verification: HTTPSConnectionPool(host='api.conserv.io', port=443): Max retries exceeded with url: /v1/sensors/export/7df80707-299a-4d60-b53d-01fa97c6d886/status (Caused by SSLError(CertificateError("hostname 'api.conserv.io' doesn't match '*.execute-api.us-east-1.amazonaws.com'")))
2025-06-18 16:27:49,409 - EnvironmentData - INFO - Export 7df80707-299a-4d60-b53d-01fa97c6d886 completed successfully
2025-06-18 16:27:52,412 - EnvironmentData - INFO - Conserv API POST https://api.conserv.io/v1/sensors/export/7df80707-299a-4d60-b53d-01fa97c6d886/download headers={'x-api-key': 'XXXX', 'Content-Type': 'application/json'}
2025-06-18 16:27:52,718 - urllib3.connection - WARNING - Certificate did not match expected hostname: api.conserv.io. Certificate: {'subject': ((('commonName', '*.execute-api.us-east-1.amazonaws.com'),),), 'issuer': ((('countryName', 'US'),), (('organizationName', 'Amazon'),), (('commonName', 'Amazon RSA 2048 M03'),)), 'version': 3, 'serialNumber': '03CC5A98E4786D36F24CA5E1158E1EA3', 'notBefore': 'Mar 22 00:00:00 2025 GMT', 'notAfter': 'Apr 19 23:59:59 2026 GMT', 'subjectAltName': (('DNS', '*.execute-api.us-east-1.amazonaws.com'),), 'OCSP': ('http://ocsp.r2m03.amazontrust.com',), 'caIssuers': ('http://crt.r2m03.amazontrust.com/r2m03.cer',), 'crlDistributionPoints': ('http://crl.r2m03.amazontrust.com/r2m03.crl',)}
2025-06-18 16:27:52,719 - EnvironmentData - WARNING - SSL certificate issue, retrying without verification: HTTPSConnectionPool(host='api.conserv.io', port=443): Max retries exceeded with url: /v1/sensors/export/7df80707-299a-4d60-b53d-01fa97c6d886/download (Caused by SSLError(CertificateError("hostname 'api.conserv.io' doesn't match '*.execute-api.us-east-1.amazonaws.com'")))
2025-06-18 16:27:53,206 - EnvironmentData - ERROR - Conserv API request failed even without SSL verification: 404 Client Error: Not Found for url: https://api.conserv.io/v1/sensors/export/7df80707-299a-4d60-b53d-01fa97c6d886/download
2025-06-18 16:27:53,207 - EnvironmentData - ERROR - Export failed for customer 1696: 404 Client Error: Not Found for url: https://api.conserv.io/v1/sensors/export/7df80707-299a-4d60-b53d-01fa97c6d886/download
2025-06-18 16:27:53,212 - EnvironmentData - INFO - No data available for customer 1696
2025-06-18 16:27:53,216 - EnvironmentData - WARNING - Failed to fetch current Conserv data: type String is incompatible with expected type Float64
2025-06-18 16:27:53,217 - EnvironmentData - INFO - Current readings: 143 Coris only
2025-06-18 16:27:53,265 - ingest_all_sources - INFO - Current readings completed successfully
2025-06-18 16:27:53,266 - ingest_all_sources - INFO - Consolidating readings...
2025-06-18 16:27:53,267 - EnvironmentData - INFO - consolidate_readings
2025-06-18 16:27:53,332 - EnvironmentData - INFO - 143 new readings.
2025-06-18 16:27:53,344 - EnvironmentData - INFO - consolidate_readings validation: correct column data types.
2025-06-18 16:27:53,345 - EnvironmentData - INFO - consolidate_readings validation: at least one non-null value in readings.
2025-06-18 16:27:53,347 - EnvironmentData - INFO - consolidate_readings validation: no duplicated SensorReadingUTC per SensorID_Coris.
2025-06-18 16:27:53,349 - EnvironmentData - INFO - consolidate_readings validation: one SensorName per SensorID_Coris.
2025-06-18 16:27:53,352 - EnvironmentData - INFO - consolidate_readings validation: all SensorID_Coris in historical data (no dropped SensorID).
2025-06-18 16:27:53,424 - EnvironmentData - INFO - 715 total readings.
2025-06-18 16:27:53,465 - EnvironmentData-Errors - ERROR - Validation errors: 
25 missing values in [SensorReadingRh].
2025-06-18 16:27:53,465 - EnvironmentData - ERROR - Validation errors: 
25 missing values in [SensorReadingRh].
2025-06-18 16:27:53,488 - ingest_all_sources - ERROR - ============================================================
2025-06-18 16:27:53,488 - ingest_all_sources - ERROR - CRITICAL ERROR IN DATA INGESTION
2025-06-18 16:27:53,489 - ingest_all_sources - ERROR - Error: Unexpected SensorName format: RH KGL 218_8404e1 - no comm.
2025-06-18 16:27:53,489 - ingest_all_sources - ERROR - Traceback:
2025-06-18 16:27:53,492 - ingest_all_sources - ERROR - Traceback (most recent call last):
  File "X:\Coding Junk\Work\Upwork\Anthony Arbaiza - Existing Code modification\environmental-sensor-poc\ingest_all_sources.py", line 135, in main
    env_data.consolidate_readings()
  File "X:\Coding Junk\Work\Upwork\Anthony Arbaiza - Existing Code modification\environmental-sensor-poc\EnvironmentData.py", line 638, in consolidate_readings
    self.update_lookups()
  File "X:\Coding Junk\Work\Upwork\Anthony Arbaiza - Existing Code modification\environmental-sensor-poc\EnvironmentData.py", line 1015, in update_lookups
    raise Exception(f'Unexpected SensorName format: {sensorname}.')
Exception: Unexpected SensorName format: RH KGL 218_8404e1 - no comm.

2025-06-18 16:27:53,493 - ingest_all_sources - ERROR - ============================================================
