2025-06-18 16:15:23,079 - ingest_all_sources - INFO - ============================================================
2025-06-18 16:15:23,079 - ingest_all_sources - INFO - STARTING UNIFIED DATA INGESTION
2025-06-18 16:15:23,079 - ingest_all_sources - INFO - Start time: 2025-06-18 16:15:23.079701
2025-06-18 16:15:23,079 - ingest_all_sources - INFO - ============================================================
2025-06-18 16:15:23,079 - ingest_all_sources - INFO - Reading configuration...
2025-06-18 16:15:23,079 - ingest_all_sources - INFO - Environment debugging:
2025-06-18 16:15:23,079 - ingest_all_sources - INFO -   Current working directory: X:\Coding Junk\Work\Upwork\Anthony Arbaiza - Existing Code modification\environmental-sensor-poc
2025-06-18 16:15:23,082 - ingest_all_sources - INFO -   .env file exists: True
2025-06-18 16:15:23,082 - ingest_all_sources - INFO -   .env file has 15 lines
2025-06-18 16:15:23,083 - ingest_all_sources - INFO -     DAYS_BACK=1095
2025-06-18 16:15:23,083 - ingest_all_sources - INFO -     TESTING=False
2025-06-18 16:15:23,083 - ingest_all_sources - INFO -     CATS_USER_ID=2496
2025-06-18 16:15:23,083 - ingest_all_sources - INFO -     
2025-06-18 16:15:23,084 - ingest_all_sources - INFO - Configuration:
2025-06-18 16:15:23,085 - ingest_all_sources - INFO -   CATS_USER_ID: 2496
2025-06-18 16:15:23,085 - ingest_all_sources - INFO -   CONSERV_ENABLED: True
2025-06-18 16:15:23,085 - ingest_all_sources - INFO -   TESTING: False
2025-06-18 16:15:23,086 - ingest_all_sources - INFO -   RUN_WINDOW_HOURS: 24
2025-06-18 16:15:23,086 - ingest_all_sources - INFO -   Conserv API keys found for customers: [1545, 333, 307, 2671, 1696]
2025-06-18 16:15:23,086 - ingest_all_sources - INFO - Conserv integration active with 5 customers
2025-06-18 16:15:23,087 - ingest_all_sources - INFO - Initializing EnvironmentData...
2025-06-18 16:15:23,088 - EnvironmentData - INFO - Initialized Conserv client with 5 customers
2025-06-18 16:15:23,088 - EnvironmentData - INFO - Conserv API client initialized with 5 customers
2025-06-18 16:15:23,088 - ingest_all_sources - INFO - EnvironmentData initialized successfully
2025-06-18 16:15:23,088 - ingest_all_sources - INFO -   Conserv enabled: True
2025-06-18 16:15:23,089 - ingest_all_sources - INFO -   Conserv customers: 5
2025-06-18 16:15:23,089 - ingest_all_sources - INFO -   Cron status: initialized
2025-06-18 16:15:23,089 - ingest_all_sources - INFO - Pulling current readings from all sources...
2025-06-18 16:15:23,089 - EnvironmentData - INFO - get_current_readings: 1750252523
2025-06-18 16:15:23,089 - EnvironmentData - INFO - get_sensors
2025-06-18 16:15:23,089 - EnvironmentData - INFO - API call: https://cats.corismonitoring.com/api/cats/user/?ApiKey=XXXX&CatsUserID=XXXX
2025-06-18 16:15:25,047 - EnvironmentData - INFO - get_sensors validation: correct column data types.
2025-06-18 16:15:25,048 - EnvironmentData - INFO - get_sensors validation: at least one non-null value in readings.
2025-06-18 16:15:25,052 - EnvironmentData - INFO - get_sensors validation: no duplicated SensorReadingUTC per SensorID_Coris.
2025-06-18 16:15:25,054 - EnvironmentData - INFO - get_sensors validation: one SensorName per SensorID_Coris.
2025-06-18 16:15:25,059 - EnvironmentData - INFO - get_current_readings_coris validation: correct column data types.
2025-06-18 16:15:25,060 - EnvironmentData - INFO - get_current_readings_coris validation: at least one non-null value in readings.
2025-06-18 16:15:25,060 - EnvironmentData - INFO - get_current_readings_coris validation: SensorReadingUTC columns close to QueryUTC.
2025-06-18 16:15:25,061 - EnvironmentData - INFO - get_current_readings_coris validation: no duplicated SensorReadingUTC per SensorID_Coris.
2025-06-18 16:15:25,063 - EnvironmentData - INFO - get_current_readings_coris validation: one SensorName per SensorID_Coris.
2025-06-18 16:15:25,065 - EnvironmentData-Errors - ERROR - get_current_readings_coris validation errors : SensorReadingUTC differs from UTC: UTC: 1750252523, maximum absolute difference (minutes): 8e+05.

2025-06-18 16:15:25,066 - EnvironmentData - ERROR - get_current_readings_coris validation errors : SensorReadingUTC differs from UTC: UTC: 1750252523, maximum absolute difference (minutes): 8e+05.

2025-06-18 16:15:25,068 - EnvironmentData - INFO - Fetching current Conserv data for all customers
2025-06-18 16:15:25,069 - EnvironmentData - INFO - Fetching Conserv data for period: 1750166123 to 1750252523
2025-06-18 16:15:25,071 - EnvironmentData - INFO - Fetching data for customer 1545
2025-06-18 16:15:25,071 - EnvironmentData - INFO - Exporting chunk for customer 1545: 2025-06-17 13:15:23+00:00 to 2025-06-18 13:15:23+00:00
2025-06-18 16:15:25,072 - EnvironmentData - INFO - Starting export for customer 1545: 2025-06-17 13:15:23+00:00 to 2025-06-18 13:15:23+00:00
2025-06-18 16:15:25,072 - EnvironmentData - INFO - Launch export payload: {'start_date': '2025-06-17T13:15:23+00:00', 'end_date': '2025-06-18T13:15:23+00:00'}
2025-06-18 16:15:25,073 - EnvironmentData - INFO - Conserv API POST https://api.conserv.io/v1/sensors/export headers={'x-api-key': 'XXXX', 'Content-Type': 'application/json'}
2025-06-18 16:15:25,356 - urllib3.connection - WARNING - Certificate did not match expected hostname: api.conserv.io. Certificate: {'subject': ((('commonName', '*.execute-api.us-east-1.amazonaws.com'),),), 'issuer': ((('countryName', 'US'),), (('organizationName', 'Amazon'),), (('commonName', 'Amazon RSA 2048 M03'),)), 'version': 3, 'serialNumber': '03CC5A98E4786D36F24CA5E1158E1EA3', 'notBefore': 'Mar 22 00:00:00 2025 GMT', 'notAfter': 'Apr 19 23:59:59 2026 GMT', 'subjectAltName': (('DNS', '*.execute-api.us-east-1.amazonaws.com'),), 'OCSP': ('http://ocsp.r2m03.amazontrust.com',), 'caIssuers': ('http://crt.r2m03.amazontrust.com/r2m03.cer',), 'crlDistributionPoints': ('http://crl.r2m03.amazontrust.com/r2m03.crl',)}
2025-06-18 16:15:25,357 - EnvironmentData - WARNING - SSL certificate issue, retrying without verification: HTTPSConnectionPool(host='api.conserv.io', port=443): Max retries exceeded with url: /v1/sensors/export (Caused by SSLError(CertificateError("hostname 'api.conserv.io' doesn't match '*.execute-api.us-east-1.amazonaws.com'")))
2025-06-18 16:15:25,880 - EnvironmentData - ERROR - 400 Bad Request response body: Error validating request body. Start date is required. End date is required. "start_date" is not allowed. "end_date" is not allowed.
2025-06-18 16:15:25,882 - EnvironmentData - ERROR - Conserv API request failed even without SSL verification: 400 Client Error: Bad Request for url: https://api.conserv.io/v1/sensors/export
2025-06-18 16:15:25,882 - EnvironmentData - ERROR - 400 Bad Request response body: Error validating request body. Start date is required. End date is required. "start_date" is not allowed. "end_date" is not allowed.
2025-06-18 16:15:25,883 - EnvironmentData - ERROR - Export failed for customer 1545: 400 Client Error: Bad Request for url: https://api.conserv.io/v1/sensors/export
2025-06-18 16:15:25,886 - EnvironmentData - INFO - No data available for customer 1545
2025-06-18 16:15:25,886 - EnvironmentData - INFO - Fetching data for customer 333
2025-06-18 16:15:25,886 - EnvironmentData - INFO - Exporting chunk for customer 333: 2025-06-17 13:15:23+00:00 to 2025-06-18 13:15:23+00:00
2025-06-18 16:15:25,886 - EnvironmentData - INFO - Starting export for customer 333: 2025-06-17 13:15:23+00:00 to 2025-06-18 13:15:23+00:00
2025-06-18 16:15:25,886 - EnvironmentData - INFO - Launch export payload: {'start_date': '2025-06-17T13:15:23+00:00', 'end_date': '2025-06-18T13:15:23+00:00'}
2025-06-18 16:15:25,887 - EnvironmentData - INFO - Conserv API POST https://api.conserv.io/v1/sensors/export headers={'x-api-key': 'XXXX', 'Content-Type': 'application/json'}
2025-06-18 16:15:26,166 - urllib3.connection - WARNING - Certificate did not match expected hostname: api.conserv.io. Certificate: {'subject': ((('commonName', '*.execute-api.us-east-1.amazonaws.com'),),), 'issuer': ((('countryName', 'US'),), (('organizationName', 'Amazon'),), (('commonName', 'Amazon RSA 2048 M03'),)), 'version': 3, 'serialNumber': '03CC5A98E4786D36F24CA5E1158E1EA3', 'notBefore': 'Mar 22 00:00:00 2025 GMT', 'notAfter': 'Apr 19 23:59:59 2026 GMT', 'subjectAltName': (('DNS', '*.execute-api.us-east-1.amazonaws.com'),), 'OCSP': ('http://ocsp.r2m03.amazontrust.com',), 'caIssuers': ('http://crt.r2m03.amazontrust.com/r2m03.cer',), 'crlDistributionPoints': ('http://crl.r2m03.amazontrust.com/r2m03.crl',)}
2025-06-18 16:15:26,167 - EnvironmentData - WARNING - SSL certificate issue, retrying without verification: HTTPSConnectionPool(host='api.conserv.io', port=443): Max retries exceeded with url: /v1/sensors/export (Caused by SSLError(CertificateError("hostname 'api.conserv.io' doesn't match '*.execute-api.us-east-1.amazonaws.com'")))
2025-06-18 16:15:26,639 - EnvironmentData - ERROR - 400 Bad Request response body: Error validating request body. Start date is required. End date is required. "start_date" is not allowed. "end_date" is not allowed.
2025-06-18 16:15:26,641 - EnvironmentData - ERROR - Conserv API request failed even without SSL verification: 400 Client Error: Bad Request for url: https://api.conserv.io/v1/sensors/export
2025-06-18 16:15:26,642 - EnvironmentData - ERROR - 400 Bad Request response body: Error validating request body. Start date is required. End date is required. "start_date" is not allowed. "end_date" is not allowed.
2025-06-18 16:15:26,642 - EnvironmentData - ERROR - Export failed for customer 333: 400 Client Error: Bad Request for url: https://api.conserv.io/v1/sensors/export
2025-06-18 16:15:26,647 - EnvironmentData - INFO - No data available for customer 333
2025-06-18 16:15:26,647 - EnvironmentData - INFO - Fetching data for customer 307
2025-06-18 16:15:26,648 - EnvironmentData - INFO - Exporting chunk for customer 307: 2025-06-17 13:15:23+00:00 to 2025-06-18 13:15:23+00:00
2025-06-18 16:15:26,648 - EnvironmentData - INFO - Starting export for customer 307: 2025-06-17 13:15:23+00:00 to 2025-06-18 13:15:23+00:00
2025-06-18 16:15:26,649 - EnvironmentData - INFO - Launch export payload: {'start_date': '2025-06-17T13:15:23+00:00', 'end_date': '2025-06-18T13:15:23+00:00'}
2025-06-18 16:15:26,649 - EnvironmentData - INFO - Conserv API POST https://api.conserv.io/v1/sensors/export headers={'x-api-key': 'XXXX', 'Content-Type': 'application/json'}
2025-06-18 16:15:26,960 - urllib3.connection - WARNING - Certificate did not match expected hostname: api.conserv.io. Certificate: {'subject': ((('commonName', '*.execute-api.us-east-1.amazonaws.com'),),), 'issuer': ((('countryName', 'US'),), (('organizationName', 'Amazon'),), (('commonName', 'Amazon RSA 2048 M03'),)), 'version': 3, 'serialNumber': '03CC5A98E4786D36F24CA5E1158E1EA3', 'notBefore': 'Mar 22 00:00:00 2025 GMT', 'notAfter': 'Apr 19 23:59:59 2026 GMT', 'subjectAltName': (('DNS', '*.execute-api.us-east-1.amazonaws.com'),), 'OCSP': ('http://ocsp.r2m03.amazontrust.com',), 'caIssuers': ('http://crt.r2m03.amazontrust.com/r2m03.cer',), 'crlDistributionPoints': ('http://crl.r2m03.amazontrust.com/r2m03.crl',)}
2025-06-18 16:15:26,963 - EnvironmentData - WARNING - SSL certificate issue, retrying without verification: HTTPSConnectionPool(host='api.conserv.io', port=443): Max retries exceeded with url: /v1/sensors/export (Caused by SSLError(CertificateError("hostname 'api.conserv.io' doesn't match '*.execute-api.us-east-1.amazonaws.com'")))
2025-06-18 16:15:27,479 - EnvironmentData - ERROR - 400 Bad Request response body: Error validating request body. Start date is required. End date is required. "start_date" is not allowed. "end_date" is not allowed.
2025-06-18 16:15:27,479 - EnvironmentData - ERROR - Conserv API request failed even without SSL verification: 400 Client Error: Bad Request for url: https://api.conserv.io/v1/sensors/export
2025-06-18 16:15:27,481 - EnvironmentData - ERROR - 400 Bad Request response body: Error validating request body. Start date is required. End date is required. "start_date" is not allowed. "end_date" is not allowed.
2025-06-18 16:15:27,481 - EnvironmentData - ERROR - Export failed for customer 307: 400 Client Error: Bad Request for url: https://api.conserv.io/v1/sensors/export
2025-06-18 16:15:27,486 - EnvironmentData - INFO - No data available for customer 307
2025-06-18 16:15:27,487 - EnvironmentData - INFO - Fetching data for customer 2671
2025-06-18 16:15:27,487 - EnvironmentData - INFO - Exporting chunk for customer 2671: 2025-06-17 13:15:23+00:00 to 2025-06-18 13:15:23+00:00
2025-06-18 16:15:27,487 - EnvironmentData - INFO - Starting export for customer 2671: 2025-06-17 13:15:23+00:00 to 2025-06-18 13:15:23+00:00
2025-06-18 16:15:27,488 - EnvironmentData - INFO - Launch export payload: {'start_date': '2025-06-17T13:15:23+00:00', 'end_date': '2025-06-18T13:15:23+00:00'}
2025-06-18 16:15:27,488 - EnvironmentData - INFO - Conserv API POST https://api.conserv.io/v1/sensors/export headers={'x-api-key': 'XXXX', 'Content-Type': 'application/json'}
2025-06-18 16:15:27,819 - urllib3.connection - WARNING - Certificate did not match expected hostname: api.conserv.io. Certificate: {'subject': ((('commonName', '*.execute-api.us-east-1.amazonaws.com'),),), 'issuer': ((('countryName', 'US'),), (('organizationName', 'Amazon'),), (('commonName', 'Amazon RSA 2048 M03'),)), 'version': 3, 'serialNumber': '03CC5A98E4786D36F24CA5E1158E1EA3', 'notBefore': 'Mar 22 00:00:00 2025 GMT', 'notAfter': 'Apr 19 23:59:59 2026 GMT', 'subjectAltName': (('DNS', '*.execute-api.us-east-1.amazonaws.com'),), 'OCSP': ('http://ocsp.r2m03.amazontrust.com',), 'caIssuers': ('http://crt.r2m03.amazontrust.com/r2m03.cer',), 'crlDistributionPoints': ('http://crl.r2m03.amazontrust.com/r2m03.crl',)}
2025-06-18 16:15:27,823 - EnvironmentData - WARNING - SSL certificate issue, retrying without verification: HTTPSConnectionPool(host='api.conserv.io', port=443): Max retries exceeded with url: /v1/sensors/export (Caused by SSLError(CertificateError("hostname 'api.conserv.io' doesn't match '*.execute-api.us-east-1.amazonaws.com'")))
2025-06-18 16:15:28,379 - EnvironmentData - ERROR - 400 Bad Request response body: Error validating request body. Start date is required. End date is required. "start_date" is not allowed. "end_date" is not allowed.
2025-06-18 16:15:28,380 - EnvironmentData - ERROR - Conserv API request failed even without SSL verification: 400 Client Error: Bad Request for url: https://api.conserv.io/v1/sensors/export
2025-06-18 16:15:28,380 - EnvironmentData - ERROR - 400 Bad Request response body: Error validating request body. Start date is required. End date is required. "start_date" is not allowed. "end_date" is not allowed.
2025-06-18 16:15:28,381 - EnvironmentData - ERROR - Export failed for customer 2671: 400 Client Error: Bad Request for url: https://api.conserv.io/v1/sensors/export
2025-06-18 16:15:28,386 - EnvironmentData - INFO - No data available for customer 2671
2025-06-18 16:15:28,386 - EnvironmentData - INFO - Fetching data for customer 1696
2025-06-18 16:15:28,387 - EnvironmentData - INFO - Exporting chunk for customer 1696: 2025-06-17 13:15:23+00:00 to 2025-06-18 13:15:23+00:00
2025-06-18 16:15:28,387 - EnvironmentData - INFO - Starting export for customer 1696: 2025-06-17 13:15:23+00:00 to 2025-06-18 13:15:23+00:00
2025-06-18 16:15:28,388 - EnvironmentData - INFO - Launch export payload: {'start_date': '2025-06-17T13:15:23+00:00', 'end_date': '2025-06-18T13:15:23+00:00'}
2025-06-18 16:15:28,388 - EnvironmentData - INFO - Conserv API POST https://api.conserv.io/v1/sensors/export headers={'x-api-key': 'XXXX', 'Content-Type': 'application/json'}
2025-06-18 16:15:28,713 - urllib3.connection - WARNING - Certificate did not match expected hostname: api.conserv.io. Certificate: {'subject': ((('commonName', '*.execute-api.us-east-1.amazonaws.com'),),), 'issuer': ((('countryName', 'US'),), (('organizationName', 'Amazon'),), (('commonName', 'Amazon RSA 2048 M03'),)), 'version': 3, 'serialNumber': '03CC5A98E4786D36F24CA5E1158E1EA3', 'notBefore': 'Mar 22 00:00:00 2025 GMT', 'notAfter': 'Apr 19 23:59:59 2026 GMT', 'subjectAltName': (('DNS', '*.execute-api.us-east-1.amazonaws.com'),), 'OCSP': ('http://ocsp.r2m03.amazontrust.com',), 'caIssuers': ('http://crt.r2m03.amazontrust.com/r2m03.cer',), 'crlDistributionPoints': ('http://crl.r2m03.amazontrust.com/r2m03.crl',)}
2025-06-18 16:15:28,715 - EnvironmentData - WARNING - SSL certificate issue, retrying without verification: HTTPSConnectionPool(host='api.conserv.io', port=443): Max retries exceeded with url: /v1/sensors/export (Caused by SSLError(CertificateError("hostname 'api.conserv.io' doesn't match '*.execute-api.us-east-1.amazonaws.com'")))
2025-06-18 16:15:29,272 - EnvironmentData - ERROR - 400 Bad Request response body: Error validating request body. Start date is required. End date is required. "start_date" is not allowed. "end_date" is not allowed.
2025-06-18 16:15:29,273 - EnvironmentData - ERROR - Conserv API request failed even without SSL verification: 400 Client Error: Bad Request for url: https://api.conserv.io/v1/sensors/export
2025-06-18 16:15:29,273 - EnvironmentData - ERROR - 400 Bad Request response body: Error validating request body. Start date is required. End date is required. "start_date" is not allowed. "end_date" is not allowed.
2025-06-18 16:15:29,273 - EnvironmentData - ERROR - Export failed for customer 1696: 400 Client Error: Bad Request for url: https://api.conserv.io/v1/sensors/export
2025-06-18 16:15:29,277 - EnvironmentData - INFO - No data available for customer 1696
2025-06-18 16:15:29,278 - EnvironmentData - WARNING - No data retrieved from any customer
2025-06-18 16:15:29,279 - EnvironmentData - INFO - No current Conserv data available
2025-06-18 16:15:29,279 - EnvironmentData - INFO - Current readings: 143 Coris only
2025-06-18 16:15:29,285 - ingest_all_sources - INFO - Current readings completed successfully
2025-06-18 16:15:29,286 - ingest_all_sources - INFO - Consolidating readings...
2025-06-18 16:15:29,286 - EnvironmentData - INFO - consolidate_readings
2025-06-18 16:15:29,310 - EnvironmentData - INFO - 143 new readings.
2025-06-18 16:15:29,319 - EnvironmentData - INFO - consolidate_readings validation: correct column data types.
2025-06-18 16:15:29,322 - EnvironmentData - INFO - consolidate_readings validation: at least one non-null value in readings.
2025-06-18 16:15:29,323 - EnvironmentData - INFO - consolidate_readings validation: no duplicated SensorReadingUTC per SensorID_Coris.
2025-06-18 16:15:29,324 - EnvironmentData - INFO - consolidate_readings validation: one SensorName per SensorID_Coris.
2025-06-18 16:15:29,328 - EnvironmentData - INFO - consolidate_readings validation: all SensorID_Coris in historical data (no dropped SensorID).
2025-06-18 16:15:29,378 - EnvironmentData - INFO - 572 total readings.
2025-06-18 16:15:29,392 - EnvironmentData-Errors - ERROR - Validation errors: 
20 missing values in [SensorReadingRh].
2025-06-18 16:15:29,392 - EnvironmentData - ERROR - Validation errors: 
20 missing values in [SensorReadingRh].
2025-06-18 16:15:29,414 - ingest_all_sources - ERROR - ============================================================
2025-06-18 16:15:29,414 - ingest_all_sources - ERROR - CRITICAL ERROR IN DATA INGESTION
2025-06-18 16:15:29,415 - ingest_all_sources - ERROR - Error: Unexpected SensorName format: Cryo tank 2 on ETS 39FE(P3).
2025-06-18 16:15:29,415 - ingest_all_sources - ERROR - Traceback:
2025-06-18 16:15:29,416 - ingest_all_sources - ERROR - Traceback (most recent call last):
  File "X:\Coding Junk\Work\Upwork\Anthony Arbaiza - Existing Code modification\environmental-sensor-poc\ingest_all_sources.py", line 135, in main
    env_data.consolidate_readings()
  File "X:\Coding Junk\Work\Upwork\Anthony Arbaiza - Existing Code modification\environmental-sensor-poc\EnvironmentData.py", line 638, in consolidate_readings
    self.update_lookups()
  File "X:\Coding Junk\Work\Upwork\Anthony Arbaiza - Existing Code modification\environmental-sensor-poc\EnvironmentData.py", line 1015, in update_lookups
    raise Exception(f'Unexpected SensorName format: {sensorname}.')
Exception: Unexpected SensorName format: Cryo tank 2 on ETS 39FE(P3).

2025-06-18 16:15:29,419 - ingest_all_sources - ERROR - ============================================================
