2025-06-18 17:48:34,853 - ingest_all_sources - INFO - ============================================================
2025-06-18 17:48:34,854 - ingest_all_sources - INFO - STARTING UNIFIED DATA INGESTION
2025-06-18 17:48:34,854 - ingest_all_sources - INFO - Start time: 2025-06-18 17:48:34.853947
2025-06-18 17:48:34,854 - ingest_all_sources - INFO - ============================================================
2025-06-18 17:48:34,854 - ingest_all_sources - INFO - Reading configuration...
2025-06-18 17:48:34,854 - ingest_all_sources - INFO - Environment debugging:
2025-06-18 17:48:34,854 - ingest_all_sources - INFO -   Current working directory: X:\Coding Junk\Work\Upwork\Anthony Arbaiza - Existing Code modification\environmental-sensor-poc
2025-06-18 17:48:34,855 - ingest_all_sources - INFO -   .env file exists: True
2025-06-18 17:48:34,855 - ingest_all_sources - INFO -   .env file has 15 lines
2025-06-18 17:48:34,855 - ingest_all_sources - INFO -     DAYS_BACK=1095
2025-06-18 17:48:34,855 - ingest_all_sources - INFO -     TESTING=False
2025-06-18 17:48:34,856 - ingest_all_sources - INFO -     CATS_USER_ID=2496
2025-06-18 17:48:34,856 - ingest_all_sources - INFO -     
2025-06-18 17:48:34,856 - ingest_all_sources - INFO - Configuration:
2025-06-18 17:48:34,857 - ingest_all_sources - INFO -   CATS_USER_ID: 2496
2025-06-18 17:48:34,857 - ingest_all_sources - INFO -   CONSERV_ENABLED: True
2025-06-18 17:48:34,857 - ingest_all_sources - INFO -   TESTING: False
2025-06-18 17:48:34,857 - ingest_all_sources - INFO -   RUN_WINDOW_HOURS: 24
2025-06-18 17:48:34,857 - ingest_all_sources - INFO -   Conserv API keys found for customers: [1545, 333, 307, 2671, 1696]
2025-06-18 17:48:34,857 - ingest_all_sources - INFO - Conserv integration active with 5 customers
2025-06-18 17:48:34,857 - ingest_all_sources - INFO - Initializing EnvironmentData...
2025-06-18 17:48:34,858 - EnvironmentData - INFO - Initialized Conserv client with 5 customers
2025-06-18 17:48:34,858 - EnvironmentData - INFO - Conserv API client initialized with 5 customers
2025-06-18 17:48:34,858 - ingest_all_sources - INFO - EnvironmentData initialized successfully
2025-06-18 17:48:34,858 - ingest_all_sources - INFO -   Conserv enabled: True
2025-06-18 17:48:34,858 - ingest_all_sources - INFO -   Conserv customers: 5
2025-06-18 17:48:34,858 - ingest_all_sources - INFO -   Cron status: initialized
2025-06-18 17:48:34,858 - ingest_all_sources - INFO - Pulling current readings from all sources...
2025-06-18 17:48:34,858 - EnvironmentData - INFO - get_current_readings: 1750258114
2025-06-18 17:48:34,858 - EnvironmentData - INFO - get_sensors
2025-06-18 17:48:34,859 - EnvironmentData - INFO - API call: https://cats.corismonitoring.com/api/cats/user/?ApiKey=XXXX&CatsUserID=XXXX
2025-06-18 17:48:37,027 - EnvironmentData - INFO - get_sensors validation: correct column data types.
2025-06-18 17:48:37,028 - EnvironmentData - INFO - get_sensors validation: at least one non-null value in readings.
2025-06-18 17:48:37,029 - EnvironmentData - INFO - get_sensors validation: no duplicated SensorReadingUTC per SensorID_Coris.
2025-06-18 17:48:37,032 - EnvironmentData - INFO - get_sensors validation: one SensorName per SensorID_Coris.
2025-06-18 17:48:37,036 - EnvironmentData - INFO - get_current_readings_coris validation: correct column data types.
2025-06-18 17:48:37,037 - EnvironmentData - INFO - get_current_readings_coris validation: at least one non-null value in readings.
2025-06-18 17:48:37,038 - EnvironmentData - INFO - get_current_readings_coris validation: SensorReadingUTC columns close to QueryUTC.
2025-06-18 17:48:37,038 - EnvironmentData - INFO - get_current_readings_coris validation: no duplicated SensorReadingUTC per SensorID_Coris.
2025-06-18 17:48:37,039 - EnvironmentData - INFO - get_current_readings_coris validation: one SensorName per SensorID_Coris.
2025-06-18 17:48:37,041 - EnvironmentData-Errors - ERROR - get_current_readings_coris validation errors : SensorReadingUTC differs from UTC: UTC: 1750258114, maximum absolute difference (minutes): 8e+05.

2025-06-18 17:48:37,041 - EnvironmentData - ERROR - get_current_readings_coris validation errors : SensorReadingUTC differs from UTC: UTC: 1750258114, maximum absolute difference (minutes): 8e+05.

2025-06-18 17:48:37,043 - EnvironmentData - INFO - Fetching current Conserv data for all customers
2025-06-18 17:48:37,043 - EnvironmentData - INFO - Fetching Conserv data for period: 1750171714 to 1750258114
2025-06-18 17:48:37,043 - EnvironmentData - INFO - Fetching data for customer 1545
2025-06-18 17:48:37,043 - EnvironmentData - INFO - Exporting chunk for customer 1545: 2025-06-17 14:48:34+00:00 to 2025-06-18 14:48:34+00:00
2025-06-18 17:48:37,043 - EnvironmentData - INFO - Starting export for customer 1545: 2025-06-17 14:48:34+00:00 to 2025-06-18 14:48:34+00:00
2025-06-18 17:48:37,043 - EnvironmentData - INFO - Launch export payload: {'start': '2025-06-17T14:48:34+00:00', 'end': '2025-06-18T14:48:34+00:00'}
2025-06-18 17:48:37,044 - EnvironmentData - INFO - Conserv API POST https://api.conserv.io/v1/sensors/export headers={'x-api-key': 'XXXX', 'Content-Type': 'application/json'}
2025-06-18 17:48:37,341 - urllib3.connection - WARNING - Certificate did not match expected hostname: api.conserv.io. Certificate: {'subject': ((('commonName', '*.execute-api.us-east-1.amazonaws.com'),),), 'issuer': ((('countryName', 'US'),), (('organizationName', 'Amazon'),), (('commonName', 'Amazon RSA 2048 M03'),)), 'version': 3, 'serialNumber': '03CC5A98E4786D36F24CA5E1158E1EA3', 'notBefore': 'Mar 22 00:00:00 2025 GMT', 'notAfter': 'Apr 19 23:59:59 2026 GMT', 'subjectAltName': (('DNS', '*.execute-api.us-east-1.amazonaws.com'),), 'OCSP': ('http://ocsp.r2m03.amazontrust.com',), 'caIssuers': ('http://crt.r2m03.amazontrust.com/r2m03.cer',), 'crlDistributionPoints': ('http://crl.r2m03.amazontrust.com/r2m03.crl',)}
2025-06-18 17:48:37,341 - EnvironmentData - WARNING - SSL certificate issue, retrying without verification: HTTPSConnectionPool(host='api.conserv.io', port=443): Max retries exceeded with url: /v1/sensors/export (Caused by SSLError(CertificateError("hostname 'api.conserv.io' doesn't match '*.execute-api.us-east-1.amazonaws.com'")))
2025-06-18 17:48:38,027 - EnvironmentData - INFO - Conserv export launched: a8e6d81d-c9f2-4c7d-b627-251f78a343a7
2025-06-18 17:48:38,029 - EnvironmentData - INFO - Conserv API GET https://api.conserv.io/v1/sensors/export/a8e6d81d-c9f2-4c7d-b627-251f78a343a7/status headers={'x-api-key': 'XXXX', 'Content-Type': 'application/json'}
2025-06-18 17:48:38,304 - urllib3.connection - WARNING - Certificate did not match expected hostname: api.conserv.io. Certificate: {'subject': ((('commonName', '*.execute-api.us-east-1.amazonaws.com'),),), 'issuer': ((('countryName', 'US'),), (('organizationName', 'Amazon'),), (('commonName', 'Amazon RSA 2048 M03'),)), 'version': 3, 'serialNumber': '03CC5A98E4786D36F24CA5E1158E1EA3', 'notBefore': 'Mar 22 00:00:00 2025 GMT', 'notAfter': 'Apr 19 23:59:59 2026 GMT', 'subjectAltName': (('DNS', '*.execute-api.us-east-1.amazonaws.com'),), 'OCSP': ('http://ocsp.r2m03.amazontrust.com',), 'caIssuers': ('http://crt.r2m03.amazontrust.com/r2m03.cer',), 'crlDistributionPoints': ('http://crl.r2m03.amazontrust.com/r2m03.crl',)}
2025-06-18 17:48:38,305 - EnvironmentData - WARNING - SSL certificate issue, retrying without verification: HTTPSConnectionPool(host='api.conserv.io', port=443): Max retries exceeded with url: /v1/sensors/export/a8e6d81d-c9f2-4c7d-b627-251f78a343a7/status (Caused by SSLError(CertificateError("hostname 'api.conserv.io' doesn't match '*.execute-api.us-east-1.amazonaws.com'")))
2025-06-18 17:48:38,791 - EnvironmentData - INFO - Export a8e6d81d-c9f2-4c7d-b627-251f78a343a7 still pending, waiting 30s...
2025-06-18 17:49:08,791 - EnvironmentData - INFO - Conserv API GET https://api.conserv.io/v1/sensors/export/a8e6d81d-c9f2-4c7d-b627-251f78a343a7/status headers={'x-api-key': 'XXXX', 'Content-Type': 'application/json'}
2025-06-18 17:49:09,125 - urllib3.connection - WARNING - Certificate did not match expected hostname: api.conserv.io. Certificate: {'subject': ((('commonName', '*.execute-api.us-east-1.amazonaws.com'),),), 'issuer': ((('countryName', 'US'),), (('organizationName', 'Amazon'),), (('commonName', 'Amazon RSA 2048 M03'),)), 'version': 3, 'serialNumber': '03CC5A98E4786D36F24CA5E1158E1EA3', 'notBefore': 'Mar 22 00:00:00 2025 GMT', 'notAfter': 'Apr 19 23:59:59 2026 GMT', 'subjectAltName': (('DNS', '*.execute-api.us-east-1.amazonaws.com'),), 'OCSP': ('http://ocsp.r2m03.amazontrust.com',), 'caIssuers': ('http://crt.r2m03.amazontrust.com/r2m03.cer',), 'crlDistributionPoints': ('http://crl.r2m03.amazontrust.com/r2m03.crl',)}
2025-06-18 17:49:09,125 - EnvironmentData - WARNING - SSL certificate issue, retrying without verification: HTTPSConnectionPool(host='api.conserv.io', port=443): Max retries exceeded with url: /v1/sensors/export/a8e6d81d-c9f2-4c7d-b627-251f78a343a7/status (Caused by SSLError(CertificateError("hostname 'api.conserv.io' doesn't match '*.execute-api.us-east-1.amazonaws.com'")))
2025-06-18 17:49:09,650 - EnvironmentData - INFO - Export a8e6d81d-c9f2-4c7d-b627-251f78a343a7 still pending, waiting 30s...
2025-06-18 17:49:39,651 - EnvironmentData - INFO - Conserv API GET https://api.conserv.io/v1/sensors/export/a8e6d81d-c9f2-4c7d-b627-251f78a343a7/status headers={'x-api-key': 'XXXX', 'Content-Type': 'application/json'}
2025-06-18 17:49:40,071 - urllib3.connection - WARNING - Certificate did not match expected hostname: api.conserv.io. Certificate: {'subject': ((('commonName', '*.execute-api.us-east-1.amazonaws.com'),),), 'issuer': ((('countryName', 'US'),), (('organizationName', 'Amazon'),), (('commonName', 'Amazon RSA 2048 M03'),)), 'version': 3, 'serialNumber': '03CC5A98E4786D36F24CA5E1158E1EA3', 'notBefore': 'Mar 22 00:00:00 2025 GMT', 'notAfter': 'Apr 19 23:59:59 2026 GMT', 'subjectAltName': (('DNS', '*.execute-api.us-east-1.amazonaws.com'),), 'OCSP': ('http://ocsp.r2m03.amazontrust.com',), 'caIssuers': ('http://crt.r2m03.amazontrust.com/r2m03.cer',), 'crlDistributionPoints': ('http://crl.r2m03.amazontrust.com/r2m03.crl',)}
2025-06-18 17:49:40,071 - EnvironmentData - WARNING - SSL certificate issue, retrying without verification: HTTPSConnectionPool(host='api.conserv.io', port=443): Max retries exceeded with url: /v1/sensors/export/a8e6d81d-c9f2-4c7d-b627-251f78a343a7/status (Caused by SSLError(CertificateError("hostname 'api.conserv.io' doesn't match '*.execute-api.us-east-1.amazonaws.com'")))
2025-06-18 17:49:40,594 - EnvironmentData - INFO - Export a8e6d81d-c9f2-4c7d-b627-251f78a343a7 still pending, waiting 30s...
2025-06-18 17:50:10,595 - EnvironmentData - INFO - Conserv API GET https://api.conserv.io/v1/sensors/export/a8e6d81d-c9f2-4c7d-b627-251f78a343a7/status headers={'x-api-key': 'XXXX', 'Content-Type': 'application/json'}
2025-06-18 17:50:10,886 - urllib3.connection - WARNING - Certificate did not match expected hostname: api.conserv.io. Certificate: {'subject': ((('commonName', '*.execute-api.us-east-1.amazonaws.com'),),), 'issuer': ((('countryName', 'US'),), (('organizationName', 'Amazon'),), (('commonName', 'Amazon RSA 2048 M03'),)), 'version': 3, 'serialNumber': '03CC5A98E4786D36F24CA5E1158E1EA3', 'notBefore': 'Mar 22 00:00:00 2025 GMT', 'notAfter': 'Apr 19 23:59:59 2026 GMT', 'subjectAltName': (('DNS', '*.execute-api.us-east-1.amazonaws.com'),), 'OCSP': ('http://ocsp.r2m03.amazontrust.com',), 'caIssuers': ('http://crt.r2m03.amazontrust.com/r2m03.cer',), 'crlDistributionPoints': ('http://crl.r2m03.amazontrust.com/r2m03.crl',)}
2025-06-18 17:50:10,887 - EnvironmentData - WARNING - SSL certificate issue, retrying without verification: HTTPSConnectionPool(host='api.conserv.io', port=443): Max retries exceeded with url: /v1/sensors/export/a8e6d81d-c9f2-4c7d-b627-251f78a343a7/status (Caused by SSLError(CertificateError("hostname 'api.conserv.io' doesn't match '*.execute-api.us-east-1.amazonaws.com'")))
2025-06-18 17:50:11,556 - EnvironmentData - INFO - Export a8e6d81d-c9f2-4c7d-b627-251f78a343a7 still processing, waiting 30s...
2025-06-18 17:50:41,557 - EnvironmentData - INFO - Conserv API GET https://api.conserv.io/v1/sensors/export/a8e6d81d-c9f2-4c7d-b627-251f78a343a7/status headers={'x-api-key': 'XXXX', 'Content-Type': 'application/json'}
2025-06-18 17:50:41,959 - urllib3.connection - WARNING - Certificate did not match expected hostname: api.conserv.io. Certificate: {'subject': ((('commonName', '*.execute-api.us-east-1.amazonaws.com'),),), 'issuer': ((('countryName', 'US'),), (('organizationName', 'Amazon'),), (('commonName', 'Amazon RSA 2048 M03'),)), 'version': 3, 'serialNumber': '03CC5A98E4786D36F24CA5E1158E1EA3', 'notBefore': 'Mar 22 00:00:00 2025 GMT', 'notAfter': 'Apr 19 23:59:59 2026 GMT', 'subjectAltName': (('DNS', '*.execute-api.us-east-1.amazonaws.com'),), 'OCSP': ('http://ocsp.r2m03.amazontrust.com',), 'caIssuers': ('http://crt.r2m03.amazontrust.com/r2m03.cer',), 'crlDistributionPoints': ('http://crl.r2m03.amazontrust.com/r2m03.crl',)}
2025-06-18 17:50:41,960 - EnvironmentData - WARNING - SSL certificate issue, retrying without verification: HTTPSConnectionPool(host='api.conserv.io', port=443): Max retries exceeded with url: /v1/sensors/export/a8e6d81d-c9f2-4c7d-b627-251f78a343a7/status (Caused by SSLError(CertificateError("hostname 'api.conserv.io' doesn't match '*.execute-api.us-east-1.amazonaws.com'")))
2025-06-18 17:50:42,446 - EnvironmentData - INFO - Export a8e6d81d-c9f2-4c7d-b627-251f78a343a7 completed successfully
2025-06-18 17:50:47,446 - EnvironmentData - INFO - Conserv API POST https://api.conserv.io/v1/sensors/export/a8e6d81d-c9f2-4c7d-b627-251f78a343a7/download headers={'x-api-key': 'XXXX', 'Content-Type': 'application/json'}
2025-06-18 17:50:47,751 - urllib3.connection - WARNING - Certificate did not match expected hostname: api.conserv.io. Certificate: {'subject': ((('commonName', '*.execute-api.us-east-1.amazonaws.com'),),), 'issuer': ((('countryName', 'US'),), (('organizationName', 'Amazon'),), (('commonName', 'Amazon RSA 2048 M03'),)), 'version': 3, 'serialNumber': '03CC5A98E4786D36F24CA5E1158E1EA3', 'notBefore': 'Mar 22 00:00:00 2025 GMT', 'notAfter': 'Apr 19 23:59:59 2026 GMT', 'subjectAltName': (('DNS', '*.execute-api.us-east-1.amazonaws.com'),), 'OCSP': ('http://ocsp.r2m03.amazontrust.com',), 'caIssuers': ('http://crt.r2m03.amazontrust.com/r2m03.cer',), 'crlDistributionPoints': ('http://crl.r2m03.amazontrust.com/r2m03.crl',)}
2025-06-18 17:50:47,752 - EnvironmentData - WARNING - SSL certificate issue, retrying without verification: HTTPSConnectionPool(host='api.conserv.io', port=443): Max retries exceeded with url: /v1/sensors/export/a8e6d81d-c9f2-4c7d-b627-251f78a343a7/download (Caused by SSLError(CertificateError("hostname 'api.conserv.io' doesn't match '*.execute-api.us-east-1.amazonaws.com'")))
2025-06-18 17:50:48,262 - EnvironmentData - INFO - Downloading export data from S3
2025-06-18 17:50:48,797 - EnvironmentData - INFO - Downloaded 202 rows, 7 columns
2025-06-18 17:50:48,799 - EnvironmentData - INFO - Successfully exported 202 rows for customer 1545
2025-06-18 17:50:48,799 - EnvironmentData - INFO - Successfully fetched 202 records for customer 1545
2025-06-18 17:50:48,799 - EnvironmentData - INFO - Fetching data for customer 333
2025-06-18 17:50:48,799 - EnvironmentData - INFO - Exporting chunk for customer 333: 2025-06-17 14:48:34+00:00 to 2025-06-18 14:48:34+00:00
2025-06-18 17:50:48,799 - EnvironmentData - INFO - Starting export for customer 333: 2025-06-17 14:48:34+00:00 to 2025-06-18 14:48:34+00:00
2025-06-18 17:50:48,799 - EnvironmentData - INFO - Launch export payload: {'start': '2025-06-17T14:48:34+00:00', 'end': '2025-06-18T14:48:34+00:00'}
2025-06-18 17:50:48,799 - EnvironmentData - INFO - Conserv API POST https://api.conserv.io/v1/sensors/export headers={'x-api-key': 'XXXX', 'Content-Type': 'application/json'}
2025-06-18 17:50:49,215 - urllib3.connection - WARNING - Certificate did not match expected hostname: api.conserv.io. Certificate: {'subject': ((('commonName', '*.execute-api.us-east-1.amazonaws.com'),),), 'issuer': ((('countryName', 'US'),), (('organizationName', 'Amazon'),), (('commonName', 'Amazon RSA 2048 M03'),)), 'version': 3, 'serialNumber': '03CC5A98E4786D36F24CA5E1158E1EA3', 'notBefore': 'Mar 22 00:00:00 2025 GMT', 'notAfter': 'Apr 19 23:59:59 2026 GMT', 'subjectAltName': (('DNS', '*.execute-api.us-east-1.amazonaws.com'),), 'OCSP': ('http://ocsp.r2m03.amazontrust.com',), 'caIssuers': ('http://crt.r2m03.amazontrust.com/r2m03.cer',), 'crlDistributionPoints': ('http://crl.r2m03.amazontrust.com/r2m03.crl',)}
2025-06-18 17:50:49,215 - EnvironmentData - WARNING - SSL certificate issue, retrying without verification: HTTPSConnectionPool(host='api.conserv.io', port=443): Max retries exceeded with url: /v1/sensors/export (Caused by SSLError(CertificateError("hostname 'api.conserv.io' doesn't match '*.execute-api.us-east-1.amazonaws.com'")))
2025-06-18 17:50:49,965 - EnvironmentData - INFO - Conserv export launched: 4b2a9c50-5c65-43ab-b82b-73d317e0fa85
2025-06-18 17:50:49,966 - EnvironmentData - INFO - Conserv API GET https://api.conserv.io/v1/sensors/export/4b2a9c50-5c65-43ab-b82b-73d317e0fa85/status headers={'x-api-key': 'XXXX', 'Content-Type': 'application/json'}
2025-06-18 17:50:50,251 - urllib3.connection - WARNING - Certificate did not match expected hostname: api.conserv.io. Certificate: {'subject': ((('commonName', '*.execute-api.us-east-1.amazonaws.com'),),), 'issuer': ((('countryName', 'US'),), (('organizationName', 'Amazon'),), (('commonName', 'Amazon RSA 2048 M03'),)), 'version': 3, 'serialNumber': '03CC5A98E4786D36F24CA5E1158E1EA3', 'notBefore': 'Mar 22 00:00:00 2025 GMT', 'notAfter': 'Apr 19 23:59:59 2026 GMT', 'subjectAltName': (('DNS', '*.execute-api.us-east-1.amazonaws.com'),), 'OCSP': ('http://ocsp.r2m03.amazontrust.com',), 'caIssuers': ('http://crt.r2m03.amazontrust.com/r2m03.cer',), 'crlDistributionPoints': ('http://crl.r2m03.amazontrust.com/r2m03.crl',)}
2025-06-18 17:50:50,252 - EnvironmentData - WARNING - SSL certificate issue, retrying without verification: HTTPSConnectionPool(host='api.conserv.io', port=443): Max retries exceeded with url: /v1/sensors/export/4b2a9c50-5c65-43ab-b82b-73d317e0fa85/status (Caused by SSLError(CertificateError("hostname 'api.conserv.io' doesn't match '*.execute-api.us-east-1.amazonaws.com'")))
2025-06-18 17:50:50,747 - EnvironmentData - INFO - Export 4b2a9c50-5c65-43ab-b82b-73d317e0fa85 still pending, waiting 30s...
2025-06-18 17:51:20,748 - EnvironmentData - INFO - Conserv API GET https://api.conserv.io/v1/sensors/export/4b2a9c50-5c65-43ab-b82b-73d317e0fa85/status headers={'x-api-key': 'XXXX', 'Content-Type': 'application/json'}
2025-06-18 17:51:21,074 - urllib3.connection - WARNING - Certificate did not match expected hostname: api.conserv.io. Certificate: {'subject': ((('commonName', '*.execute-api.us-east-1.amazonaws.com'),),), 'issuer': ((('countryName', 'US'),), (('organizationName', 'Amazon'),), (('commonName', 'Amazon RSA 2048 M03'),)), 'version': 3, 'serialNumber': '03CC5A98E4786D36F24CA5E1158E1EA3', 'notBefore': 'Mar 22 00:00:00 2025 GMT', 'notAfter': 'Apr 19 23:59:59 2026 GMT', 'subjectAltName': (('DNS', '*.execute-api.us-east-1.amazonaws.com'),), 'OCSP': ('http://ocsp.r2m03.amazontrust.com',), 'caIssuers': ('http://crt.r2m03.amazontrust.com/r2m03.cer',), 'crlDistributionPoints': ('http://crl.r2m03.amazontrust.com/r2m03.crl',)}
2025-06-18 17:51:21,075 - EnvironmentData - WARNING - SSL certificate issue, retrying without verification: HTTPSConnectionPool(host='api.conserv.io', port=443): Max retries exceeded with url: /v1/sensors/export/4b2a9c50-5c65-43ab-b82b-73d317e0fa85/status (Caused by SSLError(CertificateError("hostname 'api.conserv.io' doesn't match '*.execute-api.us-east-1.amazonaws.com'")))
2025-06-18 17:51:21,549 - EnvironmentData - INFO - Export 4b2a9c50-5c65-43ab-b82b-73d317e0fa85 still pending, waiting 30s...
2025-06-18 17:51:51,550 - EnvironmentData - INFO - Conserv API GET https://api.conserv.io/v1/sensors/export/4b2a9c50-5c65-43ab-b82b-73d317e0fa85/status headers={'x-api-key': 'XXXX', 'Content-Type': 'application/json'}
2025-06-18 17:51:51,937 - urllib3.connection - WARNING - Certificate did not match expected hostname: api.conserv.io. Certificate: {'subject': ((('commonName', '*.execute-api.us-east-1.amazonaws.com'),),), 'issuer': ((('countryName', 'US'),), (('organizationName', 'Amazon'),), (('commonName', 'Amazon RSA 2048 M03'),)), 'version': 3, 'serialNumber': '03CC5A98E4786D36F24CA5E1158E1EA3', 'notBefore': 'Mar 22 00:00:00 2025 GMT', 'notAfter': 'Apr 19 23:59:59 2026 GMT', 'subjectAltName': (('DNS', '*.execute-api.us-east-1.amazonaws.com'),), 'OCSP': ('http://ocsp.r2m03.amazontrust.com',), 'caIssuers': ('http://crt.r2m03.amazontrust.com/r2m03.cer',), 'crlDistributionPoints': ('http://crl.r2m03.amazontrust.com/r2m03.crl',)}
2025-06-18 17:51:51,938 - EnvironmentData - WARNING - SSL certificate issue, retrying without verification: HTTPSConnectionPool(host='api.conserv.io', port=443): Max retries exceeded with url: /v1/sensors/export/4b2a9c50-5c65-43ab-b82b-73d317e0fa85/status (Caused by SSLError(CertificateError("hostname 'api.conserv.io' doesn't match '*.execute-api.us-east-1.amazonaws.com'")))
2025-06-18 17:51:52,461 - EnvironmentData - INFO - Export 4b2a9c50-5c65-43ab-b82b-73d317e0fa85 still pending, waiting 30s...
2025-06-18 17:52:22,462 - EnvironmentData - INFO - Conserv API GET https://api.conserv.io/v1/sensors/export/4b2a9c50-5c65-43ab-b82b-73d317e0fa85/status headers={'x-api-key': 'XXXX', 'Content-Type': 'application/json'}
2025-06-18 17:52:22,749 - urllib3.connection - WARNING - Certificate did not match expected hostname: api.conserv.io. Certificate: {'subject': ((('commonName', '*.execute-api.us-east-1.amazonaws.com'),),), 'issuer': ((('countryName', 'US'),), (('organizationName', 'Amazon'),), (('commonName', 'Amazon RSA 2048 M03'),)), 'version': 3, 'serialNumber': '03CC5A98E4786D36F24CA5E1158E1EA3', 'notBefore': 'Mar 22 00:00:00 2025 GMT', 'notAfter': 'Apr 19 23:59:59 2026 GMT', 'subjectAltName': (('DNS', '*.execute-api.us-east-1.amazonaws.com'),), 'OCSP': ('http://ocsp.r2m03.amazontrust.com',), 'caIssuers': ('http://crt.r2m03.amazontrust.com/r2m03.cer',), 'crlDistributionPoints': ('http://crl.r2m03.amazontrust.com/r2m03.crl',)}
2025-06-18 17:52:22,751 - EnvironmentData - WARNING - SSL certificate issue, retrying without verification: HTTPSConnectionPool(host='api.conserv.io', port=443): Max retries exceeded with url: /v1/sensors/export/4b2a9c50-5c65-43ab-b82b-73d317e0fa85/status (Caused by SSLError(CertificateError("hostname 'api.conserv.io' doesn't match '*.execute-api.us-east-1.amazonaws.com'")))
2025-06-18 17:52:23,294 - EnvironmentData - INFO - Export 4b2a9c50-5c65-43ab-b82b-73d317e0fa85 completed successfully
2025-06-18 17:52:28,295 - EnvironmentData - INFO - Conserv API POST https://api.conserv.io/v1/sensors/export/4b2a9c50-5c65-43ab-b82b-73d317e0fa85/download headers={'x-api-key': 'XXXX', 'Content-Type': 'application/json'}
2025-06-18 17:52:28,601 - urllib3.connection - WARNING - Certificate did not match expected hostname: api.conserv.io. Certificate: {'subject': ((('commonName', '*.execute-api.us-east-1.amazonaws.com'),),), 'issuer': ((('countryName', 'US'),), (('organizationName', 'Amazon'),), (('commonName', 'Amazon RSA 2048 M03'),)), 'version': 3, 'serialNumber': '03CC5A98E4786D36F24CA5E1158E1EA3', 'notBefore': 'Mar 22 00:00:00 2025 GMT', 'notAfter': 'Apr 19 23:59:59 2026 GMT', 'subjectAltName': (('DNS', '*.execute-api.us-east-1.amazonaws.com'),), 'OCSP': ('http://ocsp.r2m03.amazontrust.com',), 'caIssuers': ('http://crt.r2m03.amazontrust.com/r2m03.cer',), 'crlDistributionPoints': ('http://crl.r2m03.amazontrust.com/r2m03.crl',)}
2025-06-18 17:52:28,602 - EnvironmentData - WARNING - SSL certificate issue, retrying without verification: HTTPSConnectionPool(host='api.conserv.io', port=443): Max retries exceeded with url: /v1/sensors/export/4b2a9c50-5c65-43ab-b82b-73d317e0fa85/download (Caused by SSLError(CertificateError("hostname 'api.conserv.io' doesn't match '*.execute-api.us-east-1.amazonaws.com'")))
2025-06-18 17:52:29,138 - EnvironmentData - INFO - Downloading export data from S3
2025-06-18 17:52:30,307 - EnvironmentData - INFO - Downloaded 2860 rows, 7 columns
2025-06-18 17:52:30,309 - EnvironmentData - INFO - Successfully exported 2860 rows for customer 333
2025-06-18 17:52:30,309 - EnvironmentData - INFO - Successfully fetched 2860 records for customer 333
2025-06-18 17:52:30,310 - EnvironmentData - INFO - Fetching data for customer 307
2025-06-18 17:52:30,310 - EnvironmentData - INFO - Exporting chunk for customer 307: 2025-06-17 14:48:34+00:00 to 2025-06-18 14:48:34+00:00
2025-06-18 17:52:30,310 - EnvironmentData - INFO - Starting export for customer 307: 2025-06-17 14:48:34+00:00 to 2025-06-18 14:48:34+00:00
2025-06-18 17:52:30,310 - EnvironmentData - INFO - Launch export payload: {'start': '2025-06-17T14:48:34+00:00', 'end': '2025-06-18T14:48:34+00:00'}
2025-06-18 17:52:30,310 - EnvironmentData - INFO - Conserv API POST https://api.conserv.io/v1/sensors/export headers={'x-api-key': 'XXXX', 'Content-Type': 'application/json'}
2025-06-18 17:52:30,618 - urllib3.connection - WARNING - Certificate did not match expected hostname: api.conserv.io. Certificate: {'subject': ((('commonName', '*.execute-api.us-east-1.amazonaws.com'),),), 'issuer': ((('countryName', 'US'),), (('organizationName', 'Amazon'),), (('commonName', 'Amazon RSA 2048 M03'),)), 'version': 3, 'serialNumber': '03CC5A98E4786D36F24CA5E1158E1EA3', 'notBefore': 'Mar 22 00:00:00 2025 GMT', 'notAfter': 'Apr 19 23:59:59 2026 GMT', 'subjectAltName': (('DNS', '*.execute-api.us-east-1.amazonaws.com'),), 'OCSP': ('http://ocsp.r2m03.amazontrust.com',), 'caIssuers': ('http://crt.r2m03.amazontrust.com/r2m03.cer',), 'crlDistributionPoints': ('http://crl.r2m03.amazontrust.com/r2m03.crl',)}
2025-06-18 17:52:30,618 - EnvironmentData - WARNING - SSL certificate issue, retrying without verification: HTTPSConnectionPool(host='api.conserv.io', port=443): Max retries exceeded with url: /v1/sensors/export (Caused by SSLError(CertificateError("hostname 'api.conserv.io' doesn't match '*.execute-api.us-east-1.amazonaws.com'")))
2025-06-18 17:52:31,248 - EnvironmentData - INFO - Conserv export launched: c9f18432-1c04-46b5-a619-b5f400a833f5
2025-06-18 17:52:31,253 - EnvironmentData - INFO - Conserv API GET https://api.conserv.io/v1/sensors/export/c9f18432-1c04-46b5-a619-b5f400a833f5/status headers={'x-api-key': 'XXXX', 'Content-Type': 'application/json'}
2025-06-18 17:52:31,532 - urllib3.connection - WARNING - Certificate did not match expected hostname: api.conserv.io. Certificate: {'subject': ((('commonName', '*.execute-api.us-east-1.amazonaws.com'),),), 'issuer': ((('countryName', 'US'),), (('organizationName', 'Amazon'),), (('commonName', 'Amazon RSA 2048 M03'),)), 'version': 3, 'serialNumber': '03CC5A98E4786D36F24CA5E1158E1EA3', 'notBefore': 'Mar 22 00:00:00 2025 GMT', 'notAfter': 'Apr 19 23:59:59 2026 GMT', 'subjectAltName': (('DNS', '*.execute-api.us-east-1.amazonaws.com'),), 'OCSP': ('http://ocsp.r2m03.amazontrust.com',), 'caIssuers': ('http://crt.r2m03.amazontrust.com/r2m03.cer',), 'crlDistributionPoints': ('http://crl.r2m03.amazontrust.com/r2m03.crl',)}
2025-06-18 17:52:31,533 - EnvironmentData - WARNING - SSL certificate issue, retrying without verification: HTTPSConnectionPool(host='api.conserv.io', port=443): Max retries exceeded with url: /v1/sensors/export/c9f18432-1c04-46b5-a619-b5f400a833f5/status (Caused by SSLError(CertificateError("hostname 'api.conserv.io' doesn't match '*.execute-api.us-east-1.amazonaws.com'")))
2025-06-18 17:52:32,098 - EnvironmentData - INFO - Export c9f18432-1c04-46b5-a619-b5f400a833f5 still pending, waiting 30s...
2025-06-18 17:53:02,100 - EnvironmentData - INFO - Conserv API GET https://api.conserv.io/v1/sensors/export/c9f18432-1c04-46b5-a619-b5f400a833f5/status headers={'x-api-key': 'XXXX', 'Content-Type': 'application/json'}
2025-06-18 17:53:02,537 - urllib3.connection - WARNING - Certificate did not match expected hostname: api.conserv.io. Certificate: {'subject': ((('commonName', '*.execute-api.us-east-1.amazonaws.com'),),), 'issuer': ((('countryName', 'US'),), (('organizationName', 'Amazon'),), (('commonName', 'Amazon RSA 2048 M03'),)), 'version': 3, 'serialNumber': '03CC5A98E4786D36F24CA5E1158E1EA3', 'notBefore': 'Mar 22 00:00:00 2025 GMT', 'notAfter': 'Apr 19 23:59:59 2026 GMT', 'subjectAltName': (('DNS', '*.execute-api.us-east-1.amazonaws.com'),), 'OCSP': ('http://ocsp.r2m03.amazontrust.com',), 'caIssuers': ('http://crt.r2m03.amazontrust.com/r2m03.cer',), 'crlDistributionPoints': ('http://crl.r2m03.amazontrust.com/r2m03.crl',)}
2025-06-18 17:53:02,539 - EnvironmentData - WARNING - SSL certificate issue, retrying without verification: HTTPSConnectionPool(host='api.conserv.io', port=443): Max retries exceeded with url: /v1/sensors/export/c9f18432-1c04-46b5-a619-b5f400a833f5/status (Caused by SSLError(CertificateError("hostname 'api.conserv.io' doesn't match '*.execute-api.us-east-1.amazonaws.com'")))
2025-06-18 17:53:03,063 - EnvironmentData - INFO - Export c9f18432-1c04-46b5-a619-b5f400a833f5 still pending, waiting 30s...
2025-06-18 17:53:33,064 - EnvironmentData - INFO - Conserv API GET https://api.conserv.io/v1/sensors/export/c9f18432-1c04-46b5-a619-b5f400a833f5/status headers={'x-api-key': 'XXXX', 'Content-Type': 'application/json'}
2025-06-18 17:53:33,361 - urllib3.connection - WARNING - Certificate did not match expected hostname: api.conserv.io. Certificate: {'subject': ((('commonName', '*.execute-api.us-east-1.amazonaws.com'),),), 'issuer': ((('countryName', 'US'),), (('organizationName', 'Amazon'),), (('commonName', 'Amazon RSA 2048 M03'),)), 'version': 3, 'serialNumber': '03CC5A98E4786D36F24CA5E1158E1EA3', 'notBefore': 'Mar 22 00:00:00 2025 GMT', 'notAfter': 'Apr 19 23:59:59 2026 GMT', 'subjectAltName': (('DNS', '*.execute-api.us-east-1.amazonaws.com'),), 'OCSP': ('http://ocsp.r2m03.amazontrust.com',), 'caIssuers': ('http://crt.r2m03.amazontrust.com/r2m03.cer',), 'crlDistributionPoints': ('http://crl.r2m03.amazontrust.com/r2m03.crl',)}
2025-06-18 17:53:33,361 - EnvironmentData - WARNING - SSL certificate issue, retrying without verification: HTTPSConnectionPool(host='api.conserv.io', port=443): Max retries exceeded with url: /v1/sensors/export/c9f18432-1c04-46b5-a619-b5f400a833f5/status (Caused by SSLError(CertificateError("hostname 'api.conserv.io' doesn't match '*.execute-api.us-east-1.amazonaws.com'")))
2025-06-18 17:53:33,857 - EnvironmentData - INFO - Export c9f18432-1c04-46b5-a619-b5f400a833f5 still pending, waiting 30s...
2025-06-18 17:54:03,858 - EnvironmentData - INFO - Conserv API GET https://api.conserv.io/v1/sensors/export/c9f18432-1c04-46b5-a619-b5f400a833f5/status headers={'x-api-key': 'XXXX', 'Content-Type': 'application/json'}
2025-06-18 17:54:04,301 - urllib3.connection - WARNING - Certificate did not match expected hostname: api.conserv.io. Certificate: {'subject': ((('commonName', '*.execute-api.us-east-1.amazonaws.com'),),), 'issuer': ((('countryName', 'US'),), (('organizationName', 'Amazon'),), (('commonName', 'Amazon RSA 2048 M03'),)), 'version': 3, 'serialNumber': '03CC5A98E4786D36F24CA5E1158E1EA3', 'notBefore': 'Mar 22 00:00:00 2025 GMT', 'notAfter': 'Apr 19 23:59:59 2026 GMT', 'subjectAltName': (('DNS', '*.execute-api.us-east-1.amazonaws.com'),), 'OCSP': ('http://ocsp.r2m03.amazontrust.com',), 'caIssuers': ('http://crt.r2m03.amazontrust.com/r2m03.cer',), 'crlDistributionPoints': ('http://crl.r2m03.amazontrust.com/r2m03.crl',)}
2025-06-18 17:54:04,301 - EnvironmentData - WARNING - SSL certificate issue, retrying without verification: HTTPSConnectionPool(host='api.conserv.io', port=443): Max retries exceeded with url: /v1/sensors/export/c9f18432-1c04-46b5-a619-b5f400a833f5/status (Caused by SSLError(CertificateError("hostname 'api.conserv.io' doesn't match '*.execute-api.us-east-1.amazonaws.com'")))
2025-06-18 17:54:04,846 - EnvironmentData - INFO - Export c9f18432-1c04-46b5-a619-b5f400a833f5 completed successfully
2025-06-18 17:54:09,847 - EnvironmentData - INFO - Conserv API POST https://api.conserv.io/v1/sensors/export/c9f18432-1c04-46b5-a619-b5f400a833f5/download headers={'x-api-key': 'XXXX', 'Content-Type': 'application/json'}
2025-06-18 17:54:10,126 - urllib3.connection - WARNING - Certificate did not match expected hostname: api.conserv.io. Certificate: {'subject': ((('commonName', '*.execute-api.us-east-1.amazonaws.com'),),), 'issuer': ((('countryName', 'US'),), (('organizationName', 'Amazon'),), (('commonName', 'Amazon RSA 2048 M03'),)), 'version': 3, 'serialNumber': '03CC5A98E4786D36F24CA5E1158E1EA3', 'notBefore': 'Mar 22 00:00:00 2025 GMT', 'notAfter': 'Apr 19 23:59:59 2026 GMT', 'subjectAltName': (('DNS', '*.execute-api.us-east-1.amazonaws.com'),), 'OCSP': ('http://ocsp.r2m03.amazontrust.com',), 'caIssuers': ('http://crt.r2m03.amazontrust.com/r2m03.cer',), 'crlDistributionPoints': ('http://crl.r2m03.amazontrust.com/r2m03.crl',)}
2025-06-18 17:54:10,127 - EnvironmentData - WARNING - SSL certificate issue, retrying without verification: HTTPSConnectionPool(host='api.conserv.io', port=443): Max retries exceeded with url: /v1/sensors/export/c9f18432-1c04-46b5-a619-b5f400a833f5/download (Caused by SSLError(CertificateError("hostname 'api.conserv.io' doesn't match '*.execute-api.us-east-1.amazonaws.com'")))
2025-06-18 17:54:10,602 - EnvironmentData - INFO - Downloading export data from S3
2025-06-18 17:54:11,553 - EnvironmentData - INFO - Downloaded 2937 rows, 7 columns
2025-06-18 17:54:11,555 - EnvironmentData - INFO - Successfully exported 2937 rows for customer 307
2025-06-18 17:54:11,556 - EnvironmentData - INFO - Successfully fetched 2937 records for customer 307
2025-06-18 17:54:11,556 - EnvironmentData - INFO - Fetching data for customer 2671
2025-06-18 17:54:11,556 - EnvironmentData - INFO - Exporting chunk for customer 2671: 2025-06-17 14:48:34+00:00 to 2025-06-18 14:48:34+00:00
2025-06-18 17:54:11,556 - EnvironmentData - INFO - Starting export for customer 2671: 2025-06-17 14:48:34+00:00 to 2025-06-18 14:48:34+00:00
2025-06-18 17:54:11,556 - EnvironmentData - INFO - Launch export payload: {'start': '2025-06-17T14:48:34+00:00', 'end': '2025-06-18T14:48:34+00:00'}
2025-06-18 17:54:11,556 - EnvironmentData - INFO - Conserv API POST https://api.conserv.io/v1/sensors/export headers={'x-api-key': 'XXXX', 'Content-Type': 'application/json'}
2025-06-18 17:54:11,872 - urllib3.connection - WARNING - Certificate did not match expected hostname: api.conserv.io. Certificate: {'subject': ((('commonName', '*.execute-api.us-east-1.amazonaws.com'),),), 'issuer': ((('countryName', 'US'),), (('organizationName', 'Amazon'),), (('commonName', 'Amazon RSA 2048 M03'),)), 'version': 3, 'serialNumber': '03CC5A98E4786D36F24CA5E1158E1EA3', 'notBefore': 'Mar 22 00:00:00 2025 GMT', 'notAfter': 'Apr 19 23:59:59 2026 GMT', 'subjectAltName': (('DNS', '*.execute-api.us-east-1.amazonaws.com'),), 'OCSP': ('http://ocsp.r2m03.amazontrust.com',), 'caIssuers': ('http://crt.r2m03.amazontrust.com/r2m03.cer',), 'crlDistributionPoints': ('http://crl.r2m03.amazontrust.com/r2m03.crl',)}
2025-06-18 17:54:11,873 - EnvironmentData - WARNING - SSL certificate issue, retrying without verification: HTTPSConnectionPool(host='api.conserv.io', port=443): Max retries exceeded with url: /v1/sensors/export (Caused by SSLError(CertificateError("hostname 'api.conserv.io' doesn't match '*.execute-api.us-east-1.amazonaws.com'")))
2025-06-18 17:54:12,435 - EnvironmentData - INFO - Conserv export launched: f0e9ae2c-674c-462e-a16d-cae63fbf386c
2025-06-18 17:54:12,437 - EnvironmentData - INFO - Conserv API GET https://api.conserv.io/v1/sensors/export/f0e9ae2c-674c-462e-a16d-cae63fbf386c/status headers={'x-api-key': 'XXXX', 'Content-Type': 'application/json'}
2025-06-18 17:54:12,737 - urllib3.connection - WARNING - Certificate did not match expected hostname: api.conserv.io. Certificate: {'subject': ((('commonName', '*.execute-api.us-east-1.amazonaws.com'),),), 'issuer': ((('countryName', 'US'),), (('organizationName', 'Amazon'),), (('commonName', 'Amazon RSA 2048 M03'),)), 'version': 3, 'serialNumber': '03CC5A98E4786D36F24CA5E1158E1EA3', 'notBefore': 'Mar 22 00:00:00 2025 GMT', 'notAfter': 'Apr 19 23:59:59 2026 GMT', 'subjectAltName': (('DNS', '*.execute-api.us-east-1.amazonaws.com'),), 'OCSP': ('http://ocsp.r2m03.amazontrust.com',), 'caIssuers': ('http://crt.r2m03.amazontrust.com/r2m03.cer',), 'crlDistributionPoints': ('http://crl.r2m03.amazontrust.com/r2m03.crl',)}
2025-06-18 17:54:12,737 - EnvironmentData - WARNING - SSL certificate issue, retrying without verification: HTTPSConnectionPool(host='api.conserv.io', port=443): Max retries exceeded with url: /v1/sensors/export/f0e9ae2c-674c-462e-a16d-cae63fbf386c/status (Caused by SSLError(CertificateError("hostname 'api.conserv.io' doesn't match '*.execute-api.us-east-1.amazonaws.com'")))
2025-06-18 17:54:13,270 - EnvironmentData - INFO - Export f0e9ae2c-674c-462e-a16d-cae63fbf386c still pending, waiting 30s...
