2025-06-18 16:51:55,765 - ingest_all_sources - INFO - ============================================================
2025-06-18 16:51:55,766 - ingest_all_sources - INFO - STARTING UNIFIED DATA INGESTION
2025-06-18 16:51:55,766 - ingest_all_sources - INFO - Start time: 2025-06-18 16:51:55.765096
2025-06-18 16:51:55,766 - ingest_all_sources - INFO - ============================================================
2025-06-18 16:51:55,766 - ingest_all_sources - INFO - Reading configuration...
2025-06-18 16:51:55,766 - ingest_all_sources - INFO - Environment debugging:
2025-06-18 16:51:55,767 - ingest_all_sources - INFO -   Current working directory: X:\Coding Junk\Work\Upwork\Anthony Arbaiza - Existing Code modification\environmental-sensor-poc
2025-06-18 16:51:55,768 - ingest_all_sources - INFO -   .env file exists: True
2025-06-18 16:51:55,768 - ingest_all_sources - INFO -   .env file has 15 lines
2025-06-18 16:51:55,768 - ingest_all_sources - INFO -     DAYS_BACK=1095
2025-06-18 16:51:55,768 - ingest_all_sources - INFO -     TESTING=False
2025-06-18 16:51:55,769 - ingest_all_sources - INFO -     CATS_USER_ID=2496
2025-06-18 16:51:55,769 - ingest_all_sources - INFO -     
2025-06-18 16:51:55,770 - ingest_all_sources - INFO - Configuration:
2025-06-18 16:51:55,770 - ingest_all_sources - INFO -   CATS_USER_ID: 2496
2025-06-18 16:51:55,770 - ingest_all_sources - INFO -   CONSERV_ENABLED: True
2025-06-18 16:51:55,771 - ingest_all_sources - INFO -   TESTING: False
2025-06-18 16:51:55,771 - ingest_all_sources - INFO -   RUN_WINDOW_HOURS: 24
2025-06-18 16:51:55,771 - ingest_all_sources - INFO -   Conserv API keys found for customers: [1545, 333, 307, 2671, 1696]
2025-06-18 16:51:55,771 - ingest_all_sources - INFO - Conserv integration active with 5 customers
2025-06-18 16:51:55,771 - ingest_all_sources - INFO - Initializing EnvironmentData...
2025-06-18 16:51:55,774 - EnvironmentData - INFO - Initialized Conserv client with 5 customers
2025-06-18 16:51:55,774 - EnvironmentData - INFO - Conserv API client initialized with 5 customers
2025-06-18 16:51:55,774 - ingest_all_sources - INFO - EnvironmentData initialized successfully
2025-06-18 16:51:55,775 - ingest_all_sources - INFO -   Conserv enabled: True
2025-06-18 16:51:55,776 - ingest_all_sources - INFO -   Conserv customers: 5
2025-06-18 16:51:55,776 - ingest_all_sources - INFO -   Cron status: initialized
2025-06-18 16:51:55,776 - ingest_all_sources - INFO - Pulling current readings from all sources...
2025-06-18 16:51:55,777 - EnvironmentData - INFO - get_current_readings: 1750254715
2025-06-18 16:51:55,777 - EnvironmentData - INFO - get_sensors
2025-06-18 16:51:55,777 - EnvironmentData - INFO - API call: https://cats.corismonitoring.com/api/cats/user/?ApiKey=XXXX&CatsUserID=XXXX
2025-06-18 16:51:57,886 - EnvironmentData - INFO - get_sensors validation: correct column data types.
2025-06-18 16:51:57,887 - EnvironmentData - INFO - get_sensors validation: at least one non-null value in readings.
2025-06-18 16:51:57,889 - EnvironmentData - INFO - get_sensors validation: no duplicated SensorReadingUTC per SensorID_Coris.
2025-06-18 16:51:57,891 - EnvironmentData - INFO - get_sensors validation: one SensorName per SensorID_Coris.
2025-06-18 16:51:57,897 - EnvironmentData - INFO - get_current_readings_coris validation: correct column data types.
2025-06-18 16:51:57,900 - EnvironmentData - INFO - get_current_readings_coris validation: at least one non-null value in readings.
2025-06-18 16:51:57,901 - EnvironmentData - INFO - get_current_readings_coris validation: SensorReadingUTC columns close to QueryUTC.
2025-06-18 16:51:57,902 - EnvironmentData - INFO - get_current_readings_coris validation: no duplicated SensorReadingUTC per SensorID_Coris.
2025-06-18 16:51:57,903 - EnvironmentData - INFO - get_current_readings_coris validation: one SensorName per SensorID_Coris.
2025-06-18 16:51:57,905 - EnvironmentData-Errors - ERROR - get_current_readings_coris validation errors : SensorReadingUTC differs from UTC: UTC: 1750254715, maximum absolute difference (minutes): 8e+05.

2025-06-18 16:51:57,906 - EnvironmentData - ERROR - get_current_readings_coris validation errors : SensorReadingUTC differs from UTC: UTC: 1750254715, maximum absolute difference (minutes): 8e+05.

2025-06-18 16:51:57,909 - EnvironmentData - INFO - Fetching current Conserv data for all customers
2025-06-18 16:51:57,912 - EnvironmentData - INFO - Fetching Conserv data for period: 1750168315 to 1750254715
2025-06-18 16:51:57,912 - EnvironmentData - INFO - Fetching data for customer 1545
2025-06-18 16:51:57,913 - EnvironmentData - INFO - Exporting chunk for customer 1545: 2025-06-17 13:51:55+00:00 to 2025-06-18 13:51:55+00:00
2025-06-18 16:51:57,914 - EnvironmentData - INFO - Starting export for customer 1545: 2025-06-17 13:51:55+00:00 to 2025-06-18 13:51:55+00:00
2025-06-18 16:51:57,915 - EnvironmentData - INFO - Launch export payload: {'start': '2025-06-17T13:51:55+00:00', 'end': '2025-06-18T13:51:55+00:00'}
2025-06-18 16:51:57,915 - EnvironmentData - INFO - Conserv API POST https://api.conserv.io/v1/sensors/export headers={'x-api-key': 'XXXX', 'Content-Type': 'application/json'}
2025-06-18 16:51:58,361 - urllib3.connection - WARNING - Certificate did not match expected hostname: api.conserv.io. Certificate: {'subject': ((('commonName', '*.execute-api.us-east-1.amazonaws.com'),),), 'issuer': ((('countryName', 'US'),), (('organizationName', 'Amazon'),), (('commonName', 'Amazon RSA 2048 M03'),)), 'version': 3, 'serialNumber': '03CC5A98E4786D36F24CA5E1158E1EA3', 'notBefore': 'Mar 22 00:00:00 2025 GMT', 'notAfter': 'Apr 19 23:59:59 2026 GMT', 'subjectAltName': (('DNS', '*.execute-api.us-east-1.amazonaws.com'),), 'OCSP': ('http://ocsp.r2m03.amazontrust.com',), 'caIssuers': ('http://crt.r2m03.amazontrust.com/r2m03.cer',), 'crlDistributionPoints': ('http://crl.r2m03.amazontrust.com/r2m03.crl',)}
2025-06-18 16:51:58,363 - EnvironmentData - WARNING - SSL certificate issue, retrying without verification: HTTPSConnectionPool(host='api.conserv.io', port=443): Max retries exceeded with url: /v1/sensors/export (Caused by SSLError(CertificateError("hostname 'api.conserv.io' doesn't match '*.execute-api.us-east-1.amazonaws.com'")))
2025-06-18 16:51:58,971 - EnvironmentData - INFO - Conserv export launched: ef6100e1-c95d-468f-8d8b-1b88fb085ce6
2025-06-18 16:51:58,973 - EnvironmentData - INFO - Conserv API GET https://api.conserv.io/v1/sensors/export/ef6100e1-c95d-468f-8d8b-1b88fb085ce6/status headers={'x-api-key': 'XXXX', 'Content-Type': 'application/json'}
2025-06-18 16:51:59,283 - urllib3.connection - WARNING - Certificate did not match expected hostname: api.conserv.io. Certificate: {'subject': ((('commonName', '*.execute-api.us-east-1.amazonaws.com'),),), 'issuer': ((('countryName', 'US'),), (('organizationName', 'Amazon'),), (('commonName', 'Amazon RSA 2048 M03'),)), 'version': 3, 'serialNumber': '03CC5A98E4786D36F24CA5E1158E1EA3', 'notBefore': 'Mar 22 00:00:00 2025 GMT', 'notAfter': 'Apr 19 23:59:59 2026 GMT', 'subjectAltName': (('DNS', '*.execute-api.us-east-1.amazonaws.com'),), 'OCSP': ('http://ocsp.r2m03.amazontrust.com',), 'caIssuers': ('http://crt.r2m03.amazontrust.com/r2m03.cer',), 'crlDistributionPoints': ('http://crl.r2m03.amazontrust.com/r2m03.crl',)}
2025-06-18 16:51:59,285 - EnvironmentData - WARNING - SSL certificate issue, retrying without verification: HTTPSConnectionPool(host='api.conserv.io', port=443): Max retries exceeded with url: /v1/sensors/export/ef6100e1-c95d-468f-8d8b-1b88fb085ce6/status (Caused by SSLError(CertificateError("hostname 'api.conserv.io' doesn't match '*.execute-api.us-east-1.amazonaws.com'")))
2025-06-18 16:51:59,878 - EnvironmentData - INFO - Export ef6100e1-c95d-468f-8d8b-1b88fb085ce6 still pending, waiting 30s...
2025-06-18 16:52:29,880 - EnvironmentData - INFO - Conserv API GET https://api.conserv.io/v1/sensors/export/ef6100e1-c95d-468f-8d8b-1b88fb085ce6/status headers={'x-api-key': 'XXXX', 'Content-Type': 'application/json'}
2025-06-18 16:52:30,259 - urllib3.connection - WARNING - Certificate did not match expected hostname: api.conserv.io. Certificate: {'subject': ((('commonName', '*.execute-api.us-east-1.amazonaws.com'),),), 'issuer': ((('countryName', 'US'),), (('organizationName', 'Amazon'),), (('commonName', 'Amazon RSA 2048 M03'),)), 'version': 3, 'serialNumber': '03CC5A98E4786D36F24CA5E1158E1EA3', 'notBefore': 'Mar 22 00:00:00 2025 GMT', 'notAfter': 'Apr 19 23:59:59 2026 GMT', 'subjectAltName': (('DNS', '*.execute-api.us-east-1.amazonaws.com'),), 'OCSP': ('http://ocsp.r2m03.amazontrust.com',), 'caIssuers': ('http://crt.r2m03.amazontrust.com/r2m03.cer',), 'crlDistributionPoints': ('http://crl.r2m03.amazontrust.com/r2m03.crl',)}
2025-06-18 16:52:30,260 - EnvironmentData - WARNING - SSL certificate issue, retrying without verification: HTTPSConnectionPool(host='api.conserv.io', port=443): Max retries exceeded with url: /v1/sensors/export/ef6100e1-c95d-468f-8d8b-1b88fb085ce6/status (Caused by SSLError(CertificateError("hostname 'api.conserv.io' doesn't match '*.execute-api.us-east-1.amazonaws.com'")))
2025-06-18 16:52:30,839 - EnvironmentData - INFO - Export ef6100e1-c95d-468f-8d8b-1b88fb085ce6 still pending, waiting 30s...
2025-06-18 16:53:00,841 - EnvironmentData - INFO - Conserv API GET https://api.conserv.io/v1/sensors/export/ef6100e1-c95d-468f-8d8b-1b88fb085ce6/status headers={'x-api-key': 'XXXX', 'Content-Type': 'application/json'}
2025-06-18 16:53:01,452 - urllib3.connection - WARNING - Certificate did not match expected hostname: api.conserv.io. Certificate: {'subject': ((('commonName', '*.execute-api.us-east-1.amazonaws.com'),),), 'issuer': ((('countryName', 'US'),), (('organizationName', 'Amazon'),), (('commonName', 'Amazon RSA 2048 M03'),)), 'version': 3, 'serialNumber': '03CC5A98E4786D36F24CA5E1158E1EA3', 'notBefore': 'Mar 22 00:00:00 2025 GMT', 'notAfter': 'Apr 19 23:59:59 2026 GMT', 'subjectAltName': (('DNS', '*.execute-api.us-east-1.amazonaws.com'),), 'OCSP': ('http://ocsp.r2m03.amazontrust.com',), 'caIssuers': ('http://crt.r2m03.amazontrust.com/r2m03.cer',), 'crlDistributionPoints': ('http://crl.r2m03.amazontrust.com/r2m03.crl',)}
2025-06-18 16:53:01,454 - EnvironmentData - WARNING - SSL certificate issue, retrying without verification: HTTPSConnectionPool(host='api.conserv.io', port=443): Max retries exceeded with url: /v1/sensors/export/ef6100e1-c95d-468f-8d8b-1b88fb085ce6/status (Caused by SSLError(CertificateError("hostname 'api.conserv.io' doesn't match '*.execute-api.us-east-1.amazonaws.com'")))
2025-06-18 16:53:01,947 - EnvironmentData - INFO - Export ef6100e1-c95d-468f-8d8b-1b88fb085ce6 still pending, waiting 30s...
2025-06-18 16:53:31,949 - EnvironmentData - INFO - Conserv API GET https://api.conserv.io/v1/sensors/export/ef6100e1-c95d-468f-8d8b-1b88fb085ce6/status headers={'x-api-key': 'XXXX', 'Content-Type': 'application/json'}
2025-06-18 16:53:32,258 - urllib3.connection - WARNING - Certificate did not match expected hostname: api.conserv.io. Certificate: {'subject': ((('commonName', '*.execute-api.us-east-1.amazonaws.com'),),), 'issuer': ((('countryName', 'US'),), (('organizationName', 'Amazon'),), (('commonName', 'Amazon RSA 2048 M03'),)), 'version': 3, 'serialNumber': '03CC5A98E4786D36F24CA5E1158E1EA3', 'notBefore': 'Mar 22 00:00:00 2025 GMT', 'notAfter': 'Apr 19 23:59:59 2026 GMT', 'subjectAltName': (('DNS', '*.execute-api.us-east-1.amazonaws.com'),), 'OCSP': ('http://ocsp.r2m03.amazontrust.com',), 'caIssuers': ('http://crt.r2m03.amazontrust.com/r2m03.cer',), 'crlDistributionPoints': ('http://crl.r2m03.amazontrust.com/r2m03.crl',)}
2025-06-18 16:53:32,261 - EnvironmentData - WARNING - SSL certificate issue, retrying without verification: HTTPSConnectionPool(host='api.conserv.io', port=443): Max retries exceeded with url: /v1/sensors/export/ef6100e1-c95d-468f-8d8b-1b88fb085ce6/status (Caused by SSLError(CertificateError("hostname 'api.conserv.io' doesn't match '*.execute-api.us-east-1.amazonaws.com'")))
2025-06-18 16:53:32,784 - EnvironmentData - INFO - Export ef6100e1-c95d-468f-8d8b-1b88fb085ce6 still processing, waiting 30s...
2025-06-18 16:54:02,786 - EnvironmentData - INFO - Conserv API GET https://api.conserv.io/v1/sensors/export/ef6100e1-c95d-468f-8d8b-1b88fb085ce6/status headers={'x-api-key': 'XXXX', 'Content-Type': 'application/json'}
2025-06-18 16:54:03,144 - urllib3.connection - WARNING - Certificate did not match expected hostname: api.conserv.io. Certificate: {'subject': ((('commonName', '*.execute-api.us-east-1.amazonaws.com'),),), 'issuer': ((('countryName', 'US'),), (('organizationName', 'Amazon'),), (('commonName', 'Amazon RSA 2048 M03'),)), 'version': 3, 'serialNumber': '03CC5A98E4786D36F24CA5E1158E1EA3', 'notBefore': 'Mar 22 00:00:00 2025 GMT', 'notAfter': 'Apr 19 23:59:59 2026 GMT', 'subjectAltName': (('DNS', '*.execute-api.us-east-1.amazonaws.com'),), 'OCSP': ('http://ocsp.r2m03.amazontrust.com',), 'caIssuers': ('http://crt.r2m03.amazontrust.com/r2m03.cer',), 'crlDistributionPoints': ('http://crl.r2m03.amazontrust.com/r2m03.crl',)}
2025-06-18 16:54:03,145 - EnvironmentData - WARNING - SSL certificate issue, retrying without verification: HTTPSConnectionPool(host='api.conserv.io', port=443): Max retries exceeded with url: /v1/sensors/export/ef6100e1-c95d-468f-8d8b-1b88fb085ce6/status (Caused by SSLError(CertificateError("hostname 'api.conserv.io' doesn't match '*.execute-api.us-east-1.amazonaws.com'")))
2025-06-18 16:54:03,702 - EnvironmentData - INFO - Export ef6100e1-c95d-468f-8d8b-1b88fb085ce6 completed successfully
2025-06-18 16:54:11,705 - EnvironmentData - INFO - Conserv API POST https://api.conserv.io/v1/sensors/export/ef6100e1-c95d-468f-8d8b-1b88fb085ce6/download headers={'x-api-key': 'XXXX', 'Content-Type': 'application/json'}
2025-06-18 16:54:11,984 - urllib3.connection - WARNING - Certificate did not match expected hostname: api.conserv.io. Certificate: {'subject': ((('commonName', '*.execute-api.us-east-1.amazonaws.com'),),), 'issuer': ((('countryName', 'US'),), (('organizationName', 'Amazon'),), (('commonName', 'Amazon RSA 2048 M03'),)), 'version': 3, 'serialNumber': '03CC5A98E4786D36F24CA5E1158E1EA3', 'notBefore': 'Mar 22 00:00:00 2025 GMT', 'notAfter': 'Apr 19 23:59:59 2026 GMT', 'subjectAltName': (('DNS', '*.execute-api.us-east-1.amazonaws.com'),), 'OCSP': ('http://ocsp.r2m03.amazontrust.com',), 'caIssuers': ('http://crt.r2m03.amazontrust.com/r2m03.cer',), 'crlDistributionPoints': ('http://crl.r2m03.amazontrust.com/r2m03.crl',)}
2025-06-18 16:54:11,985 - EnvironmentData - WARNING - SSL certificate issue, retrying without verification: HTTPSConnectionPool(host='api.conserv.io', port=443): Max retries exceeded with url: /v1/sensors/export/ef6100e1-c95d-468f-8d8b-1b88fb085ce6/download (Caused by SSLError(CertificateError("hostname 'api.conserv.io' doesn't match '*.execute-api.us-east-1.amazonaws.com'")))
2025-06-18 16:54:12,484 - EnvironmentData - INFO - Downloading export data from S3
2025-06-18 16:54:12,996 - EnvironmentData - INFO - Downloaded 203 rows, 7 columns
2025-06-18 16:54:13,000 - EnvironmentData - INFO - Successfully exported 203 rows for customer 1545
2025-06-18 16:54:13,001 - EnvironmentData - INFO - Successfully fetched 203 records for customer 1545
2025-06-18 16:54:13,001 - EnvironmentData - INFO - Fetching data for customer 333
2025-06-18 16:54:13,001 - EnvironmentData - INFO - Exporting chunk for customer 333: 2025-06-17 13:51:55+00:00 to 2025-06-18 13:51:55+00:00
2025-06-18 16:54:13,001 - EnvironmentData - INFO - Starting export for customer 333: 2025-06-17 13:51:55+00:00 to 2025-06-18 13:51:55+00:00
2025-06-18 16:54:13,001 - EnvironmentData - INFO - Launch export payload: {'start': '2025-06-17T13:51:55+00:00', 'end': '2025-06-18T13:51:55+00:00'}
2025-06-18 16:54:13,001 - EnvironmentData - INFO - Conserv API POST https://api.conserv.io/v1/sensors/export headers={'x-api-key': 'XXXX', 'Content-Type': 'application/json'}
2025-06-18 16:54:13,279 - urllib3.connection - WARNING - Certificate did not match expected hostname: api.conserv.io. Certificate: {'subject': ((('commonName', '*.execute-api.us-east-1.amazonaws.com'),),), 'issuer': ((('countryName', 'US'),), (('organizationName', 'Amazon'),), (('commonName', 'Amazon RSA 2048 M03'),)), 'version': 3, 'serialNumber': '03CC5A98E4786D36F24CA5E1158E1EA3', 'notBefore': 'Mar 22 00:00:00 2025 GMT', 'notAfter': 'Apr 19 23:59:59 2026 GMT', 'subjectAltName': (('DNS', '*.execute-api.us-east-1.amazonaws.com'),), 'OCSP': ('http://ocsp.r2m03.amazontrust.com',), 'caIssuers': ('http://crt.r2m03.amazontrust.com/r2m03.cer',), 'crlDistributionPoints': ('http://crl.r2m03.amazontrust.com/r2m03.crl',)}
2025-06-18 16:54:13,282 - EnvironmentData - WARNING - SSL certificate issue, retrying without verification: HTTPSConnectionPool(host='api.conserv.io', port=443): Max retries exceeded with url: /v1/sensors/export (Caused by SSLError(CertificateError("hostname 'api.conserv.io' doesn't match '*.execute-api.us-east-1.amazonaws.com'")))
2025-06-18 16:54:13,879 - EnvironmentData - INFO - Conserv export launched: 684d819a-2f4e-473a-bd4d-6db368f5fe9f
2025-06-18 16:54:13,884 - EnvironmentData - INFO - Conserv API GET https://api.conserv.io/v1/sensors/export/684d819a-2f4e-473a-bd4d-6db368f5fe9f/status headers={'x-api-key': 'XXXX', 'Content-Type': 'application/json'}
2025-06-18 16:54:14,242 - urllib3.connection - WARNING - Certificate did not match expected hostname: api.conserv.io. Certificate: {'subject': ((('commonName', '*.execute-api.us-east-1.amazonaws.com'),),), 'issuer': ((('countryName', 'US'),), (('organizationName', 'Amazon'),), (('commonName', 'Amazon RSA 2048 M03'),)), 'version': 3, 'serialNumber': '03CC5A98E4786D36F24CA5E1158E1EA3', 'notBefore': 'Mar 22 00:00:00 2025 GMT', 'notAfter': 'Apr 19 23:59:59 2026 GMT', 'subjectAltName': (('DNS', '*.execute-api.us-east-1.amazonaws.com'),), 'OCSP': ('http://ocsp.r2m03.amazontrust.com',), 'caIssuers': ('http://crt.r2m03.amazontrust.com/r2m03.cer',), 'crlDistributionPoints': ('http://crl.r2m03.amazontrust.com/r2m03.crl',)}
2025-06-18 16:54:14,245 - EnvironmentData - WARNING - SSL certificate issue, retrying without verification: HTTPSConnectionPool(host='api.conserv.io', port=443): Max retries exceeded with url: /v1/sensors/export/684d819a-2f4e-473a-bd4d-6db368f5fe9f/status (Caused by SSLError(CertificateError("hostname 'api.conserv.io' doesn't match '*.execute-api.us-east-1.amazonaws.com'")))
2025-06-18 16:54:14,777 - EnvironmentData - INFO - Export 684d819a-2f4e-473a-bd4d-6db368f5fe9f still pending, waiting 30s...
2025-06-18 16:54:44,779 - EnvironmentData - INFO - Conserv API GET https://api.conserv.io/v1/sensors/export/684d819a-2f4e-473a-bd4d-6db368f5fe9f/status headers={'x-api-key': 'XXXX', 'Content-Type': 'application/json'}
2025-06-18 16:54:45,058 - urllib3.connection - WARNING - Certificate did not match expected hostname: api.conserv.io. Certificate: {'subject': ((('commonName', '*.execute-api.us-east-1.amazonaws.com'),),), 'issuer': ((('countryName', 'US'),), (('organizationName', 'Amazon'),), (('commonName', 'Amazon RSA 2048 M03'),)), 'version': 3, 'serialNumber': '03CC5A98E4786D36F24CA5E1158E1EA3', 'notBefore': 'Mar 22 00:00:00 2025 GMT', 'notAfter': 'Apr 19 23:59:59 2026 GMT', 'subjectAltName': (('DNS', '*.execute-api.us-east-1.amazonaws.com'),), 'OCSP': ('http://ocsp.r2m03.amazontrust.com',), 'caIssuers': ('http://crt.r2m03.amazontrust.com/r2m03.cer',), 'crlDistributionPoints': ('http://crl.r2m03.amazontrust.com/r2m03.crl',)}
2025-06-18 16:54:45,060 - EnvironmentData - WARNING - SSL certificate issue, retrying without verification: HTTPSConnectionPool(host='api.conserv.io', port=443): Max retries exceeded with url: /v1/sensors/export/684d819a-2f4e-473a-bd4d-6db368f5fe9f/status (Caused by SSLError(CertificateError("hostname 'api.conserv.io' doesn't match '*.execute-api.us-east-1.amazonaws.com'")))
2025-06-18 16:54:45,556 - EnvironmentData - INFO - Export 684d819a-2f4e-473a-bd4d-6db368f5fe9f still pending, waiting 30s...
2025-06-18 16:55:15,557 - EnvironmentData - INFO - Conserv API GET https://api.conserv.io/v1/sensors/export/684d819a-2f4e-473a-bd4d-6db368f5fe9f/status headers={'x-api-key': 'XXXX', 'Content-Type': 'application/json'}
2025-06-18 16:55:16,945 - urllib3.connection - WARNING - Certificate did not match expected hostname: api.conserv.io. Certificate: {'subject': ((('commonName', '*.execute-api.us-east-1.amazonaws.com'),),), 'issuer': ((('countryName', 'US'),), (('organizationName', 'Amazon'),), (('commonName', 'Amazon RSA 2048 M03'),)), 'version': 3, 'serialNumber': '03CC5A98E4786D36F24CA5E1158E1EA3', 'notBefore': 'Mar 22 00:00:00 2025 GMT', 'notAfter': 'Apr 19 23:59:59 2026 GMT', 'subjectAltName': (('DNS', '*.execute-api.us-east-1.amazonaws.com'),), 'OCSP': ('http://ocsp.r2m03.amazontrust.com',), 'caIssuers': ('http://crt.r2m03.amazontrust.com/r2m03.cer',), 'crlDistributionPoints': ('http://crl.r2m03.amazontrust.com/r2m03.crl',)}
2025-06-18 16:55:16,946 - EnvironmentData - WARNING - SSL certificate issue, retrying without verification: HTTPSConnectionPool(host='api.conserv.io', port=443): Max retries exceeded with url: /v1/sensors/export/684d819a-2f4e-473a-bd4d-6db368f5fe9f/status (Caused by SSLError(CertificateError("hostname 'api.conserv.io' doesn't match '*.execute-api.us-east-1.amazonaws.com'")))
2025-06-18 16:55:17,439 - EnvironmentData - INFO - Export 684d819a-2f4e-473a-bd4d-6db368f5fe9f still pending, waiting 30s...
2025-06-18 16:55:47,441 - EnvironmentData - INFO - Conserv API GET https://api.conserv.io/v1/sensors/export/684d819a-2f4e-473a-bd4d-6db368f5fe9f/status headers={'x-api-key': 'XXXX', 'Content-Type': 'application/json'}
2025-06-18 16:55:47,752 - urllib3.connection - WARNING - Certificate did not match expected hostname: api.conserv.io. Certificate: {'subject': ((('commonName', '*.execute-api.us-east-1.amazonaws.com'),),), 'issuer': ((('countryName', 'US'),), (('organizationName', 'Amazon'),), (('commonName', 'Amazon RSA 2048 M03'),)), 'version': 3, 'serialNumber': '03CC5A98E4786D36F24CA5E1158E1EA3', 'notBefore': 'Mar 22 00:00:00 2025 GMT', 'notAfter': 'Apr 19 23:59:59 2026 GMT', 'subjectAltName': (('DNS', '*.execute-api.us-east-1.amazonaws.com'),), 'OCSP': ('http://ocsp.r2m03.amazontrust.com',), 'caIssuers': ('http://crt.r2m03.amazontrust.com/r2m03.cer',), 'crlDistributionPoints': ('http://crl.r2m03.amazontrust.com/r2m03.crl',)}
2025-06-18 16:55:47,754 - EnvironmentData - WARNING - SSL certificate issue, retrying without verification: HTTPSConnectionPool(host='api.conserv.io', port=443): Max retries exceeded with url: /v1/sensors/export/684d819a-2f4e-473a-bd4d-6db368f5fe9f/status (Caused by SSLError(CertificateError("hostname 'api.conserv.io' doesn't match '*.execute-api.us-east-1.amazonaws.com'")))
2025-06-18 16:55:48,279 - EnvironmentData - INFO - Export 684d819a-2f4e-473a-bd4d-6db368f5fe9f completed successfully
2025-06-18 16:55:56,282 - EnvironmentData - INFO - Conserv API POST https://api.conserv.io/v1/sensors/export/684d819a-2f4e-473a-bd4d-6db368f5fe9f/download headers={'x-api-key': 'XXXX', 'Content-Type': 'application/json'}
2025-06-18 16:55:56,594 - urllib3.connection - WARNING - Certificate did not match expected hostname: api.conserv.io. Certificate: {'subject': ((('commonName', '*.execute-api.us-east-1.amazonaws.com'),),), 'issuer': ((('countryName', 'US'),), (('organizationName', 'Amazon'),), (('commonName', 'Amazon RSA 2048 M03'),)), 'version': 3, 'serialNumber': '03CC5A98E4786D36F24CA5E1158E1EA3', 'notBefore': 'Mar 22 00:00:00 2025 GMT', 'notAfter': 'Apr 19 23:59:59 2026 GMT', 'subjectAltName': (('DNS', '*.execute-api.us-east-1.amazonaws.com'),), 'OCSP': ('http://ocsp.r2m03.amazontrust.com',), 'caIssuers': ('http://crt.r2m03.amazontrust.com/r2m03.cer',), 'crlDistributionPoints': ('http://crl.r2m03.amazontrust.com/r2m03.crl',)}
2025-06-18 16:55:56,597 - EnvironmentData - WARNING - SSL certificate issue, retrying without verification: HTTPSConnectionPool(host='api.conserv.io', port=443): Max retries exceeded with url: /v1/sensors/export/684d819a-2f4e-473a-bd4d-6db368f5fe9f/download (Caused by SSLError(CertificateError("hostname 'api.conserv.io' doesn't match '*.execute-api.us-east-1.amazonaws.com'")))
2025-06-18 16:55:57,143 - EnvironmentData - INFO - Downloading export data from S3
2025-06-18 16:55:58,550 - EnvironmentData - INFO - Downloaded 2859 rows, 7 columns
2025-06-18 16:55:58,554 - EnvironmentData - INFO - Successfully exported 2859 rows for customer 333
2025-06-18 16:55:58,555 - EnvironmentData - INFO - Successfully fetched 2859 records for customer 333
2025-06-18 16:55:58,555 - EnvironmentData - INFO - Fetching data for customer 307
2025-06-18 16:55:58,555 - EnvironmentData - INFO - Exporting chunk for customer 307: 2025-06-17 13:51:55+00:00 to 2025-06-18 13:51:55+00:00
2025-06-18 16:55:58,556 - EnvironmentData - INFO - Starting export for customer 307: 2025-06-17 13:51:55+00:00 to 2025-06-18 13:51:55+00:00
2025-06-18 16:55:58,556 - EnvironmentData - INFO - Launch export payload: {'start': '2025-06-17T13:51:55+00:00', 'end': '2025-06-18T13:51:55+00:00'}
2025-06-18 16:55:58,556 - EnvironmentData - INFO - Conserv API POST https://api.conserv.io/v1/sensors/export headers={'x-api-key': 'XXXX', 'Content-Type': 'application/json'}
2025-06-18 16:55:58,871 - urllib3.connection - WARNING - Certificate did not match expected hostname: api.conserv.io. Certificate: {'subject': ((('commonName', '*.execute-api.us-east-1.amazonaws.com'),),), 'issuer': ((('countryName', 'US'),), (('organizationName', 'Amazon'),), (('commonName', 'Amazon RSA 2048 M03'),)), 'version': 3, 'serialNumber': '03CC5A98E4786D36F24CA5E1158E1EA3', 'notBefore': 'Mar 22 00:00:00 2025 GMT', 'notAfter': 'Apr 19 23:59:59 2026 GMT', 'subjectAltName': (('DNS', '*.execute-api.us-east-1.amazonaws.com'),), 'OCSP': ('http://ocsp.r2m03.amazontrust.com',), 'caIssuers': ('http://crt.r2m03.amazontrust.com/r2m03.cer',), 'crlDistributionPoints': ('http://crl.r2m03.amazontrust.com/r2m03.crl',)}
2025-06-18 16:55:58,872 - EnvironmentData - WARNING - SSL certificate issue, retrying without verification: HTTPSConnectionPool(host='api.conserv.io', port=443): Max retries exceeded with url: /v1/sensors/export (Caused by SSLError(CertificateError("hostname 'api.conserv.io' doesn't match '*.execute-api.us-east-1.amazonaws.com'")))
2025-06-18 16:55:59,548 - EnvironmentData - INFO - Conserv export launched: 55a3c000-ca4b-47d7-9126-d1bd7ece163f
2025-06-18 16:55:59,554 - EnvironmentData - INFO - Conserv API GET https://api.conserv.io/v1/sensors/export/55a3c000-ca4b-47d7-9126-d1bd7ece163f/status headers={'x-api-key': 'XXXX', 'Content-Type': 'application/json'}
2025-06-18 16:55:59,839 - urllib3.connection - WARNING - Certificate did not match expected hostname: api.conserv.io. Certificate: {'subject': ((('commonName', '*.execute-api.us-east-1.amazonaws.com'),),), 'issuer': ((('countryName', 'US'),), (('organizationName', 'Amazon'),), (('commonName', 'Amazon RSA 2048 M03'),)), 'version': 3, 'serialNumber': '03CC5A98E4786D36F24CA5E1158E1EA3', 'notBefore': 'Mar 22 00:00:00 2025 GMT', 'notAfter': 'Apr 19 23:59:59 2026 GMT', 'subjectAltName': (('DNS', '*.execute-api.us-east-1.amazonaws.com'),), 'OCSP': ('http://ocsp.r2m03.amazontrust.com',), 'caIssuers': ('http://crt.r2m03.amazontrust.com/r2m03.cer',), 'crlDistributionPoints': ('http://crl.r2m03.amazontrust.com/r2m03.crl',)}
2025-06-18 16:55:59,842 - EnvironmentData - WARNING - SSL certificate issue, retrying without verification: HTTPSConnectionPool(host='api.conserv.io', port=443): Max retries exceeded with url: /v1/sensors/export/55a3c000-ca4b-47d7-9126-d1bd7ece163f/status (Caused by SSLError(CertificateError("hostname 'api.conserv.io' doesn't match '*.execute-api.us-east-1.amazonaws.com'")))
2025-06-18 16:56:00,338 - EnvironmentData - INFO - Export 55a3c000-ca4b-47d7-9126-d1bd7ece163f still pending, waiting 30s...
2025-06-18 16:56:30,340 - EnvironmentData - INFO - Conserv API GET https://api.conserv.io/v1/sensors/export/55a3c000-ca4b-47d7-9126-d1bd7ece163f/status headers={'x-api-key': 'XXXX', 'Content-Type': 'application/json'}
2025-06-18 16:56:30,704 - urllib3.connection - WARNING - Certificate did not match expected hostname: api.conserv.io. Certificate: {'subject': ((('commonName', '*.execute-api.us-east-1.amazonaws.com'),),), 'issuer': ((('countryName', 'US'),), (('organizationName', 'Amazon'),), (('commonName', 'Amazon RSA 2048 M03'),)), 'version': 3, 'serialNumber': '03CC5A98E4786D36F24CA5E1158E1EA3', 'notBefore': 'Mar 22 00:00:00 2025 GMT', 'notAfter': 'Apr 19 23:59:59 2026 GMT', 'subjectAltName': (('DNS', '*.execute-api.us-east-1.amazonaws.com'),), 'OCSP': ('http://ocsp.r2m03.amazontrust.com',), 'caIssuers': ('http://crt.r2m03.amazontrust.com/r2m03.cer',), 'crlDistributionPoints': ('http://crl.r2m03.amazontrust.com/r2m03.crl',)}
2025-06-18 16:56:30,706 - EnvironmentData - WARNING - SSL certificate issue, retrying without verification: HTTPSConnectionPool(host='api.conserv.io', port=443): Max retries exceeded with url: /v1/sensors/export/55a3c000-ca4b-47d7-9126-d1bd7ece163f/status (Caused by SSLError(CertificateError("hostname 'api.conserv.io' doesn't match '*.execute-api.us-east-1.amazonaws.com'")))
2025-06-18 16:56:31,234 - EnvironmentData - INFO - Export 55a3c000-ca4b-47d7-9126-d1bd7ece163f still pending, waiting 30s...
2025-06-18 16:57:01,235 - EnvironmentData - INFO - Conserv API GET https://api.conserv.io/v1/sensors/export/55a3c000-ca4b-47d7-9126-d1bd7ece163f/status headers={'x-api-key': 'XXXX', 'Content-Type': 'application/json'}
2025-06-18 16:57:01,517 - urllib3.connection - WARNING - Certificate did not match expected hostname: api.conserv.io. Certificate: {'subject': ((('commonName', '*.execute-api.us-east-1.amazonaws.com'),),), 'issuer': ((('countryName', 'US'),), (('organizationName', 'Amazon'),), (('commonName', 'Amazon RSA 2048 M03'),)), 'version': 3, 'serialNumber': '03CC5A98E4786D36F24CA5E1158E1EA3', 'notBefore': 'Mar 22 00:00:00 2025 GMT', 'notAfter': 'Apr 19 23:59:59 2026 GMT', 'subjectAltName': (('DNS', '*.execute-api.us-east-1.amazonaws.com'),), 'OCSP': ('http://ocsp.r2m03.amazontrust.com',), 'caIssuers': ('http://crt.r2m03.amazontrust.com/r2m03.cer',), 'crlDistributionPoints': ('http://crl.r2m03.amazontrust.com/r2m03.crl',)}
2025-06-18 16:57:01,518 - EnvironmentData - WARNING - SSL certificate issue, retrying without verification: HTTPSConnectionPool(host='api.conserv.io', port=443): Max retries exceeded with url: /v1/sensors/export/55a3c000-ca4b-47d7-9126-d1bd7ece163f/status (Caused by SSLError(CertificateError("hostname 'api.conserv.io' doesn't match '*.execute-api.us-east-1.amazonaws.com'")))
2025-06-18 16:57:03,239 - EnvironmentData - INFO - Export 55a3c000-ca4b-47d7-9126-d1bd7ece163f still pending, waiting 30s...
2025-06-18 16:57:33,240 - EnvironmentData - INFO - Conserv API GET https://api.conserv.io/v1/sensors/export/55a3c000-ca4b-47d7-9126-d1bd7ece163f/status headers={'x-api-key': 'XXXX', 'Content-Type': 'application/json'}
2025-06-18 16:57:33,607 - urllib3.connection - WARNING - Certificate did not match expected hostname: api.conserv.io. Certificate: {'subject': ((('commonName', '*.execute-api.us-east-1.amazonaws.com'),),), 'issuer': ((('countryName', 'US'),), (('organizationName', 'Amazon'),), (('commonName', 'Amazon RSA 2048 M03'),)), 'version': 3, 'serialNumber': '03CC5A98E4786D36F24CA5E1158E1EA3', 'notBefore': 'Mar 22 00:00:00 2025 GMT', 'notAfter': 'Apr 19 23:59:59 2026 GMT', 'subjectAltName': (('DNS', '*.execute-api.us-east-1.amazonaws.com'),), 'OCSP': ('http://ocsp.r2m03.amazontrust.com',), 'caIssuers': ('http://crt.r2m03.amazontrust.com/r2m03.cer',), 'crlDistributionPoints': ('http://crl.r2m03.amazontrust.com/r2m03.crl',)}
2025-06-18 16:57:33,609 - EnvironmentData - WARNING - SSL certificate issue, retrying without verification: HTTPSConnectionPool(host='api.conserv.io', port=443): Max retries exceeded with url: /v1/sensors/export/55a3c000-ca4b-47d7-9126-d1bd7ece163f/status (Caused by SSLError(CertificateError("hostname 'api.conserv.io' doesn't match '*.execute-api.us-east-1.amazonaws.com'")))
2025-06-18 16:57:34,118 - EnvironmentData - INFO - Export 55a3c000-ca4b-47d7-9126-d1bd7ece163f completed successfully
2025-06-18 16:57:42,120 - EnvironmentData - INFO - Conserv API POST https://api.conserv.io/v1/sensors/export/55a3c000-ca4b-47d7-9126-d1bd7ece163f/download headers={'x-api-key': 'XXXX', 'Content-Type': 'application/json'}
2025-06-18 16:57:42,435 - urllib3.connection - WARNING - Certificate did not match expected hostname: api.conserv.io. Certificate: {'subject': ((('commonName', '*.execute-api.us-east-1.amazonaws.com'),),), 'issuer': ((('countryName', 'US'),), (('organizationName', 'Amazon'),), (('commonName', 'Amazon RSA 2048 M03'),)), 'version': 3, 'serialNumber': '03CC5A98E4786D36F24CA5E1158E1EA3', 'notBefore': 'Mar 22 00:00:00 2025 GMT', 'notAfter': 'Apr 19 23:59:59 2026 GMT', 'subjectAltName': (('DNS', '*.execute-api.us-east-1.amazonaws.com'),), 'OCSP': ('http://ocsp.r2m03.amazontrust.com',), 'caIssuers': ('http://crt.r2m03.amazontrust.com/r2m03.cer',), 'crlDistributionPoints': ('http://crl.r2m03.amazontrust.com/r2m03.crl',)}
2025-06-18 16:57:42,437 - EnvironmentData - WARNING - SSL certificate issue, retrying without verification: HTTPSConnectionPool(host='api.conserv.io', port=443): Max retries exceeded with url: /v1/sensors/export/55a3c000-ca4b-47d7-9126-d1bd7ece163f/download (Caused by SSLError(CertificateError("hostname 'api.conserv.io' doesn't match '*.execute-api.us-east-1.amazonaws.com'")))
2025-06-18 16:57:42,968 - EnvironmentData - INFO - Downloading export data from S3
2025-06-18 16:57:44,209 - EnvironmentData - INFO - Downloaded 2941 rows, 7 columns
2025-06-18 16:57:44,216 - EnvironmentData - INFO - Successfully exported 2941 rows for customer 307
2025-06-18 16:57:44,218 - EnvironmentData - INFO - Successfully fetched 2941 records for customer 307
2025-06-18 16:57:44,218 - EnvironmentData - INFO - Fetching data for customer 2671
2025-06-18 16:57:44,218 - EnvironmentData - INFO - Exporting chunk for customer 2671: 2025-06-17 13:51:55+00:00 to 2025-06-18 13:51:55+00:00
2025-06-18 16:57:44,219 - EnvironmentData - INFO - Starting export for customer 2671: 2025-06-17 13:51:55+00:00 to 2025-06-18 13:51:55+00:00
2025-06-18 16:57:44,219 - EnvironmentData - INFO - Launch export payload: {'start': '2025-06-17T13:51:55+00:00', 'end': '2025-06-18T13:51:55+00:00'}
2025-06-18 16:57:44,220 - EnvironmentData - INFO - Conserv API POST https://api.conserv.io/v1/sensors/export headers={'x-api-key': 'XXXX', 'Content-Type': 'application/json'}
2025-06-18 16:57:44,504 - urllib3.connection - WARNING - Certificate did not match expected hostname: api.conserv.io. Certificate: {'subject': ((('commonName', '*.execute-api.us-east-1.amazonaws.com'),),), 'issuer': ((('countryName', 'US'),), (('organizationName', 'Amazon'),), (('commonName', 'Amazon RSA 2048 M03'),)), 'version': 3, 'serialNumber': '03CC5A98E4786D36F24CA5E1158E1EA3', 'notBefore': 'Mar 22 00:00:00 2025 GMT', 'notAfter': 'Apr 19 23:59:59 2026 GMT', 'subjectAltName': (('DNS', '*.execute-api.us-east-1.amazonaws.com'),), 'OCSP': ('http://ocsp.r2m03.amazontrust.com',), 'caIssuers': ('http://crt.r2m03.amazontrust.com/r2m03.cer',), 'crlDistributionPoints': ('http://crl.r2m03.amazontrust.com/r2m03.crl',)}
2025-06-18 16:57:44,506 - EnvironmentData - WARNING - SSL certificate issue, retrying without verification: HTTPSConnectionPool(host='api.conserv.io', port=443): Max retries exceeded with url: /v1/sensors/export (Caused by SSLError(CertificateError("hostname 'api.conserv.io' doesn't match '*.execute-api.us-east-1.amazonaws.com'")))
2025-06-18 16:57:45,121 - EnvironmentData - INFO - Conserv export launched: 94a1b270-8a26-41f7-a571-aaf511e18275
2025-06-18 16:57:45,126 - EnvironmentData - INFO - Conserv API GET https://api.conserv.io/v1/sensors/export/94a1b270-8a26-41f7-a571-aaf511e18275/status headers={'x-api-key': 'XXXX', 'Content-Type': 'application/json'}
2025-06-18 16:57:45,452 - urllib3.connection - WARNING - Certificate did not match expected hostname: api.conserv.io. Certificate: {'subject': ((('commonName', '*.execute-api.us-east-1.amazonaws.com'),),), 'issuer': ((('countryName', 'US'),), (('organizationName', 'Amazon'),), (('commonName', 'Amazon RSA 2048 M03'),)), 'version': 3, 'serialNumber': '03CC5A98E4786D36F24CA5E1158E1EA3', 'notBefore': 'Mar 22 00:00:00 2025 GMT', 'notAfter': 'Apr 19 23:59:59 2026 GMT', 'subjectAltName': (('DNS', '*.execute-api.us-east-1.amazonaws.com'),), 'OCSP': ('http://ocsp.r2m03.amazontrust.com',), 'caIssuers': ('http://crt.r2m03.amazontrust.com/r2m03.cer',), 'crlDistributionPoints': ('http://crl.r2m03.amazontrust.com/r2m03.crl',)}
2025-06-18 16:57:45,455 - EnvironmentData - WARNING - SSL certificate issue, retrying without verification: HTTPSConnectionPool(host='api.conserv.io', port=443): Max retries exceeded with url: /v1/sensors/export/94a1b270-8a26-41f7-a571-aaf511e18275/status (Caused by SSLError(CertificateError("hostname 'api.conserv.io' doesn't match '*.execute-api.us-east-1.amazonaws.com'")))
2025-06-18 16:57:45,926 - EnvironmentData - INFO - Export 94a1b270-8a26-41f7-a571-aaf511e18275 still pending, waiting 30s...
2025-06-18 16:58:15,928 - EnvironmentData - INFO - Conserv API GET https://api.conserv.io/v1/sensors/export/94a1b270-8a26-41f7-a571-aaf511e18275/status headers={'x-api-key': 'XXXX', 'Content-Type': 'application/json'}
2025-06-18 16:58:16,240 - urllib3.connection - WARNING - Certificate did not match expected hostname: api.conserv.io. Certificate: {'subject': ((('commonName', '*.execute-api.us-east-1.amazonaws.com'),),), 'issuer': ((('countryName', 'US'),), (('organizationName', 'Amazon'),), (('commonName', 'Amazon RSA 2048 M03'),)), 'version': 3, 'serialNumber': '03CC5A98E4786D36F24CA5E1158E1EA3', 'notBefore': 'Mar 22 00:00:00 2025 GMT', 'notAfter': 'Apr 19 23:59:59 2026 GMT', 'subjectAltName': (('DNS', '*.execute-api.us-east-1.amazonaws.com'),), 'OCSP': ('http://ocsp.r2m03.amazontrust.com',), 'caIssuers': ('http://crt.r2m03.amazontrust.com/r2m03.cer',), 'crlDistributionPoints': ('http://crl.r2m03.amazontrust.com/r2m03.crl',)}
2025-06-18 16:58:16,241 - EnvironmentData - WARNING - SSL certificate issue, retrying without verification: HTTPSConnectionPool(host='api.conserv.io', port=443): Max retries exceeded with url: /v1/sensors/export/94a1b270-8a26-41f7-a571-aaf511e18275/status (Caused by SSLError(CertificateError("hostname 'api.conserv.io' doesn't match '*.execute-api.us-east-1.amazonaws.com'")))
2025-06-18 16:58:16,747 - EnvironmentData - INFO - Export 94a1b270-8a26-41f7-a571-aaf511e18275 still pending, waiting 30s...
2025-06-18 16:58:46,748 - EnvironmentData - INFO - Conserv API GET https://api.conserv.io/v1/sensors/export/94a1b270-8a26-41f7-a571-aaf511e18275/status headers={'x-api-key': 'XXXX', 'Content-Type': 'application/json'}
2025-06-18 16:58:47,938 - urllib3.connection - WARNING - Certificate did not match expected hostname: api.conserv.io. Certificate: {'subject': ((('commonName', '*.execute-api.us-east-1.amazonaws.com'),),), 'issuer': ((('countryName', 'US'),), (('organizationName', 'Amazon'),), (('commonName', 'Amazon RSA 2048 M03'),)), 'version': 3, 'serialNumber': '03CC5A98E4786D36F24CA5E1158E1EA3', 'notBefore': 'Mar 22 00:00:00 2025 GMT', 'notAfter': 'Apr 19 23:59:59 2026 GMT', 'subjectAltName': (('DNS', '*.execute-api.us-east-1.amazonaws.com'),), 'OCSP': ('http://ocsp.r2m03.amazontrust.com',), 'caIssuers': ('http://crt.r2m03.amazontrust.com/r2m03.cer',), 'crlDistributionPoints': ('http://crl.r2m03.amazontrust.com/r2m03.crl',)}
2025-06-18 16:58:47,942 - EnvironmentData - WARNING - SSL certificate issue, retrying without verification: HTTPSConnectionPool(host='api.conserv.io', port=443): Max retries exceeded with url: /v1/sensors/export/94a1b270-8a26-41f7-a571-aaf511e18275/status (Caused by SSLError(CertificateError("hostname 'api.conserv.io' doesn't match '*.execute-api.us-east-1.amazonaws.com'")))
2025-06-18 16:58:48,472 - EnvironmentData - INFO - Export 94a1b270-8a26-41f7-a571-aaf511e18275 still pending, waiting 30s...
2025-06-18 16:59:18,473 - EnvironmentData - INFO - Conserv API GET https://api.conserv.io/v1/sensors/export/94a1b270-8a26-41f7-a571-aaf511e18275/status headers={'x-api-key': 'XXXX', 'Content-Type': 'application/json'}
2025-06-18 16:59:18,757 - urllib3.connection - WARNING - Certificate did not match expected hostname: api.conserv.io. Certificate: {'subject': ((('commonName', '*.execute-api.us-east-1.amazonaws.com'),),), 'issuer': ((('countryName', 'US'),), (('organizationName', 'Amazon'),), (('commonName', 'Amazon RSA 2048 M03'),)), 'version': 3, 'serialNumber': '03CC5A98E4786D36F24CA5E1158E1EA3', 'notBefore': 'Mar 22 00:00:00 2025 GMT', 'notAfter': 'Apr 19 23:59:59 2026 GMT', 'subjectAltName': (('DNS', '*.execute-api.us-east-1.amazonaws.com'),), 'OCSP': ('http://ocsp.r2m03.amazontrust.com',), 'caIssuers': ('http://crt.r2m03.amazontrust.com/r2m03.cer',), 'crlDistributionPoints': ('http://crl.r2m03.amazontrust.com/r2m03.crl',)}
2025-06-18 16:59:18,759 - EnvironmentData - WARNING - SSL certificate issue, retrying without verification: HTTPSConnectionPool(host='api.conserv.io', port=443): Max retries exceeded with url: /v1/sensors/export/94a1b270-8a26-41f7-a571-aaf511e18275/status (Caused by SSLError(CertificateError("hostname 'api.conserv.io' doesn't match '*.execute-api.us-east-1.amazonaws.com'")))
2025-06-18 16:59:19,307 - EnvironmentData - INFO - Export 94a1b270-8a26-41f7-a571-aaf511e18275 completed successfully
2025-06-18 16:59:27,323 - EnvironmentData - INFO - Conserv API POST https://api.conserv.io/v1/sensors/export/94a1b270-8a26-41f7-a571-aaf511e18275/download headers={'x-api-key': 'XXXX', 'Content-Type': 'application/json'}
2025-06-18 16:59:27,641 - urllib3.connection - WARNING - Certificate did not match expected hostname: api.conserv.io. Certificate: {'subject': ((('commonName', '*.execute-api.us-east-1.amazonaws.com'),),), 'issuer': ((('countryName', 'US'),), (('organizationName', 'Amazon'),), (('commonName', 'Amazon RSA 2048 M03'),)), 'version': 3, 'serialNumber': '03CC5A98E4786D36F24CA5E1158E1EA3', 'notBefore': 'Mar 22 00:00:00 2025 GMT', 'notAfter': 'Apr 19 23:59:59 2026 GMT', 'subjectAltName': (('DNS', '*.execute-api.us-east-1.amazonaws.com'),), 'OCSP': ('http://ocsp.r2m03.amazontrust.com',), 'caIssuers': ('http://crt.r2m03.amazontrust.com/r2m03.cer',), 'crlDistributionPoints': ('http://crl.r2m03.amazontrust.com/r2m03.crl',)}
2025-06-18 16:59:27,646 - EnvironmentData - WARNING - SSL certificate issue, retrying without verification: HTTPSConnectionPool(host='api.conserv.io', port=443): Max retries exceeded with url: /v1/sensors/export/94a1b270-8a26-41f7-a571-aaf511e18275/download (Caused by SSLError(CertificateError("hostname 'api.conserv.io' doesn't match '*.execute-api.us-east-1.amazonaws.com'")))
2025-06-18 16:59:28,187 - EnvironmentData - ERROR - Conserv API request failed even without SSL verification: 404 Client Error: Not Found for url: https://api.conserv.io/v1/sensors/export/94a1b270-8a26-41f7-a571-aaf511e18275/download
2025-06-18 16:59:28,187 - EnvironmentData - ERROR - Export failed for customer 2671: 404 Client Error: Not Found for url: https://api.conserv.io/v1/sensors/export/94a1b270-8a26-41f7-a571-aaf511e18275/download
2025-06-18 16:59:28,198 - EnvironmentData - INFO - No data available for customer 2671
2025-06-18 16:59:28,198 - EnvironmentData - INFO - Fetching data for customer 1696
2025-06-18 16:59:28,198 - EnvironmentData - INFO - Exporting chunk for customer 1696: 2025-06-17 13:51:55+00:00 to 2025-06-18 13:51:55+00:00
2025-06-18 16:59:28,199 - EnvironmentData - INFO - Starting export for customer 1696: 2025-06-17 13:51:55+00:00 to 2025-06-18 13:51:55+00:00
2025-06-18 16:59:28,199 - EnvironmentData - INFO - Launch export payload: {'start': '2025-06-17T13:51:55+00:00', 'end': '2025-06-18T13:51:55+00:00'}
2025-06-18 16:59:28,199 - EnvironmentData - INFO - Conserv API POST https://api.conserv.io/v1/sensors/export headers={'x-api-key': 'XXXX', 'Content-Type': 'application/json'}
2025-06-18 16:59:28,495 - urllib3.connection - WARNING - Certificate did not match expected hostname: api.conserv.io. Certificate: {'subject': ((('commonName', '*.execute-api.us-east-1.amazonaws.com'),),), 'issuer': ((('countryName', 'US'),), (('organizationName', 'Amazon'),), (('commonName', 'Amazon RSA 2048 M03'),)), 'version': 3, 'serialNumber': '03CC5A98E4786D36F24CA5E1158E1EA3', 'notBefore': 'Mar 22 00:00:00 2025 GMT', 'notAfter': 'Apr 19 23:59:59 2026 GMT', 'subjectAltName': (('DNS', '*.execute-api.us-east-1.amazonaws.com'),), 'OCSP': ('http://ocsp.r2m03.amazontrust.com',), 'caIssuers': ('http://crt.r2m03.amazontrust.com/r2m03.cer',), 'crlDistributionPoints': ('http://crl.r2m03.amazontrust.com/r2m03.crl',)}
2025-06-18 16:59:28,499 - EnvironmentData - WARNING - SSL certificate issue, retrying without verification: HTTPSConnectionPool(host='api.conserv.io', port=443): Max retries exceeded with url: /v1/sensors/export (Caused by SSLError(CertificateError("hostname 'api.conserv.io' doesn't match '*.execute-api.us-east-1.amazonaws.com'")))
2025-06-18 16:59:29,071 - EnvironmentData - INFO - Conserv export launched: b6836dea-6c8d-4bdf-a626-90083deea411
2025-06-18 16:59:29,076 - EnvironmentData - INFO - Conserv API GET https://api.conserv.io/v1/sensors/export/b6836dea-6c8d-4bdf-a626-90083deea411/status headers={'x-api-key': 'XXXX', 'Content-Type': 'application/json'}
2025-06-18 16:59:29,405 - urllib3.connection - WARNING - Certificate did not match expected hostname: api.conserv.io. Certificate: {'subject': ((('commonName', '*.execute-api.us-east-1.amazonaws.com'),),), 'issuer': ((('countryName', 'US'),), (('organizationName', 'Amazon'),), (('commonName', 'Amazon RSA 2048 M03'),)), 'version': 3, 'serialNumber': '03CC5A98E4786D36F24CA5E1158E1EA3', 'notBefore': 'Mar 22 00:00:00 2025 GMT', 'notAfter': 'Apr 19 23:59:59 2026 GMT', 'subjectAltName': (('DNS', '*.execute-api.us-east-1.amazonaws.com'),), 'OCSP': ('http://ocsp.r2m03.amazontrust.com',), 'caIssuers': ('http://crt.r2m03.amazontrust.com/r2m03.cer',), 'crlDistributionPoints': ('http://crl.r2m03.amazontrust.com/r2m03.crl',)}
2025-06-18 16:59:29,407 - EnvironmentData - WARNING - SSL certificate issue, retrying without verification: HTTPSConnectionPool(host='api.conserv.io', port=443): Max retries exceeded with url: /v1/sensors/export/b6836dea-6c8d-4bdf-a626-90083deea411/status (Caused by SSLError(CertificateError("hostname 'api.conserv.io' doesn't match '*.execute-api.us-east-1.amazonaws.com'")))
2025-06-18 16:59:29,915 - EnvironmentData - INFO - Export b6836dea-6c8d-4bdf-a626-90083deea411 still pending, waiting 30s...
2025-06-18 16:59:59,917 - EnvironmentData - INFO - Conserv API GET https://api.conserv.io/v1/sensors/export/b6836dea-6c8d-4bdf-a626-90083deea411/status headers={'x-api-key': 'XXXX', 'Content-Type': 'application/json'}
2025-06-18 17:00:00,352 - urllib3.connection - WARNING - Certificate did not match expected hostname: api.conserv.io. Certificate: {'subject': ((('commonName', '*.execute-api.us-east-1.amazonaws.com'),),), 'issuer': ((('countryName', 'US'),), (('organizationName', 'Amazon'),), (('commonName', 'Amazon RSA 2048 M03'),)), 'version': 3, 'serialNumber': '03CC5A98E4786D36F24CA5E1158E1EA3', 'notBefore': 'Mar 22 00:00:00 2025 GMT', 'notAfter': 'Apr 19 23:59:59 2026 GMT', 'subjectAltName': (('DNS', '*.execute-api.us-east-1.amazonaws.com'),), 'OCSP': ('http://ocsp.r2m03.amazontrust.com',), 'caIssuers': ('http://crt.r2m03.amazontrust.com/r2m03.cer',), 'crlDistributionPoints': ('http://crl.r2m03.amazontrust.com/r2m03.crl',)}
2025-06-18 17:00:00,355 - EnvironmentData - WARNING - SSL certificate issue, retrying without verification: HTTPSConnectionPool(host='api.conserv.io', port=443): Max retries exceeded with url: /v1/sensors/export/b6836dea-6c8d-4bdf-a626-90083deea411/status (Caused by SSLError(CertificateError("hostname 'api.conserv.io' doesn't match '*.execute-api.us-east-1.amazonaws.com'")))
2025-06-18 17:00:01,008 - EnvironmentData - INFO - Export b6836dea-6c8d-4bdf-a626-90083deea411 still pending, waiting 30s...
2025-06-18 17:00:31,010 - EnvironmentData - INFO - Conserv API GET https://api.conserv.io/v1/sensors/export/b6836dea-6c8d-4bdf-a626-90083deea411/status headers={'x-api-key': 'XXXX', 'Content-Type': 'application/json'}
2025-06-18 17:00:31,317 - urllib3.connection - WARNING - Certificate did not match expected hostname: api.conserv.io. Certificate: {'subject': ((('commonName', '*.execute-api.us-east-1.amazonaws.com'),),), 'issuer': ((('countryName', 'US'),), (('organizationName', 'Amazon'),), (('commonName', 'Amazon RSA 2048 M03'),)), 'version': 3, 'serialNumber': '03CC5A98E4786D36F24CA5E1158E1EA3', 'notBefore': 'Mar 22 00:00:00 2025 GMT', 'notAfter': 'Apr 19 23:59:59 2026 GMT', 'subjectAltName': (('DNS', '*.execute-api.us-east-1.amazonaws.com'),), 'OCSP': ('http://ocsp.r2m03.amazontrust.com',), 'caIssuers': ('http://crt.r2m03.amazontrust.com/r2m03.cer',), 'crlDistributionPoints': ('http://crl.r2m03.amazontrust.com/r2m03.crl',)}
2025-06-18 17:00:31,319 - EnvironmentData - WARNING - SSL certificate issue, retrying without verification: HTTPSConnectionPool(host='api.conserv.io', port=443): Max retries exceeded with url: /v1/sensors/export/b6836dea-6c8d-4bdf-a626-90083deea411/status (Caused by SSLError(CertificateError("hostname 'api.conserv.io' doesn't match '*.execute-api.us-east-1.amazonaws.com'")))
2025-06-18 17:00:31,806 - EnvironmentData - INFO - Export b6836dea-6c8d-4bdf-a626-90083deea411 still pending, waiting 30s...
2025-06-18 17:01:01,808 - EnvironmentData - INFO - Conserv API GET https://api.conserv.io/v1/sensors/export/b6836dea-6c8d-4bdf-a626-90083deea411/status headers={'x-api-key': 'XXXX', 'Content-Type': 'application/json'}
2025-06-18 17:01:02,254 - urllib3.connection - WARNING - Certificate did not match expected hostname: api.conserv.io. Certificate: {'subject': ((('commonName', '*.execute-api.us-east-1.amazonaws.com'),),), 'issuer': ((('countryName', 'US'),), (('organizationName', 'Amazon'),), (('commonName', 'Amazon RSA 2048 M03'),)), 'version': 3, 'serialNumber': '03CC5A98E4786D36F24CA5E1158E1EA3', 'notBefore': 'Mar 22 00:00:00 2025 GMT', 'notAfter': 'Apr 19 23:59:59 2026 GMT', 'subjectAltName': (('DNS', '*.execute-api.us-east-1.amazonaws.com'),), 'OCSP': ('http://ocsp.r2m03.amazontrust.com',), 'caIssuers': ('http://crt.r2m03.amazontrust.com/r2m03.cer',), 'crlDistributionPoints': ('http://crl.r2m03.amazontrust.com/r2m03.crl',)}
2025-06-18 17:01:02,257 - EnvironmentData - WARNING - SSL certificate issue, retrying without verification: HTTPSConnectionPool(host='api.conserv.io', port=443): Max retries exceeded with url: /v1/sensors/export/b6836dea-6c8d-4bdf-a626-90083deea411/status (Caused by SSLError(CertificateError("hostname 'api.conserv.io' doesn't match '*.execute-api.us-east-1.amazonaws.com'")))
2025-06-18 17:01:02,745 - EnvironmentData - INFO - Export b6836dea-6c8d-4bdf-a626-90083deea411 completed successfully
2025-06-18 17:01:10,748 - EnvironmentData - INFO - Conserv API POST https://api.conserv.io/v1/sensors/export/b6836dea-6c8d-4bdf-a626-90083deea411/download headers={'x-api-key': 'XXXX', 'Content-Type': 'application/json'}
2025-06-18 17:01:11,076 - urllib3.connection - WARNING - Certificate did not match expected hostname: api.conserv.io. Certificate: {'subject': ((('commonName', '*.execute-api.us-east-1.amazonaws.com'),),), 'issuer': ((('countryName', 'US'),), (('organizationName', 'Amazon'),), (('commonName', 'Amazon RSA 2048 M03'),)), 'version': 3, 'serialNumber': '03CC5A98E4786D36F24CA5E1158E1EA3', 'notBefore': 'Mar 22 00:00:00 2025 GMT', 'notAfter': 'Apr 19 23:59:59 2026 GMT', 'subjectAltName': (('DNS', '*.execute-api.us-east-1.amazonaws.com'),), 'OCSP': ('http://ocsp.r2m03.amazontrust.com',), 'caIssuers': ('http://crt.r2m03.amazontrust.com/r2m03.cer',), 'crlDistributionPoints': ('http://crl.r2m03.amazontrust.com/r2m03.crl',)}
2025-06-18 17:01:11,078 - EnvironmentData - WARNING - SSL certificate issue, retrying without verification: HTTPSConnectionPool(host='api.conserv.io', port=443): Max retries exceeded with url: /v1/sensors/export/b6836dea-6c8d-4bdf-a626-90083deea411/download (Caused by SSLError(CertificateError("hostname 'api.conserv.io' doesn't match '*.execute-api.us-east-1.amazonaws.com'")))
2025-06-18 17:01:11,645 - EnvironmentData - ERROR - Conserv API request failed even without SSL verification: 404 Client Error: Not Found for url: https://api.conserv.io/v1/sensors/export/b6836dea-6c8d-4bdf-a626-90083deea411/download
2025-06-18 17:01:11,646 - EnvironmentData - ERROR - Export failed for customer 1696: 404 Client Error: Not Found for url: https://api.conserv.io/v1/sensors/export/b6836dea-6c8d-4bdf-a626-90083deea411/download
2025-06-18 17:01:11,652 - EnvironmentData - INFO - No data available for customer 1696
2025-06-18 17:01:11,655 - EnvironmentData - WARNING - Failed to fetch current Conserv data: type Float64 is incompatible with expected type String
2025-06-18 17:01:11,656 - EnvironmentData - INFO - Current readings: 143 Coris only
2025-06-18 17:01:11,661 - ingest_all_sources - INFO - Current readings completed successfully
2025-06-18 17:01:11,661 - ingest_all_sources - INFO - Consolidating readings...
2025-06-18 17:01:11,661 - EnvironmentData - INFO - consolidate_readings
2025-06-18 17:01:11,682 - EnvironmentData - INFO - 143 new readings.
2025-06-18 17:01:11,698 - EnvironmentData - INFO - consolidate_readings validation: correct column data types.
2025-06-18 17:01:11,699 - EnvironmentData - INFO - consolidate_readings validation: at least one non-null value in readings.
2025-06-18 17:01:11,700 - EnvironmentData - INFO - consolidate_readings validation: no duplicated SensorReadingUTC per SensorID_Coris.
2025-06-18 17:01:11,700 - EnvironmentData - INFO - consolidate_readings validation: one SensorName per SensorID_Coris.
2025-06-18 17:01:11,701 - EnvironmentData - INFO - consolidate_readings validation: all SensorID_Coris in historical data (no dropped SensorID).
2025-06-18 17:01:11,742 - EnvironmentData - INFO - 1001 total readings.
2025-06-18 17:01:11,758 - EnvironmentData-Errors - ERROR - Validation errors: 
35 missing values in [SensorReadingRh].
2025-06-18 17:01:11,760 - EnvironmentData - ERROR - Validation errors: 
35 missing values in [SensorReadingRh].
2025-06-18 17:01:11,785 - ingest_all_sources - ERROR - ============================================================
2025-06-18 17:01:11,787 - ingest_all_sources - ERROR - CRITICAL ERROR IN DATA INGESTION
2025-06-18 17:01:11,787 - ingest_all_sources - ERROR - Error: Unexpected SensorName format: Temp ESC 381_8404e5 - dead batt..
2025-06-18 17:01:11,787 - ingest_all_sources - ERROR - Traceback:
2025-06-18 17:01:11,789 - ingest_all_sources - ERROR - Traceback (most recent call last):
  File "X:\Coding Junk\Work\Upwork\Anthony Arbaiza - Existing Code modification\environmental-sensor-poc\ingest_all_sources.py", line 135, in main
    env_data.consolidate_readings()
  File "X:\Coding Junk\Work\Upwork\Anthony Arbaiza - Existing Code modification\environmental-sensor-poc\EnvironmentData.py", line 653, in consolidate_readings
    self.update_lookups()
  File "X:\Coding Junk\Work\Upwork\Anthony Arbaiza - Existing Code modification\environmental-sensor-poc\EnvironmentData.py", line 1030, in update_lookups
    raise Exception(f'Unexpected SensorName format: {sensorname}.')
Exception: Unexpected SensorName format: Temp ESC 381_8404e5 - dead batt..

2025-06-18 17:01:11,790 - ingest_all_sources - ERROR - ============================================================
