2025-06-18 16:14:50,886 - ingest_all_sources - INFO - ============================================================
2025-06-18 16:14:50,887 - ingest_all_sources - INFO - STARTING UNIFIED DATA INGESTION
2025-06-18 16:14:50,887 - ingest_all_sources - INFO - Start time: 2025-06-18 16:14:50.886900
2025-06-18 16:14:50,887 - ingest_all_sources - INFO - ============================================================
2025-06-18 16:14:50,887 - ingest_all_sources - INFO - Reading configuration...
2025-06-18 16:14:50,887 - ingest_all_sources - INFO - Environment debugging:
2025-06-18 16:14:50,888 - ingest_all_sources - INFO -   Current working directory: X:\Coding Junk\Work\Upwork\Anthony Arbaiza - Existing Code modification\environmental-sensor-poc
2025-06-18 16:14:50,889 - ingest_all_sources - INFO -   .env file exists: True
2025-06-18 16:14:50,890 - ingest_all_sources - INFO -   .env file has 15 lines
2025-06-18 16:14:50,892 - ingest_all_sources - INFO -     DAYS_BACK=1095
2025-06-18 16:14:50,893 - ingest_all_sources - INFO -     TESTING=False
2025-06-18 16:14:50,893 - ingest_all_sources - INFO -     CATS_USER_ID=2496
2025-06-18 16:14:50,893 - ingest_all_sources - INFO -     
2025-06-18 16:14:50,894 - ingest_all_sources - INFO - Configuration:
2025-06-18 16:14:50,895 - ingest_all_sources - INFO -   CATS_USER_ID: 2496
2025-06-18 16:14:50,895 - ingest_all_sources - INFO -   CONSERV_ENABLED: True
2025-06-18 16:14:50,895 - ingest_all_sources - INFO -   TESTING: False
2025-06-18 16:14:50,896 - ingest_all_sources - INFO -   RUN_WINDOW_HOURS: 24
2025-06-18 16:14:50,896 - ingest_all_sources - INFO -   Conserv API keys found for customers: [1545, 333, 307, 2671, 1696]
2025-06-18 16:14:50,896 - ingest_all_sources - INFO - Conserv integration active with 5 customers
2025-06-18 16:14:50,896 - ingest_all_sources - INFO - Initializing EnvironmentData...
2025-06-18 16:14:50,898 - EnvironmentData - INFO - Initialized Conserv client with 5 customers
2025-06-18 16:14:50,899 - EnvironmentData - INFO - Conserv API client initialized with 5 customers
2025-06-18 16:14:50,900 - ingest_all_sources - INFO - EnvironmentData initialized successfully
2025-06-18 16:14:50,900 - ingest_all_sources - INFO -   Conserv enabled: True
2025-06-18 16:14:50,900 - ingest_all_sources - INFO -   Conserv customers: 5
2025-06-18 16:14:50,901 - ingest_all_sources - INFO -   Cron status: initialized
2025-06-18 16:14:50,901 - ingest_all_sources - INFO - Pulling current readings from all sources...
2025-06-18 16:14:50,901 - EnvironmentData - INFO - get_current_readings: 1750252490
2025-06-18 16:14:50,901 - EnvironmentData - INFO - get_sensors
2025-06-18 16:14:50,901 - EnvironmentData - INFO - API call: https://cats.corismonitoring.com/api/cats/user/?ApiKey=XXXX&CatsUserID=XXXX
2025-06-18 16:14:52,985 - EnvironmentData - INFO - get_sensors validation: correct column data types.
2025-06-18 16:14:52,986 - EnvironmentData - INFO - get_sensors validation: at least one non-null value in readings.
2025-06-18 16:14:52,988 - EnvironmentData - INFO - get_sensors validation: no duplicated SensorReadingUTC per SensorID_Coris.
2025-06-18 16:14:52,990 - EnvironmentData - INFO - get_sensors validation: one SensorName per SensorID_Coris.
2025-06-18 16:14:52,994 - EnvironmentData - INFO - get_current_readings_coris validation: correct column data types.
2025-06-18 16:14:52,995 - EnvironmentData - INFO - get_current_readings_coris validation: at least one non-null value in readings.
2025-06-18 16:14:52,996 - EnvironmentData - INFO - get_current_readings_coris validation: SensorReadingUTC columns close to QueryUTC.
2025-06-18 16:14:52,997 - EnvironmentData - INFO - get_current_readings_coris validation: no duplicated SensorReadingUTC per SensorID_Coris.
2025-06-18 16:14:52,998 - EnvironmentData - INFO - get_current_readings_coris validation: one SensorName per SensorID_Coris.
2025-06-18 16:14:52,999 - EnvironmentData-Errors - ERROR - get_current_readings_coris validation errors : SensorReadingUTC differs from UTC: UTC: 1750252490, maximum absolute difference (minutes): 8e+05.

2025-06-18 16:14:53,001 - EnvironmentData - ERROR - get_current_readings_coris validation errors : SensorReadingUTC differs from UTC: UTC: 1750252490, maximum absolute difference (minutes): 8e+05.

2025-06-18 16:14:53,003 - EnvironmentData - INFO - Fetching current Conserv data for all customers
2025-06-18 16:14:53,003 - EnvironmentData - INFO - Fetching Conserv data for period: 1750166090 to 1750252490
2025-06-18 16:14:53,004 - EnvironmentData - INFO - Fetching data for customer 1545
2025-06-18 16:14:53,004 - EnvironmentData - INFO - Exporting chunk for customer 1545: 2025-06-17 13:14:50+00:00 to 2025-06-18 13:14:50+00:00
2025-06-18 16:14:53,004 - EnvironmentData - INFO - Starting export for customer 1545: 2025-06-17 13:14:50+00:00 to 2025-06-18 13:14:50+00:00
2025-06-18 16:14:53,004 - EnvironmentData - INFO - Launch export payload: {'start_time': '2025-06-17T13:14:50+00:00', 'end_time': '2025-06-18T13:14:50+00:00'}
2025-06-18 16:14:53,004 - EnvironmentData - INFO - Conserv API POST https://api.conserv.io/v1/sensors/export headers={'x-api-key': 'XXXX', 'Content-Type': 'application/json'}
2025-06-18 16:14:53,446 - urllib3.connection - WARNING - Certificate did not match expected hostname: api.conserv.io. Certificate: {'subject': ((('commonName', '*.execute-api.us-east-1.amazonaws.com'),),), 'issuer': ((('countryName', 'US'),), (('organizationName', 'Amazon'),), (('commonName', 'Amazon RSA 2048 M03'),)), 'version': 3, 'serialNumber': '03CC5A98E4786D36F24CA5E1158E1EA3', 'notBefore': 'Mar 22 00:00:00 2025 GMT', 'notAfter': 'Apr 19 23:59:59 2026 GMT', 'subjectAltName': (('DNS', '*.execute-api.us-east-1.amazonaws.com'),), 'OCSP': ('http://ocsp.r2m03.amazontrust.com',), 'caIssuers': ('http://crt.r2m03.amazontrust.com/r2m03.cer',), 'crlDistributionPoints': ('http://crl.r2m03.amazontrust.com/r2m03.crl',)}
2025-06-18 16:14:53,447 - EnvironmentData - WARNING - SSL certificate issue, retrying without verification: HTTPSConnectionPool(host='api.conserv.io', port=443): Max retries exceeded with url: /v1/sensors/export (Caused by SSLError(CertificateError("hostname 'api.conserv.io' doesn't match '*.execute-api.us-east-1.amazonaws.com'")))
2025-06-18 16:14:53,989 - EnvironmentData - ERROR - 400 Bad Request response body: Error validating request body. Start date is required. End date is required. "start_time" is not allowed. "end_time" is not allowed.
2025-06-18 16:14:53,991 - EnvironmentData - ERROR - Conserv API request failed even without SSL verification: 400 Client Error: Bad Request for url: https://api.conserv.io/v1/sensors/export
2025-06-18 16:14:53,991 - EnvironmentData - ERROR - 400 Bad Request response body: Error validating request body. Start date is required. End date is required. "start_time" is not allowed. "end_time" is not allowed.
2025-06-18 16:14:53,992 - EnvironmentData - ERROR - Export failed for customer 1545: 400 Client Error: Bad Request for url: https://api.conserv.io/v1/sensors/export
2025-06-18 16:14:53,997 - EnvironmentData - INFO - No data available for customer 1545
2025-06-18 16:14:53,997 - EnvironmentData - INFO - Fetching data for customer 333
2025-06-18 16:14:53,998 - EnvironmentData - INFO - Exporting chunk for customer 333: 2025-06-17 13:14:50+00:00 to 2025-06-18 13:14:50+00:00
2025-06-18 16:14:53,998 - EnvironmentData - INFO - Starting export for customer 333: 2025-06-17 13:14:50+00:00 to 2025-06-18 13:14:50+00:00
2025-06-18 16:14:53,998 - EnvironmentData - INFO - Launch export payload: {'start_time': '2025-06-17T13:14:50+00:00', 'end_time': '2025-06-18T13:14:50+00:00'}
2025-06-18 16:14:53,998 - EnvironmentData - INFO - Conserv API POST https://api.conserv.io/v1/sensors/export headers={'x-api-key': 'XXXX', 'Content-Type': 'application/json'}
2025-06-18 16:14:54,277 - urllib3.connection - WARNING - Certificate did not match expected hostname: api.conserv.io. Certificate: {'subject': ((('commonName', '*.execute-api.us-east-1.amazonaws.com'),),), 'issuer': ((('countryName', 'US'),), (('organizationName', 'Amazon'),), (('commonName', 'Amazon RSA 2048 M03'),)), 'version': 3, 'serialNumber': '03CC5A98E4786D36F24CA5E1158E1EA3', 'notBefore': 'Mar 22 00:00:00 2025 GMT', 'notAfter': 'Apr 19 23:59:59 2026 GMT', 'subjectAltName': (('DNS', '*.execute-api.us-east-1.amazonaws.com'),), 'OCSP': ('http://ocsp.r2m03.amazontrust.com',), 'caIssuers': ('http://crt.r2m03.amazontrust.com/r2m03.cer',), 'crlDistributionPoints': ('http://crl.r2m03.amazontrust.com/r2m03.crl',)}
2025-06-18 16:14:54,280 - EnvironmentData - WARNING - SSL certificate issue, retrying without verification: HTTPSConnectionPool(host='api.conserv.io', port=443): Max retries exceeded with url: /v1/sensors/export (Caused by SSLError(CertificateError("hostname 'api.conserv.io' doesn't match '*.execute-api.us-east-1.amazonaws.com'")))
2025-06-18 16:14:54,765 - EnvironmentData - ERROR - 400 Bad Request response body: Error validating request body. Start date is required. End date is required. "start_time" is not allowed. "end_time" is not allowed.
2025-06-18 16:14:54,767 - EnvironmentData - ERROR - Conserv API request failed even without SSL verification: 400 Client Error: Bad Request for url: https://api.conserv.io/v1/sensors/export
2025-06-18 16:14:54,767 - EnvironmentData - ERROR - 400 Bad Request response body: Error validating request body. Start date is required. End date is required. "start_time" is not allowed. "end_time" is not allowed.
2025-06-18 16:14:54,768 - EnvironmentData - ERROR - Export failed for customer 333: 400 Client Error: Bad Request for url: https://api.conserv.io/v1/sensors/export
2025-06-18 16:14:54,772 - EnvironmentData - INFO - No data available for customer 333
2025-06-18 16:14:54,772 - EnvironmentData - INFO - Fetching data for customer 307
2025-06-18 16:14:54,772 - EnvironmentData - INFO - Exporting chunk for customer 307: 2025-06-17 13:14:50+00:00 to 2025-06-18 13:14:50+00:00
2025-06-18 16:14:54,772 - EnvironmentData - INFO - Starting export for customer 307: 2025-06-17 13:14:50+00:00 to 2025-06-18 13:14:50+00:00
2025-06-18 16:14:54,773 - EnvironmentData - INFO - Launch export payload: {'start_time': '2025-06-17T13:14:50+00:00', 'end_time': '2025-06-18T13:14:50+00:00'}
2025-06-18 16:14:54,773 - EnvironmentData - INFO - Conserv API POST https://api.conserv.io/v1/sensors/export headers={'x-api-key': 'XXXX', 'Content-Type': 'application/json'}
2025-06-18 16:14:56,064 - urllib3.connection - WARNING - Certificate did not match expected hostname: api.conserv.io. Certificate: {'subject': ((('commonName', '*.execute-api.us-east-1.amazonaws.com'),),), 'issuer': ((('countryName', 'US'),), (('organizationName', 'Amazon'),), (('commonName', 'Amazon RSA 2048 M03'),)), 'version': 3, 'serialNumber': '03CC5A98E4786D36F24CA5E1158E1EA3', 'notBefore': 'Mar 22 00:00:00 2025 GMT', 'notAfter': 'Apr 19 23:59:59 2026 GMT', 'subjectAltName': (('DNS', '*.execute-api.us-east-1.amazonaws.com'),), 'OCSP': ('http://ocsp.r2m03.amazontrust.com',), 'caIssuers': ('http://crt.r2m03.amazontrust.com/r2m03.cer',), 'crlDistributionPoints': ('http://crl.r2m03.amazontrust.com/r2m03.crl',)}
2025-06-18 16:14:56,066 - EnvironmentData - WARNING - SSL certificate issue, retrying without verification: HTTPSConnectionPool(host='api.conserv.io', port=443): Max retries exceeded with url: /v1/sensors/export (Caused by SSLError(CertificateError("hostname 'api.conserv.io' doesn't match '*.execute-api.us-east-1.amazonaws.com'")))
2025-06-18 16:14:56,591 - EnvironmentData - ERROR - 400 Bad Request response body: Error validating request body. Start date is required. End date is required. "start_time" is not allowed. "end_time" is not allowed.
2025-06-18 16:14:56,592 - EnvironmentData - ERROR - Conserv API request failed even without SSL verification: 400 Client Error: Bad Request for url: https://api.conserv.io/v1/sensors/export
2025-06-18 16:14:56,592 - EnvironmentData - ERROR - 400 Bad Request response body: Error validating request body. Start date is required. End date is required. "start_time" is not allowed. "end_time" is not allowed.
2025-06-18 16:14:56,592 - EnvironmentData - ERROR - Export failed for customer 307: 400 Client Error: Bad Request for url: https://api.conserv.io/v1/sensors/export
2025-06-18 16:14:56,595 - EnvironmentData - INFO - No data available for customer 307
2025-06-18 16:14:56,596 - EnvironmentData - INFO - Fetching data for customer 2671
2025-06-18 16:14:56,596 - EnvironmentData - INFO - Exporting chunk for customer 2671: 2025-06-17 13:14:50+00:00 to 2025-06-18 13:14:50+00:00
2025-06-18 16:14:56,597 - EnvironmentData - INFO - Starting export for customer 2671: 2025-06-17 13:14:50+00:00 to 2025-06-18 13:14:50+00:00
2025-06-18 16:14:56,597 - EnvironmentData - INFO - Launch export payload: {'start_time': '2025-06-17T13:14:50+00:00', 'end_time': '2025-06-18T13:14:50+00:00'}
2025-06-18 16:14:56,598 - EnvironmentData - INFO - Conserv API POST https://api.conserv.io/v1/sensors/export headers={'x-api-key': 'XXXX', 'Content-Type': 'application/json'}
2025-06-18 16:14:56,892 - urllib3.connection - WARNING - Certificate did not match expected hostname: api.conserv.io. Certificate: {'subject': ((('commonName', '*.execute-api.us-east-1.amazonaws.com'),),), 'issuer': ((('countryName', 'US'),), (('organizationName', 'Amazon'),), (('commonName', 'Amazon RSA 2048 M03'),)), 'version': 3, 'serialNumber': '03CC5A98E4786D36F24CA5E1158E1EA3', 'notBefore': 'Mar 22 00:00:00 2025 GMT', 'notAfter': 'Apr 19 23:59:59 2026 GMT', 'subjectAltName': (('DNS', '*.execute-api.us-east-1.amazonaws.com'),), 'OCSP': ('http://ocsp.r2m03.amazontrust.com',), 'caIssuers': ('http://crt.r2m03.amazontrust.com/r2m03.cer',), 'crlDistributionPoints': ('http://crl.r2m03.amazontrust.com/r2m03.crl',)}
2025-06-18 16:14:56,893 - EnvironmentData - WARNING - SSL certificate issue, retrying without verification: HTTPSConnectionPool(host='api.conserv.io', port=443): Max retries exceeded with url: /v1/sensors/export (Caused by SSLError(CertificateError("hostname 'api.conserv.io' doesn't match '*.execute-api.us-east-1.amazonaws.com'")))
2025-06-18 16:14:57,424 - EnvironmentData - ERROR - 400 Bad Request response body: Error validating request body. Start date is required. End date is required. "start_time" is not allowed. "end_time" is not allowed.
2025-06-18 16:14:57,425 - EnvironmentData - ERROR - Conserv API request failed even without SSL verification: 400 Client Error: Bad Request for url: https://api.conserv.io/v1/sensors/export
2025-06-18 16:14:57,425 - EnvironmentData - ERROR - 400 Bad Request response body: Error validating request body. Start date is required. End date is required. "start_time" is not allowed. "end_time" is not allowed.
2025-06-18 16:14:57,426 - EnvironmentData - ERROR - Export failed for customer 2671: 400 Client Error: Bad Request for url: https://api.conserv.io/v1/sensors/export
2025-06-18 16:14:57,429 - EnvironmentData - INFO - No data available for customer 2671
2025-06-18 16:14:57,430 - EnvironmentData - INFO - Fetching data for customer 1696
2025-06-18 16:14:57,432 - EnvironmentData - INFO - Exporting chunk for customer 1696: 2025-06-17 13:14:50+00:00 to 2025-06-18 13:14:50+00:00
2025-06-18 16:14:57,432 - EnvironmentData - INFO - Starting export for customer 1696: 2025-06-17 13:14:50+00:00 to 2025-06-18 13:14:50+00:00
2025-06-18 16:14:57,433 - EnvironmentData - INFO - Launch export payload: {'start_time': '2025-06-17T13:14:50+00:00', 'end_time': '2025-06-18T13:14:50+00:00'}
2025-06-18 16:14:57,433 - EnvironmentData - INFO - Conserv API POST https://api.conserv.io/v1/sensors/export headers={'x-api-key': 'XXXX', 'Content-Type': 'application/json'}
2025-06-18 16:14:57,766 - urllib3.connection - WARNING - Certificate did not match expected hostname: api.conserv.io. Certificate: {'subject': ((('commonName', '*.execute-api.us-east-1.amazonaws.com'),),), 'issuer': ((('countryName', 'US'),), (('organizationName', 'Amazon'),), (('commonName', 'Amazon RSA 2048 M03'),)), 'version': 3, 'serialNumber': '03CC5A98E4786D36F24CA5E1158E1EA3', 'notBefore': 'Mar 22 00:00:00 2025 GMT', 'notAfter': 'Apr 19 23:59:59 2026 GMT', 'subjectAltName': (('DNS', '*.execute-api.us-east-1.amazonaws.com'),), 'OCSP': ('http://ocsp.r2m03.amazontrust.com',), 'caIssuers': ('http://crt.r2m03.amazontrust.com/r2m03.cer',), 'crlDistributionPoints': ('http://crl.r2m03.amazontrust.com/r2m03.crl',)}
2025-06-18 16:14:57,767 - EnvironmentData - WARNING - SSL certificate issue, retrying without verification: HTTPSConnectionPool(host='api.conserv.io', port=443): Max retries exceeded with url: /v1/sensors/export (Caused by SSLError(CertificateError("hostname 'api.conserv.io' doesn't match '*.execute-api.us-east-1.amazonaws.com'")))
2025-06-18 16:14:58,247 - EnvironmentData - ERROR - 400 Bad Request response body: Error validating request body. Start date is required. End date is required. "start_time" is not allowed. "end_time" is not allowed.
2025-06-18 16:14:58,247 - EnvironmentData - ERROR - Conserv API request failed even without SSL verification: 400 Client Error: Bad Request for url: https://api.conserv.io/v1/sensors/export
2025-06-18 16:14:58,248 - EnvironmentData - ERROR - 400 Bad Request response body: Error validating request body. Start date is required. End date is required. "start_time" is not allowed. "end_time" is not allowed.
2025-06-18 16:14:58,248 - EnvironmentData - ERROR - Export failed for customer 1696: 400 Client Error: Bad Request for url: https://api.conserv.io/v1/sensors/export
2025-06-18 16:14:58,255 - EnvironmentData - INFO - No data available for customer 1696
2025-06-18 16:14:58,255 - EnvironmentData - WARNING - No data retrieved from any customer
2025-06-18 16:14:58,255 - EnvironmentData - INFO - No current Conserv data available
2025-06-18 16:14:58,256 - EnvironmentData - INFO - Current readings: 143 Coris only
2025-06-18 16:14:58,262 - ingest_all_sources - INFO - Current readings completed successfully
2025-06-18 16:14:58,263 - ingest_all_sources - INFO - Consolidating readings...
2025-06-18 16:14:58,264 - EnvironmentData - INFO - consolidate_readings
2025-06-18 16:14:58,287 - EnvironmentData - INFO - 143 new readings.
2025-06-18 16:14:58,297 - EnvironmentData - INFO - consolidate_readings validation: correct column data types.
2025-06-18 16:14:58,298 - EnvironmentData - INFO - consolidate_readings validation: at least one non-null value in readings.
2025-06-18 16:14:58,301 - EnvironmentData - INFO - consolidate_readings validation: no duplicated SensorReadingUTC per SensorID_Coris.
2025-06-18 16:14:58,302 - EnvironmentData - INFO - consolidate_readings validation: one SensorName per SensorID_Coris.
2025-06-18 16:14:58,303 - EnvironmentData - INFO - consolidate_readings validation: all SensorID_Coris in historical data (no dropped SensorID).
2025-06-18 16:14:58,351 - EnvironmentData - INFO - 429 total readings.
2025-06-18 16:14:58,366 - EnvironmentData-Errors - ERROR - Validation errors: 
15 missing values in [SensorReadingRh].
2025-06-18 16:14:58,366 - EnvironmentData - ERROR - Validation errors: 
15 missing values in [SensorReadingRh].
2025-06-18 16:14:58,389 - ingest_all_sources - ERROR - ============================================================
2025-06-18 16:14:58,390 - ingest_all_sources - ERROR - CRITICAL ERROR IN DATA INGESTION
2025-06-18 16:14:58,391 - ingest_all_sources - ERROR - Error: Unexpected SensorName format: Water ESC Vert Zoo - Sensor 03A10.
2025-06-18 16:14:58,391 - ingest_all_sources - ERROR - Traceback:
2025-06-18 16:14:58,394 - ingest_all_sources - ERROR - Traceback (most recent call last):
  File "X:\Coding Junk\Work\Upwork\Anthony Arbaiza - Existing Code modification\environmental-sensor-poc\ingest_all_sources.py", line 135, in main
    env_data.consolidate_readings()
  File "X:\Coding Junk\Work\Upwork\Anthony Arbaiza - Existing Code modification\environmental-sensor-poc\EnvironmentData.py", line 638, in consolidate_readings
    self.update_lookups()
  File "X:\Coding Junk\Work\Upwork\Anthony Arbaiza - Existing Code modification\environmental-sensor-poc\EnvironmentData.py", line 1015, in update_lookups
    raise Exception(f'Unexpected SensorName format: {sensorname}.')
Exception: Unexpected SensorName format: Water ESC Vert Zoo - Sensor 03A10.

2025-06-18 16:14:58,395 - ingest_all_sources - ERROR - ============================================================
