2025-06-17 15:21:08,496 - ingest_all_sources - INFO - ============================================================
2025-06-17 15:21:08,497 - ingest_all_sources - INFO - STARTING UNIFIED DATA INGESTION
2025-06-17 15:21:08,497 - ingest_all_sources - INFO - Start time: 2025-06-17 15:21:08.496626
2025-06-17 15:21:08,497 - ingest_all_sources - INFO - ============================================================
2025-06-17 15:21:08,497 - ingest_all_sources - INFO - Reading configuration...
2025-06-17 15:21:08,498 - ingest_all_sources - INFO - Configuration:
2025-06-17 15:21:08,498 - ingest_all_sources - INFO -   CATS_USER_ID: 2496
2025-06-17 15:21:08,498 - ingest_all_sources - INFO -   CONSERV_ENABLED: True
2025-06-17 15:21:08,499 - ingest_all_sources - INFO -   TESTING: False
2025-06-17 15:21:08,499 - ingest_all_sources - INFO -   RUN_WINDOW_HOURS: 24
2025-06-17 15:21:08,500 - ingest_all_sources - INFO - Initializing EnvironmentData...
2025-06-17 15:21:08,501 - EnvironmentData - INFO - Initialized Conserv client with 5 customers
2025-06-17 15:21:08,502 - EnvironmentData - INFO - Conserv API client initialized with 5 customers
2025-06-17 15:21:08,503 - ingest_all_sources - INFO - EnvironmentData initialized successfully
2025-06-17 15:21:08,503 - ingest_all_sources - INFO -   Conserv enabled: True
2025-06-17 15:21:08,503 - ingest_all_sources - INFO -   Conserv customers: 5
2025-06-17 15:21:08,504 - ingest_all_sources - INFO -   Cron status: initialized
2025-06-17 15:21:08,504 - ingest_all_sources - INFO - Pulling current readings from all sources...
2025-06-17 15:21:08,504 - EnvironmentData - INFO - get_current_readings: 1750162868
2025-06-17 15:21:08,504 - EnvironmentData - INFO - get_sensors
2025-06-17 15:21:08,505 - EnvironmentData - INFO - API call: https://cats.corismonitoring.com/api/cats/user/?ApiKey=XXXX&CatsUserID=XXXX
2025-06-17 15:21:10,343 - EnvironmentData - INFO - get_sensors validation: correct column data types.
2025-06-17 15:21:10,344 - EnvironmentData - INFO - get_sensors validation: at least one non-null value in readings.
2025-06-17 15:21:10,346 - EnvironmentData - INFO - get_sensors validation: no duplicated SensorReadingUTC per SensorID_Coris.
2025-06-17 15:21:10,347 - EnvironmentData - INFO - get_sensors validation: one SensorName per SensorID_Coris.
2025-06-17 15:21:10,353 - EnvironmentData - INFO - get_current_readings_coris validation: correct column data types.
2025-06-17 15:21:10,353 - EnvironmentData - INFO - get_current_readings_coris validation: at least one non-null value in readings.
2025-06-17 15:21:10,353 - EnvironmentData - INFO - get_current_readings_coris validation: SensorReadingUTC columns close to QueryUTC.
2025-06-17 15:21:10,354 - EnvironmentData - INFO - get_current_readings_coris validation: no duplicated SensorReadingUTC per SensorID_Coris.
2025-06-17 15:21:10,355 - EnvironmentData - INFO - get_current_readings_coris validation: one SensorName per SensorID_Coris.
2025-06-17 15:21:10,358 - EnvironmentData-Errors - ERROR - get_current_readings_coris validation errors : SensorReadingUTC differs from UTC: UTC: 1750162868, maximum absolute difference (minutes): 8e+05.

2025-06-17 15:21:10,359 - EnvironmentData - ERROR - get_current_readings_coris validation errors : SensorReadingUTC differs from UTC: UTC: 1750162868, maximum absolute difference (minutes): 8e+05.

2025-06-17 15:21:10,364 - EnvironmentData - INFO - Fetching current Conserv data for all customers
2025-06-17 15:21:10,365 - EnvironmentData - INFO - Fetching Conserv data for period: 1750076468 to 1750162868
2025-06-17 15:21:10,366 - EnvironmentData - INFO - Fetching data for customer 1545
2025-06-17 15:21:10,366 - EnvironmentData - INFO - Exporting chunk for customer 1545: 2025-06-16 12:21:08+00:00 to 2025-06-17 12:21:08+00:00
2025-06-17 15:21:10,366 - EnvironmentData - INFO - Starting export for customer 1545: 2025-06-16 12:21:08+00:00 to 2025-06-17 12:21:08+00:00
2025-06-17 15:21:10,367 - EnvironmentData - INFO - Conserv API POST https://api.conserv.io/v1/sensors/export headers={'x-api-key': 'XXXX', 'Content-Type': 'application/json'}
2025-06-17 15:21:10,787 - urllib3.connection - WARNING - Certificate did not match expected hostname: api.conserv.io. Certificate: {'subject': ((('commonName', '*.execute-api.us-east-1.amazonaws.com'),),), 'issuer': ((('countryName', 'US'),), (('organizationName', 'Amazon'),), (('commonName', 'Amazon RSA 2048 M03'),)), 'version': 3, 'serialNumber': '03CC5A98E4786D36F24CA5E1158E1EA3', 'notBefore': 'Mar 22 00:00:00 2025 GMT', 'notAfter': 'Apr 19 23:59:59 2026 GMT', 'subjectAltName': (('DNS', '*.execute-api.us-east-1.amazonaws.com'),), 'OCSP': ('http://ocsp.r2m03.amazontrust.com',), 'caIssuers': ('http://crt.r2m03.amazontrust.com/r2m03.cer',), 'crlDistributionPoints': ('http://crl.r2m03.amazontrust.com/r2m03.crl',)}
2025-06-17 15:21:10,788 - EnvironmentData - ERROR - Conserv API request failed: HTTPSConnectionPool(host='api.conserv.io', port=443): Max retries exceeded with url: /v1/sensors/export (Caused by SSLError(CertificateError("hostname 'api.conserv.io' doesn't match '*.execute-api.us-east-1.amazonaws.com'")))
2025-06-17 15:21:10,789 - EnvironmentData - ERROR - Export failed for customer 1545: HTTPSConnectionPool(host='api.conserv.io', port=443): Max retries exceeded with url: /v1/sensors/export (Caused by SSLError(CertificateError("hostname 'api.conserv.io' doesn't match '*.execute-api.us-east-1.amazonaws.com'")))
2025-06-17 15:21:10,791 - EnvironmentData - INFO - No data available for customer 1545
2025-06-17 15:21:10,791 - EnvironmentData - INFO - Fetching data for customer 333
2025-06-17 15:21:10,791 - EnvironmentData - INFO - Exporting chunk for customer 333: 2025-06-16 12:21:08+00:00 to 2025-06-17 12:21:08+00:00
2025-06-17 15:21:10,791 - EnvironmentData - INFO - Starting export for customer 333: 2025-06-16 12:21:08+00:00 to 2025-06-17 12:21:08+00:00
2025-06-17 15:21:10,793 - EnvironmentData - INFO - Conserv API POST https://api.conserv.io/v1/sensors/export headers={'x-api-key': 'XXXX', 'Content-Type': 'application/json'}
2025-06-17 15:21:11,099 - urllib3.connection - WARNING - Certificate did not match expected hostname: api.conserv.io. Certificate: {'subject': ((('commonName', '*.execute-api.us-east-1.amazonaws.com'),),), 'issuer': ((('countryName', 'US'),), (('organizationName', 'Amazon'),), (('commonName', 'Amazon RSA 2048 M03'),)), 'version': 3, 'serialNumber': '03CC5A98E4786D36F24CA5E1158E1EA3', 'notBefore': 'Mar 22 00:00:00 2025 GMT', 'notAfter': 'Apr 19 23:59:59 2026 GMT', 'subjectAltName': (('DNS', '*.execute-api.us-east-1.amazonaws.com'),), 'OCSP': ('http://ocsp.r2m03.amazontrust.com',), 'caIssuers': ('http://crt.r2m03.amazontrust.com/r2m03.cer',), 'crlDistributionPoints': ('http://crl.r2m03.amazontrust.com/r2m03.crl',)}
2025-06-17 15:21:11,100 - EnvironmentData - ERROR - Conserv API request failed: HTTPSConnectionPool(host='api.conserv.io', port=443): Max retries exceeded with url: /v1/sensors/export (Caused by SSLError(CertificateError("hostname 'api.conserv.io' doesn't match '*.execute-api.us-east-1.amazonaws.com'")))
2025-06-17 15:21:11,100 - EnvironmentData - ERROR - Export failed for customer 333: HTTPSConnectionPool(host='api.conserv.io', port=443): Max retries exceeded with url: /v1/sensors/export (Caused by SSLError(CertificateError("hostname 'api.conserv.io' doesn't match '*.execute-api.us-east-1.amazonaws.com'")))
2025-06-17 15:21:11,102 - EnvironmentData - INFO - No data available for customer 333
2025-06-17 15:21:11,102 - EnvironmentData - INFO - Fetching data for customer 307
2025-06-17 15:21:11,102 - EnvironmentData - INFO - Exporting chunk for customer 307: 2025-06-16 12:21:08+00:00 to 2025-06-17 12:21:08+00:00
2025-06-17 15:21:11,102 - EnvironmentData - INFO - Starting export for customer 307: 2025-06-16 12:21:08+00:00 to 2025-06-17 12:21:08+00:00
2025-06-17 15:21:11,102 - EnvironmentData - INFO - Conserv API POST https://api.conserv.io/v1/sensors/export headers={'x-api-key': 'XXXX', 'Content-Type': 'application/json'}
2025-06-17 15:21:11,431 - urllib3.connection - WARNING - Certificate did not match expected hostname: api.conserv.io. Certificate: {'subject': ((('commonName', '*.execute-api.us-east-1.amazonaws.com'),),), 'issuer': ((('countryName', 'US'),), (('organizationName', 'Amazon'),), (('commonName', 'Amazon RSA 2048 M03'),)), 'version': 3, 'serialNumber': '03CC5A98E4786D36F24CA5E1158E1EA3', 'notBefore': 'Mar 22 00:00:00 2025 GMT', 'notAfter': 'Apr 19 23:59:59 2026 GMT', 'subjectAltName': (('DNS', '*.execute-api.us-east-1.amazonaws.com'),), 'OCSP': ('http://ocsp.r2m03.amazontrust.com',), 'caIssuers': ('http://crt.r2m03.amazontrust.com/r2m03.cer',), 'crlDistributionPoints': ('http://crl.r2m03.amazontrust.com/r2m03.crl',)}
2025-06-17 15:21:11,434 - EnvironmentData - ERROR - Conserv API request failed: HTTPSConnectionPool(host='api.conserv.io', port=443): Max retries exceeded with url: /v1/sensors/export (Caused by SSLError(CertificateError("hostname 'api.conserv.io' doesn't match '*.execute-api.us-east-1.amazonaws.com'")))
2025-06-17 15:21:11,435 - EnvironmentData - ERROR - Export failed for customer 307: HTTPSConnectionPool(host='api.conserv.io', port=443): Max retries exceeded with url: /v1/sensors/export (Caused by SSLError(CertificateError("hostname 'api.conserv.io' doesn't match '*.execute-api.us-east-1.amazonaws.com'")))
2025-06-17 15:21:11,438 - EnvironmentData - INFO - No data available for customer 307
2025-06-17 15:21:11,439 - EnvironmentData - INFO - Fetching data for customer 2671
2025-06-17 15:21:11,440 - EnvironmentData - INFO - Exporting chunk for customer 2671: 2025-06-16 12:21:08+00:00 to 2025-06-17 12:21:08+00:00
2025-06-17 15:21:11,440 - EnvironmentData - INFO - Starting export for customer 2671: 2025-06-16 12:21:08+00:00 to 2025-06-17 12:21:08+00:00
2025-06-17 15:21:11,441 - EnvironmentData - INFO - Conserv API POST https://api.conserv.io/v1/sensors/export headers={'x-api-key': 'XXXX', 'Content-Type': 'application/json'}
2025-06-17 15:21:11,734 - urllib3.connection - WARNING - Certificate did not match expected hostname: api.conserv.io. Certificate: {'subject': ((('commonName', '*.execute-api.us-east-1.amazonaws.com'),),), 'issuer': ((('countryName', 'US'),), (('organizationName', 'Amazon'),), (('commonName', 'Amazon RSA 2048 M03'),)), 'version': 3, 'serialNumber': '03CC5A98E4786D36F24CA5E1158E1EA3', 'notBefore': 'Mar 22 00:00:00 2025 GMT', 'notAfter': 'Apr 19 23:59:59 2026 GMT', 'subjectAltName': (('DNS', '*.execute-api.us-east-1.amazonaws.com'),), 'OCSP': ('http://ocsp.r2m03.amazontrust.com',), 'caIssuers': ('http://crt.r2m03.amazontrust.com/r2m03.cer',), 'crlDistributionPoints': ('http://crl.r2m03.amazontrust.com/r2m03.crl',)}
2025-06-17 15:21:11,735 - EnvironmentData - ERROR - Conserv API request failed: HTTPSConnectionPool(host='api.conserv.io', port=443): Max retries exceeded with url: /v1/sensors/export (Caused by SSLError(CertificateError("hostname 'api.conserv.io' doesn't match '*.execute-api.us-east-1.amazonaws.com'")))
2025-06-17 15:21:11,736 - EnvironmentData - ERROR - Export failed for customer 2671: HTTPSConnectionPool(host='api.conserv.io', port=443): Max retries exceeded with url: /v1/sensors/export (Caused by SSLError(CertificateError("hostname 'api.conserv.io' doesn't match '*.execute-api.us-east-1.amazonaws.com'")))
2025-06-17 15:21:11,739 - EnvironmentData - INFO - No data available for customer 2671
2025-06-17 15:21:11,739 - EnvironmentData - INFO - Fetching data for customer 1696
2025-06-17 15:21:11,740 - EnvironmentData - INFO - Exporting chunk for customer 1696: 2025-06-16 12:21:08+00:00 to 2025-06-17 12:21:08+00:00
2025-06-17 15:21:11,740 - EnvironmentData - INFO - Starting export for customer 1696: 2025-06-16 12:21:08+00:00 to 2025-06-17 12:21:08+00:00
2025-06-17 15:21:11,740 - EnvironmentData - INFO - Conserv API POST https://api.conserv.io/v1/sensors/export headers={'x-api-key': 'XXXX', 'Content-Type': 'application/json'}
2025-06-17 15:21:12,049 - urllib3.connection - WARNING - Certificate did not match expected hostname: api.conserv.io. Certificate: {'subject': ((('commonName', '*.execute-api.us-east-1.amazonaws.com'),),), 'issuer': ((('countryName', 'US'),), (('organizationName', 'Amazon'),), (('commonName', 'Amazon RSA 2048 M03'),)), 'version': 3, 'serialNumber': '03CC5A98E4786D36F24CA5E1158E1EA3', 'notBefore': 'Mar 22 00:00:00 2025 GMT', 'notAfter': 'Apr 19 23:59:59 2026 GMT', 'subjectAltName': (('DNS', '*.execute-api.us-east-1.amazonaws.com'),), 'OCSP': ('http://ocsp.r2m03.amazontrust.com',), 'caIssuers': ('http://crt.r2m03.amazontrust.com/r2m03.cer',), 'crlDistributionPoints': ('http://crl.r2m03.amazontrust.com/r2m03.crl',)}
2025-06-17 15:21:12,053 - EnvironmentData - ERROR - Conserv API request failed: HTTPSConnectionPool(host='api.conserv.io', port=443): Max retries exceeded with url: /v1/sensors/export (Caused by SSLError(CertificateError("hostname 'api.conserv.io' doesn't match '*.execute-api.us-east-1.amazonaws.com'")))
2025-06-17 15:21:12,054 - EnvironmentData - ERROR - Export failed for customer 1696: HTTPSConnectionPool(host='api.conserv.io', port=443): Max retries exceeded with url: /v1/sensors/export (Caused by SSLError(CertificateError("hostname 'api.conserv.io' doesn't match '*.execute-api.us-east-1.amazonaws.com'")))
2025-06-17 15:21:12,055 - EnvironmentData - INFO - No data available for customer 1696
2025-06-17 15:21:12,057 - EnvironmentData - WARNING - No data retrieved from any customer
2025-06-17 15:21:12,057 - EnvironmentData - INFO - No current Conserv data available
2025-06-17 15:21:12,057 - EnvironmentData - INFO - Current readings: 143 Coris only
2025-06-17 15:21:12,067 - ingest_all_sources - INFO - Current readings completed successfully
2025-06-17 15:21:12,067 - ingest_all_sources - INFO - Consolidating readings...
2025-06-17 15:21:12,068 - EnvironmentData - INFO - consolidate_readings
2025-06-17 15:21:12,097 - EnvironmentData - INFO - 143 new readings.
2025-06-17 15:21:12,153 - EnvironmentData - INFO - consolidate_readings validation: correct column data types.
2025-06-17 15:21:12,154 - EnvironmentData - INFO - consolidate_readings validation: at least one non-null value in readings.
2025-06-17 15:21:12,155 - EnvironmentData - INFO - consolidate_readings validation: no duplicated SensorReadingUTC per SensorID_Coris.
2025-06-17 15:21:12,157 - EnvironmentData - INFO - consolidate_readings validation: one SensorName per SensorID_Coris.
2025-06-17 15:21:12,158 - EnvironmentData - INFO - consolidate_readings validation: all SensorID_Coris in historical data (no dropped SensorID).
2025-06-17 15:21:12,536 - EnvironmentData - INFO - 143 total readings.
2025-06-17 15:21:12,545 - EnvironmentData-Errors - ERROR - Validation errors: 
5 missing values in [SensorReadingRh].
2025-06-17 15:21:12,545 - EnvironmentData - ERROR - Validation errors: 
5 missing values in [SensorReadingRh].
2025-06-17 15:21:12,570 - ingest_all_sources - ERROR - ============================================================
2025-06-17 15:21:12,571 - ingest_all_sources - ERROR - CRITICAL ERROR IN DATA INGESTION
2025-06-17 15:21:12,571 - ingest_all_sources - ERROR - Error: Unexpected SensorName format: Cryo tank 1 on ETS 01AB4F (P3).
2025-06-17 15:21:12,572 - ingest_all_sources - ERROR - Traceback:
2025-06-17 15:21:12,573 - ingest_all_sources - ERROR - Traceback (most recent call last):
  File "X:\Coding Junk\Work\Upwork\Anthony Arbaiza - Existing Code modification\environmental-sensor-poc\ingest_all_sources.py", line 108, in main
    env_data.consolidate_readings()
  File "X:\Coding Junk\Work\Upwork\Anthony Arbaiza - Existing Code modification\environmental-sensor-poc\EnvironmentData.py", line 635, in consolidate_readings
    self.update_lookups()
  File "X:\Coding Junk\Work\Upwork\Anthony Arbaiza - Existing Code modification\environmental-sensor-poc\EnvironmentData.py", line 1012, in update_lookups
    raise Exception(f'Unexpected SensorName format: {sensorname}.')
Exception: Unexpected SensorName format: Cryo tank 1 on ETS 01AB4F (P3).

2025-06-17 15:21:12,574 - ingest_all_sources - ERROR - ============================================================
